#-----------------------------------------------------------
# Vivado v2018.3 (64-bit)
# SW Build 2405991 on Thu Dec  6 23:38:27 MST 2018
# IP Build 2404404 on Fri Dec  7 01:43:56 MST 2018
# Start of session at: Mon Dec  1 13:11:53 2025
# Process ID: 30860
# Current directory: C:/Users/SZHerio/Desktop/APS/07.Datapath
# Command line: vivado.exe -gui_launcher_event rodinguilauncherevent26184 C:\Users\SZHerio\Desktop\APS\07.Datapath\07.Datapath.xpr
# Log file: C:/Users/SZHerio/Desktop/APS/07.Datapath/vivado.log
# Journal file: C:/Users/SZHerio/Desktop/APS/07.Datapath\vivado.jou
#-----------------------------------------------------------
start_gui
open_project C:/Users/SZHerio/Desktop/APS/07.Datapath/07.Datapath.xpr
Scanning sources...
Finished scanning sources
INFO: [IP_Flow 19-234] Refreshing IP repositories
INFO: [IP_Flow 19-1704] No user IP repositories specified
INFO: [IP_Flow 19-2313] Loaded Vivado IP repository 'C:/Xilinx/Vivado/2018.3/data/ip'.
update_compile_order -fileset sources_1
launch_simulation
INFO: [Vivado 12-5682] Launching behavioral simulation in 'C:/Users/SZHerio/Desktop/APS/07.Datapath/07.Datapath.sim/sim_1/behav/xsim'
INFO: [SIM-utils-51] Simulation object is 'sim_1'
INFO: [SIM-utils-54] Inspecting design source files for 'lab_07_tb_processor_system' in fileset 'sim_1'...
INFO: [SIM-utils-43] Exported 'C:/Users/SZHerio/Desktop/APS/07.Datapath/07.Datapath.sim/sim_1/behav/xsim/program.mem'
INFO: [USF-XSim-97] Finding global include files...
INFO: [USF-XSim-98] Fetching design files from 'sim_1'...
INFO: [USF-XSim-2] XSim::Compile design
INFO: [USF-XSim-61] Executing 'COMPILE and ANALYZE' step in 'C:/Users/SZHerio/Desktop/APS/07.Datapath/07.Datapath.sim/sim_1/behav/xsim'
"xvlog --incr --relax -prj lab_07_tb_processor_system_vlog.prj"
INFO: [USF-XSim-69] 'compile' step finished in '1' seconds
INFO: [USF-XSim-3] XSim::Elaborate design
INFO: [USF-XSim-61] Executing 'ELABORATE' step in 'C:/Users/SZHerio/Desktop/APS/07.Datapath/07.Datapath.sim/sim_1/behav/xsim'
Vivado Simulator 2018.3
Copyright 1986-1999, 2001-2018 Xilinx, Inc. All Rights Reserved.
Running: C:/Xilinx/Vivado/2018.3/bin/unwrapped/win64.o/xelab.exe -wto 1d161b33779746349bd96a3df4f2dc5c --incr --debug typical --relax --mt 2 -L xil_defaultlib -L unisims_ver -L unimacro_ver -L secureip --snapshot lab_07_tb_processor_system_behav xil_defaultlib.lab_07_tb_processor_system xil_defaultlib.glbl -log elaborate.log 
Using 2 slave threads.
Starting static elaboration
Completed static elaboration
WARNING: [XSIM 43-4455] File "C:/Users/SZHerio/Desktop/APS/07.Datapath/07.Datapath.srcs/sources_1/new/lab_07.tb_processor_system.sv" Line 36 : Unsupported feature in assertion/property/sequence 'past'. It will be ignored.
WARNING: [XSIM 43-4127] File "C:/Users/SZHerio/Desktop/APS/07.Datapath/07.Datapath.srcs/sources_1/new/lab_07.tb_processor_system.sv" Line 36 : The "System Verilog Assertion" is not supported yet for simulation. The statement will be ignored.
WARNING: [XSIM 43-4127] File "C:/Users/SZHerio/Desktop/APS/07.Datapath/07.Datapath.srcs/sources_1/new/lab_07.tb_processor_system.sv" Line 41 : The "System Verilog Assertion" is not supported yet for simulation. The statement will be ignored.
INFO: [XSIM 43-4323] No Change in HDL. Linking previously generated obj files to create kernel
INFO: [USF-XSim-69] 'elaborate' step finished in '1' seconds
INFO: [USF-XSim-4] XSim::Simulate design
INFO: [USF-XSim-61] Executing 'SIMULATE' step in 'C:/Users/SZHerio/Desktop/APS/07.Datapath/07.Datapath.sim/sim_1/behav/xsim'
INFO: [USF-XSim-98] *** Running xsim
   with args "lab_07_tb_processor_system_behav -key {Behavioral:sim_1:Functional:lab_07_tb_processor_system} -tclbatch {lab_07_tb_processor_system.tcl} -view {C:/Users/SZHerio/Desktop/APS/07.Datapath/lab_07_tb_processor_system_behav.wcfg} -log {simulate.log}"
INFO: [USF-XSim-8] Loading simulator feature
Vivado Simulator 2018.3
Time resolution is 1 ps
open_wave_config C:/Users/SZHerio/Desktop/APS/07.Datapath/lab_07_tb_processor_system_behav.wcfg
source lab_07_tb_processor_system.tcl
# set curr_wave [current_wave_config]
# if { [string length $curr_wave] == 0 } {
#   if { [llength [get_objects]] > 0} {
#     add_wave /
#     set_property needs_save false [current_wave_config]
#   } else {
#      send_msg_id Add_Wave-1 WARNING "No top level signals found. Simulator will start without a wave window. If you want to open a wave window go to 'File->New Waveform Configuration' or type 'create_wave_config' in the TCL console."
#   }
# }
# run 1000ns

Test has been started.

 The test is over 
 See the internal signals of the module on the waveform 

$finish called at time : 840 ns : File "C:/Users/SZHerio/Desktop/APS/07.Datapath/07.Datapath.srcs/sources_1/new/lab_07.tb_processor_system.sv" Line 30
INFO: [USF-XSim-96] XSim completed. Design snapshot 'lab_07_tb_processor_system_behav' loaded.
INFO: [USF-XSim-97] XSim simulation ran for 1000ns
launch_simulation: Time (s): cpu = 00:00:08 ; elapsed = 00:00:05 . Memory (MB): peak = 865.512 ; gain = 35.852
close_sim
INFO: [Simtcl 6-16] Simulation closed
exit
INFO: [Common 17-206] Exiting Vivado at Mon Dec  1 17:33:29 2025...
