
*** Running vivado
    with args -log nexys_processor_system.vds -m64 -product Vivado -mode batch -messageDb vivado.pb -notrace -source nexys_processor_system.tcl


****** Vivado v2018.3 (64-bit)
  **** SW Build 2405991 on Thu Dec  6 23:38:27 MST 2018
  **** IP Build 2404404 on Fri Dec  7 01:43:56 MST 2018
    ** Copyright 1986-2018 Xilinx, Inc. All Rights Reserved.

source nexys_processor_system.tcl -notrace
Command: synth_design -top nexys_processor_system -part xc7a100ticsg324-1L
Starting synth_design
Attempting to get a license for feature 'Synthesis' and/or device 'xc7a100ti'
INFO: [Common 17-349] Got license for feature 'Synthesis' and/or device 'xc7a100ti'
INFO: Launching helper process for spawning children vivado processes
INFO: Helper process launched with PID 16792 
---------------------------------------------------------------------------------
Starting Synthesize : Time (s): cpu = 00:00:01 ; elapsed = 00:00:02 . Memory (MB): peak = 431.746 ; gain = 98.863
---------------------------------------------------------------------------------
INFO: [Synth 8-6157] synthesizing module 'nexys_processor_system' [C:/Users/SZHerio/Desktop/APS/09.LSU_Integration/09.LSU_Integration.srcs/sources_1/new/nexys_riscv_unit.sv:67]
INFO: [Synth 8-6157] synthesizing module 'sync' [C:/Users/SZHerio/Desktop/APS/09.LSU_Integration/09.LSU_Integration.srcs/sources_1/new/nexys_riscv_unit.sv:317]
	Parameter SYNC_STAGES bound to: 32'b00000000000000000000000000000011 
INFO: [Synth 8-6155] done synthesizing module 'sync' (1#1) [C:/Users/SZHerio/Desktop/APS/09.LSU_Integration/09.LSU_Integration.srcs/sources_1/new/nexys_riscv_unit.sv:317]
INFO: [Synth 8-6157] synthesizing module 'debounce' [C:/Users/SZHerio/Desktop/APS/09.LSU_Integration/09.LSU_Integration.srcs/sources_1/new/nexys_riscv_unit.sv:291]
	Parameter MAX_COUNT bound to: 32'b00000000000000000010011100010000 
	Parameter COUNTER_WIDTH bound to: 32'sb00000000000000000000000000001110 
INFO: [Synth 8-6155] done synthesizing module 'debounce' (2#1) [C:/Users/SZHerio/Desktop/APS/09.LSU_Integration/09.LSU_Integration.srcs/sources_1/new/nexys_riscv_unit.sv:291]
INFO: [Synth 8-6157] synthesizing module 'BUFG' [C:/Xilinx/Vivado/2018.3/scripts/rt/data/unisim_comp.v:609]
INFO: [Synth 8-6155] done synthesizing module 'BUFG' (3#1) [C:/Xilinx/Vivado/2018.3/scripts/rt/data/unisim_comp.v:609]
WARNING: [Synth 8-4446] all outputs are unconnected for this instance and logic may be removed [C:/Users/SZHerio/Desktop/APS/09.LSU_Integration/09.LSU_Integration.srcs/sources_1/new/nexys_riscv_unit.sv:101]
INFO: [Synth 8-6157] synthesizing module 'processor_system' [C:/Users/SZHerio/Desktop/APS/09.LSU_Integration/09.LSU_Integration.srcs/sources_1/new/processor_system.sv:3]
INFO: [Synth 8-6157] synthesizing module 'instr_mem' [C:/Users/SZHerio/Desktop/APS/09.LSU_Integration/09.LSU_Integration.srcs/sources_1/new/instr_mem.sv:3]
INFO: [Synth 8-3876] $readmem data file 'program.mem' is read successfully [C:/Users/SZHerio/Desktop/APS/09.LSU_Integration/09.LSU_Integration.srcs/sources_1/new/instr_mem.sv:13]
INFO: [Synth 8-6155] done synthesizing module 'instr_mem' (4#1) [C:/Users/SZHerio/Desktop/APS/09.LSU_Integration/09.LSU_Integration.srcs/sources_1/new/instr_mem.sv:3]
INFO: [Synth 8-6157] synthesizing module 'processor_core' [C:/Users/SZHerio/Desktop/APS/09.LSU_Integration/09.LSU_Integration.srcs/sources_1/new/processor_core.sv:3]
INFO: [Synth 8-6157] synthesizing module 'decoder' [C:/Users/SZHerio/Desktop/APS/09.LSU_Integration/09.LSU_Integration.srcs/sources_1/new/decoder.sv:3]
INFO: [Synth 8-6155] done synthesizing module 'decoder' (5#1) [C:/Users/SZHerio/Desktop/APS/09.LSU_Integration/09.LSU_Integration.srcs/sources_1/new/decoder.sv:3]
INFO: [Synth 8-6157] synthesizing module 'register_file' [C:/Users/SZHerio/Desktop/APS/09.LSU_Integration/09.LSU_Integration.srcs/sources_1/new/register_file.sv:3]
INFO: [Synth 8-6155] done synthesizing module 'register_file' (6#1) [C:/Users/SZHerio/Desktop/APS/09.LSU_Integration/09.LSU_Integration.srcs/sources_1/new/register_file.sv:3]
INFO: [Synth 8-6157] synthesizing module 'alu' [C:/Users/SZHerio/Desktop/APS/09.LSU_Integration/09.LSU_Integration.srcs/sources_1/new/ALU.sv:3]
INFO: [Synth 8-6157] synthesizing module 'fulladder32' [C:/Users/SZHerio/Desktop/APS/09.LSU_Integration/09.LSU_Integration.srcs/sources_1/new/fulladder32.sv:3]
INFO: [Synth 8-6157] synthesizing module 'fulladder4' [C:/Users/SZHerio/Desktop/APS/09.LSU_Integration/09.LSU_Integration.srcs/sources_1/new/fulladder4.sv:3]
INFO: [Synth 8-6157] synthesizing module 'fulladder1' [C:/Users/SZHerio/Desktop/APS/09.LSU_Integration/09.LSU_Integration.srcs/sources_1/new/fulladder1.sv:3]
INFO: [Synth 8-6155] done synthesizing module 'fulladder1' (7#1) [C:/Users/SZHerio/Desktop/APS/09.LSU_Integration/09.LSU_Integration.srcs/sources_1/new/fulladder1.sv:3]
INFO: [Synth 8-6155] done synthesizing module 'fulladder4' (8#1) [C:/Users/SZHerio/Desktop/APS/09.LSU_Integration/09.LSU_Integration.srcs/sources_1/new/fulladder4.sv:3]
INFO: [Synth 8-6155] done synthesizing module 'fulladder32' (9#1) [C:/Users/SZHerio/Desktop/APS/09.LSU_Integration/09.LSU_Integration.srcs/sources_1/new/fulladder32.sv:3]
INFO: [Synth 8-6155] done synthesizing module 'alu' (10#1) [C:/Users/SZHerio/Desktop/APS/09.LSU_Integration/09.LSU_Integration.srcs/sources_1/new/ALU.sv:3]
CRITICAL WARNING: [Synth 8-5972] variable 'flag_res' cannot be written by both continuous and procedural assignments [C:/Users/SZHerio/Desktop/APS/09.LSU_Integration/09.LSU_Integration.srcs/sources_1/new/processor_core.sv:115]
INFO: [Synth 8-6155] done synthesizing module 'processor_core' (11#1) [C:/Users/SZHerio/Desktop/APS/09.LSU_Integration/09.LSU_Integration.srcs/sources_1/new/processor_core.sv:3]
INFO: [Synth 8-6157] synthesizing module 'lsu' [C:/Users/SZHerio/Desktop/APS/09.LSU_Integration/09.LSU_Integration.srcs/sources_1/new/lsu.sv:3]
INFO: [Synth 8-155] case statement is not full and has no default [C:/Users/SZHerio/Desktop/APS/09.LSU_Integration/09.LSU_Integration.srcs/sources_1/new/lsu.sv:32]
INFO: [Synth 8-155] case statement is not full and has no default [C:/Users/SZHerio/Desktop/APS/09.LSU_Integration/09.LSU_Integration.srcs/sources_1/new/lsu.sv:49]
WARNING: [Synth 8-87] always_comb on 'mem_be_o_reg' did not result in combinational logic [C:/Users/SZHerio/Desktop/APS/09.LSU_Integration/09.LSU_Integration.srcs/sources_1/new/lsu.sv:33]
WARNING: [Synth 8-87] always_comb on 'core_rd_o_reg' did not result in combinational logic [C:/Users/SZHerio/Desktop/APS/09.LSU_Integration/09.LSU_Integration.srcs/sources_1/new/lsu.sv:50]
INFO: [Synth 8-6155] done synthesizing module 'lsu' (12#1) [C:/Users/SZHerio/Desktop/APS/09.LSU_Integration/09.LSU_Integration.srcs/sources_1/new/lsu.sv:3]
INFO: [Synth 8-6157] synthesizing module 'data_mem' [C:/Users/SZHerio/Desktop/APS/09.LSU_Integration/09.LSU_Integration.srcs/sources_1/new/data_mem.sv:12]
INFO: [Synth 8-155] case statement is not full and has no default [C:/Users/SZHerio/Desktop/APS/09.LSU_Integration/09.LSU_Integration.srcs/sources_1/new/data_mem.sv:34]
INFO: [Synth 8-6155] done synthesizing module 'data_mem' (13#1) [C:/Users/SZHerio/Desktop/APS/09.LSU_Integration/09.LSU_Integration.srcs/sources_1/new/data_mem.sv:12]
INFO: [Synth 8-6155] done synthesizing module 'processor_system' (14#1) [C:/Users/SZHerio/Desktop/APS/09.LSU_Integration/09.LSU_Integration.srcs/sources_1/new/processor_system.sv:3]
INFO: [Synth 8-6157] synthesizing module 'semseg_one2many' [C:/Users/SZHerio/Desktop/APS/09.LSU_Integration/09.LSU_Integration.srcs/sources_1/new/nexys_riscv_unit.sv:239]
	Parameter SEMSEGS_NUM bound to: 32'b00000000000000000000000000001000 
	Parameter COUNTER_WIDTH bound to: 32'sb00000000000000000000000000001010 
INFO: [Synth 8-294] found qualifier unique on case statement: implementing as parallel_case [C:/Users/SZHerio/Desktop/APS/09.LSU_Integration/09.LSU_Integration.srcs/sources_1/new/nexys_riscv_unit.sv:273]
INFO: [Synth 8-6155] done synthesizing module 'semseg_one2many' (15#1) [C:/Users/SZHerio/Desktop/APS/09.LSU_Integration/09.LSU_Integration.srcs/sources_1/new/nexys_riscv_unit.sv:239]
INFO: [Synth 8-6157] synthesizing module 'char2semseg' [C:/Users/SZHerio/Desktop/APS/09.LSU_Integration/09.LSU_Integration.srcs/sources_1/new/nexys_riscv_unit.sv:180]
	Parameter HEX_ONLY bound to: 1'b0 
	Parameter BLANK bound to: 7'b1111111 
INFO: [Synth 8-6155] done synthesizing module 'char2semseg' (16#1) [C:/Users/SZHerio/Desktop/APS/09.LSU_Integration/09.LSU_Integration.srcs/sources_1/new/nexys_riscv_unit.sv:180]
INFO: [Synth 8-6155] done synthesizing module 'nexys_processor_system' (17#1) [C:/Users/SZHerio/Desktop/APS/09.LSU_Integration/09.LSU_Integration.srcs/sources_1/new/nexys_riscv_unit.sv:67]
WARNING: [Synth 8-3331] design data_mem has unconnected port addr_i[31]
WARNING: [Synth 8-3331] design data_mem has unconnected port addr_i[30]
WARNING: [Synth 8-3331] design data_mem has unconnected port addr_i[29]
WARNING: [Synth 8-3331] design data_mem has unconnected port addr_i[28]
WARNING: [Synth 8-3331] design data_mem has unconnected port addr_i[27]
WARNING: [Synth 8-3331] design data_mem has unconnected port addr_i[26]
WARNING: [Synth 8-3331] design data_mem has unconnected port addr_i[25]
WARNING: [Synth 8-3331] design data_mem has unconnected port addr_i[24]
WARNING: [Synth 8-3331] design data_mem has unconnected port addr_i[23]
WARNING: [Synth 8-3331] design data_mem has unconnected port addr_i[22]
WARNING: [Synth 8-3331] design data_mem has unconnected port addr_i[21]
WARNING: [Synth 8-3331] design data_mem has unconnected port addr_i[20]
WARNING: [Synth 8-3331] design data_mem has unconnected port addr_i[19]
WARNING: [Synth 8-3331] design data_mem has unconnected port addr_i[18]
WARNING: [Synth 8-3331] design data_mem has unconnected port addr_i[17]
WARNING: [Synth 8-3331] design data_mem has unconnected port addr_i[16]
WARNING: [Synth 8-3331] design data_mem has unconnected port addr_i[15]
WARNING: [Synth 8-3331] design data_mem has unconnected port addr_i[14]
WARNING: [Synth 8-3331] design data_mem has unconnected port addr_i[13]
WARNING: [Synth 8-3331] design data_mem has unconnected port addr_i[12]
WARNING: [Synth 8-3331] design data_mem has unconnected port addr_i[11]
WARNING: [Synth 8-3331] design data_mem has unconnected port addr_i[10]
WARNING: [Synth 8-3331] design data_mem has unconnected port addr_i[9]
WARNING: [Synth 8-3331] design data_mem has unconnected port addr_i[1]
WARNING: [Synth 8-3331] design data_mem has unconnected port addr_i[0]
WARNING: [Synth 8-3331] design decoder has unconnected port fetched_instr_i[19]
WARNING: [Synth 8-3331] design decoder has unconnected port fetched_instr_i[18]
WARNING: [Synth 8-3331] design decoder has unconnected port fetched_instr_i[17]
WARNING: [Synth 8-3331] design decoder has unconnected port fetched_instr_i[16]
WARNING: [Synth 8-3331] design decoder has unconnected port fetched_instr_i[15]
WARNING: [Synth 8-3331] design decoder has unconnected port fetched_instr_i[11]
WARNING: [Synth 8-3331] design decoder has unconnected port fetched_instr_i[10]
WARNING: [Synth 8-3331] design decoder has unconnected port fetched_instr_i[9]
WARNING: [Synth 8-3331] design decoder has unconnected port fetched_instr_i[8]
WARNING: [Synth 8-3331] design decoder has unconnected port fetched_instr_i[7]
WARNING: [Synth 8-3331] design instr_mem has unconnected port read_addr_i[31]
WARNING: [Synth 8-3331] design instr_mem has unconnected port read_addr_i[30]
WARNING: [Synth 8-3331] design instr_mem has unconnected port read_addr_i[29]
WARNING: [Synth 8-3331] design instr_mem has unconnected port read_addr_i[28]
WARNING: [Synth 8-3331] design instr_mem has unconnected port read_addr_i[27]
WARNING: [Synth 8-3331] design instr_mem has unconnected port read_addr_i[26]
WARNING: [Synth 8-3331] design instr_mem has unconnected port read_addr_i[25]
WARNING: [Synth 8-3331] design instr_mem has unconnected port read_addr_i[24]
WARNING: [Synth 8-3331] design instr_mem has unconnected port read_addr_i[23]
WARNING: [Synth 8-3331] design instr_mem has unconnected port read_addr_i[22]
WARNING: [Synth 8-3331] design instr_mem has unconnected port read_addr_i[21]
WARNING: [Synth 8-3331] design instr_mem has unconnected port read_addr_i[20]
WARNING: [Synth 8-3331] design instr_mem has unconnected port read_addr_i[19]
WARNING: [Synth 8-3331] design instr_mem has unconnected port read_addr_i[18]
WARNING: [Synth 8-3331] design instr_mem has unconnected port read_addr_i[17]
WARNING: [Synth 8-3331] design instr_mem has unconnected port read_addr_i[16]
WARNING: [Synth 8-3331] design instr_mem has unconnected port read_addr_i[15]
WARNING: [Synth 8-3331] design instr_mem has unconnected port read_addr_i[14]
WARNING: [Synth 8-3331] design instr_mem has unconnected port read_addr_i[13]
WARNING: [Synth 8-3331] design instr_mem has unconnected port read_addr_i[12]
WARNING: [Synth 8-3331] design instr_mem has unconnected port read_addr_i[11]
WARNING: [Synth 8-3331] design instr_mem has unconnected port read_addr_i[10]
WARNING: [Synth 8-3331] design instr_mem has unconnected port read_addr_i[1]
WARNING: [Synth 8-3331] design instr_mem has unconnected port read_addr_i[0]
---------------------------------------------------------------------------------
Finished Synthesize : Time (s): cpu = 00:00:04 ; elapsed = 00:00:04 . Memory (MB): peak = 548.828 ; gain = 215.945
---------------------------------------------------------------------------------
---------------------------------------------------------------------------------
Finished Constraint Validation : Time (s): cpu = 00:00:04 ; elapsed = 00:00:05 . Memory (MB): peak = 548.828 ; gain = 215.945
---------------------------------------------------------------------------------
---------------------------------------------------------------------------------
Start Loading Part and Timing Information
---------------------------------------------------------------------------------
Loading part: xc7a100ticsg324-1L
---------------------------------------------------------------------------------
INFO: [Device 21-403] Loading part xc7a100ticsg324-1L
Finished Loading Part and Timing Information : Time (s): cpu = 00:00:04 ; elapsed = 00:00:05 . Memory (MB): peak = 548.828 ; gain = 215.945
---------------------------------------------------------------------------------
INFO: [Synth 8-5546] ROM "ROM" won't be mapped to RAM because it is too sparse
INFO: [Synth 8-5544] ROM "a_sel_o" won't be mapped to Block RAM because address size (3) smaller than threshold (5)
INFO: [Synth 8-5544] ROM "b_sel_o" won't be mapped to Block RAM because address size (3) smaller than threshold (5)
INFO: [Synth 8-5546] ROM "alu_op_o" won't be mapped to RAM because it is too sparse
INFO: [Synth 8-5546] ROM "alu_op_o" won't be mapped to RAM because it is too sparse
INFO: [Synth 8-5546] ROM "alu_op_o" won't be mapped to RAM because it is too sparse
INFO: [Synth 8-5546] ROM "alu_op_o" won't be mapped to RAM because it is too sparse
INFO: [Synth 8-5546] ROM "alu_op_o" won't be mapped to RAM because it is too sparse
INFO: [Synth 8-5546] ROM "alu_op_o" won't be mapped to RAM because it is too sparse
INFO: [Synth 8-5546] ROM "alu_op_o" won't be mapped to RAM because it is too sparse
INFO: [Synth 8-5546] ROM "alu_op_o" won't be mapped to RAM because it is too sparse
INFO: [Synth 8-5546] ROM "mem_req_o" won't be mapped to RAM because it is too sparse
INFO: [Synth 8-5546] ROM "mem_we_o" won't be mapped to RAM because it is too sparse
INFO: [Synth 8-5544] ROM "mem_size_o" won't be mapped to Block RAM because address size (3) smaller than threshold (5)
INFO: [Synth 8-5546] ROM "wb_sel_o" won't be mapped to RAM because it is too sparse
INFO: [Synth 8-5546] ROM "branch_o" won't be mapped to RAM because it is too sparse
INFO: [Synth 8-5546] ROM "jal_o" won't be mapped to RAM because it is too sparse
INFO: [Synth 8-5546] ROM "mret_o" won't be mapped to RAM because it is too sparse
INFO: [Synth 8-5544] ROM "mem_be_o" won't be mapped to Block RAM because address size (3) smaller than threshold (5)
INFO: [Synth 8-5546] ROM "ram_reg[0]" won't be mapped to RAM because it is too sparse
INFO: [Synth 8-5546] ROM "ram_reg[1]" won't be mapped to RAM because it is too sparse
INFO: [Synth 8-5546] ROM "ram_reg[2]" won't be mapped to RAM because it is too sparse
INFO: [Synth 8-5546] ROM "ram_reg[3]" won't be mapped to RAM because it is too sparse
INFO: [Synth 8-5546] ROM "ram_reg[4]" won't be mapped to RAM because it is too sparse
INFO: [Synth 8-5546] ROM "ram_reg[5]" won't be mapped to RAM because it is too sparse
INFO: [Synth 8-5546] ROM "ram_reg[6]" won't be mapped to RAM because it is too sparse
INFO: [Synth 8-5546] ROM "ram_reg[7]" won't be mapped to RAM because it is too sparse
INFO: [Synth 8-5546] ROM "ram_reg[8]" won't be mapped to RAM because it is too sparse
INFO: [Synth 8-5546] ROM "ram_reg[9]" won't be mapped to RAM because it is too sparse
INFO: [Synth 8-5546] ROM "ram_reg[10]" won't be mapped to RAM because it is too sparse
INFO: [Synth 8-5546] ROM "ram_reg[11]" won't be mapped to RAM because it is too sparse
INFO: [Synth 8-5546] ROM "ram_reg[12]" won't be mapped to RAM because it is too sparse
INFO: [Synth 8-5546] ROM "ram_reg[13]" won't be mapped to RAM because it is too sparse
INFO: [Synth 8-5546] ROM "ram_reg[14]" won't be mapped to RAM because it is too sparse
INFO: [Synth 8-5546] ROM "ram_reg[15]" won't be mapped to RAM because it is too sparse
INFO: [Synth 8-5546] ROM "ram_reg[16]" won't be mapped to RAM because it is too sparse
INFO: [Synth 8-5546] ROM "ram_reg[17]" won't be mapped to RAM because it is too sparse
INFO: [Synth 8-5546] ROM "ram_reg[18]" won't be mapped to RAM because it is too sparse
INFO: [Synth 8-5546] ROM "ram_reg[19]" won't be mapped to RAM because it is too sparse
INFO: [Synth 8-5546] ROM "ram_reg[20]" won't be mapped to RAM because it is too sparse
INFO: [Synth 8-5546] ROM "ram_reg[21]" won't be mapped to RAM because it is too sparse
INFO: [Synth 8-5546] ROM "ram_reg[22]" won't be mapped to RAM because it is too sparse
INFO: [Synth 8-5546] ROM "ram_reg[23]" won't be mapped to RAM because it is too sparse
INFO: [Synth 8-5546] ROM "ram_reg[24]" won't be mapped to RAM because it is too sparse
INFO: [Synth 8-5546] ROM "ram_reg[25]" won't be mapped to RAM because it is too sparse
INFO: [Synth 8-5546] ROM "ram_reg[26]" won't be mapped to RAM because it is too sparse
INFO: [Synth 8-5546] ROM "ram_reg[27]" won't be mapped to RAM because it is too sparse
INFO: [Synth 8-5546] ROM "ram_reg[28]" won't be mapped to RAM because it is too sparse
INFO: [Synth 8-5546] ROM "ram_reg[29]" won't be mapped to RAM because it is too sparse
INFO: [Synth 8-5546] ROM "ram_reg[30]" won't be mapped to RAM because it is too sparse
INFO: [Synth 8-5546] ROM "ram_reg[31]" won't be mapped to RAM because it is too sparse
INFO: [Synth 8-5546] ROM "ram_reg[32]" won't be mapped to RAM because it is too sparse
INFO: [Synth 8-5546] ROM "ram_reg[33]" won't be mapped to RAM because it is too sparse
INFO: [Synth 8-5546] ROM "ram_reg[34]" won't be mapped to RAM because it is too sparse
INFO: [Synth 8-5546] ROM "ram_reg[35]" won't be mapped to RAM because it is too sparse
INFO: [Synth 8-5546] ROM "ram_reg[36]" won't be mapped to RAM because it is too sparse
INFO: [Synth 8-5546] ROM "ram_reg[37]" won't be mapped to RAM because it is too sparse
INFO: [Synth 8-5546] ROM "ram_reg[38]" won't be mapped to RAM because it is too sparse
INFO: [Synth 8-5546] ROM "ram_reg[39]" won't be mapped to RAM because it is too sparse
INFO: [Synth 8-5546] ROM "ram_reg[40]" won't be mapped to RAM because it is too sparse
INFO: [Synth 8-5546] ROM "ram_reg[41]" won't be mapped to RAM because it is too sparse
INFO: [Synth 8-5546] ROM "ram_reg[42]" won't be mapped to RAM because it is too sparse
INFO: [Synth 8-5546] ROM "ram_reg[43]" won't be mapped to RAM because it is too sparse
INFO: [Synth 8-5546] ROM "ram_reg[44]" won't be mapped to RAM because it is too sparse
INFO: [Synth 8-5546] ROM "ram_reg[45]" won't be mapped to RAM because it is too sparse
INFO: [Synth 8-5546] ROM "ram_reg[46]" won't be mapped to RAM because it is too sparse
INFO: [Synth 8-5546] ROM "ram_reg[47]" won't be mapped to RAM because it is too sparse
INFO: [Synth 8-5546] ROM "ram_reg[48]" won't be mapped to RAM because it is too sparse
INFO: [Synth 8-5546] ROM "ram_reg[49]" won't be mapped to RAM because it is too sparse
INFO: [Synth 8-5546] ROM "ram_reg[50]" won't be mapped to RAM because it is too sparse
INFO: [Synth 8-5546] ROM "ram_reg[51]" won't be mapped to RAM because it is too sparse
INFO: [Synth 8-5546] ROM "ram_reg[52]" won't be mapped to RAM because it is too sparse
INFO: [Synth 8-5546] ROM "ram_reg[53]" won't be mapped to RAM because it is too sparse
INFO: [Synth 8-5546] ROM "ram_reg[54]" won't be mapped to RAM because it is too sparse
INFO: [Synth 8-5546] ROM "ram_reg[55]" won't be mapped to RAM because it is too sparse
INFO: [Synth 8-5546] ROM "ram_reg[56]" won't be mapped to RAM because it is too sparse
INFO: [Synth 8-5546] ROM "ram_reg[57]" won't be mapped to RAM because it is too sparse
INFO: [Synth 8-5546] ROM "ram_reg[58]" won't be mapped to RAM because it is too sparse
INFO: [Synth 8-5546] ROM "ram_reg[59]" won't be mapped to RAM because it is too sparse
INFO: [Synth 8-5546] ROM "ram_reg[60]" won't be mapped to RAM because it is too sparse
INFO: [Synth 8-5546] ROM "ram_reg[61]" won't be mapped to RAM because it is too sparse
INFO: [Synth 8-5546] ROM "ram_reg[62]" won't be mapped to RAM because it is too sparse
INFO: [Synth 8-5546] ROM "ram_reg[63]" won't be mapped to RAM because it is too sparse
INFO: [Synth 8-5546] ROM "ram_reg[64]" won't be mapped to RAM because it is too sparse
INFO: [Synth 8-5546] ROM "ram_reg[65]" won't be mapped to RAM because it is too sparse
INFO: [Synth 8-5546] ROM "ram_reg[66]" won't be mapped to RAM because it is too sparse
INFO: [Synth 8-5546] ROM "ram_reg[67]" won't be mapped to RAM because it is too sparse
INFO: [Synth 8-5546] ROM "ram_reg[68]" won't be mapped to RAM because it is too sparse
INFO: [Synth 8-5546] ROM "ram_reg[69]" won't be mapped to RAM because it is too sparse
INFO: [Synth 8-5546] ROM "ram_reg[70]" won't be mapped to RAM because it is too sparse
INFO: [Synth 8-5546] ROM "ram_reg[71]" won't be mapped to RAM because it is too sparse
INFO: [Synth 8-5546] ROM "ram_reg[72]" won't be mapped to RAM because it is too sparse
INFO: [Synth 8-5546] ROM "ram_reg[73]" won't be mapped to RAM because it is too sparse
INFO: [Synth 8-5546] ROM "ram_reg[74]" won't be mapped to RAM because it is too sparse
INFO: [Synth 8-5546] ROM "ram_reg[75]" won't be mapped to RAM because it is too sparse
INFO: [Synth 8-5546] ROM "ram_reg[76]" won't be mapped to RAM because it is too sparse
INFO: [Synth 8-5546] ROM "ram_reg[77]" won't be mapped to RAM because it is too sparse
INFO: [Synth 8-5546] ROM "ram_reg[78]" won't be mapped to RAM because it is too sparse
INFO: [Synth 8-5546] ROM "ram_reg[79]" won't be mapped to RAM because it is too sparse
INFO: [Synth 8-5546] ROM "ram_reg[80]" won't be mapped to RAM because it is too sparse
INFO: [Synth 8-5546] ROM "ram_reg[81]" won't be mapped to RAM because it is too sparse
INFO: [Synth 8-5546] ROM "ram_reg[82]" won't be mapped to RAM because it is too sparse
INFO: [Synth 8-5546] ROM "ram_reg[83]" won't be mapped to RAM because it is too sparse
INFO: [Synth 8-5546] ROM "ram_reg[84]" won't be mapped to RAM because it is too sparse
INFO: [Common 17-14] Message 'Synth 8-5546' appears 100 times and further instances of the messages will be disabled. Use the Tcl command set_msg_config to change the current settings.
INFO: [Synth 8-5545] ROM "semseg" won't be mapped to RAM because address size (32) is larger than maximum supported(25)
INFO: [Synth 8-5587] ROM size for "op_chars" is below threshold of ROM address width. It will be mapped to LUTs
INFO: [Synth 8-5587] ROM size for "op_chars" is below threshold of ROM address width. It will be mapped to LUTs
INFO: [Synth 8-5587] ROM size for "op_chars" is below threshold of ROM address width. It will be mapped to LUTs
INFO: [Synth 8-5587] ROM size for "op_chars" is below threshold of ROM address width. It will be mapped to LUTs
WARNING: [Synth 8-327] inferring latch for variable 'core_rd_o_reg' [C:/Users/SZHerio/Desktop/APS/09.LSU_Integration/09.LSU_Integration.srcs/sources_1/new/lsu.sv:50]
WARNING: [Synth 8-327] inferring latch for variable 'mem_be_o_reg' [C:/Users/SZHerio/Desktop/APS/09.LSU_Integration/09.LSU_Integration.srcs/sources_1/new/lsu.sv:33]
---------------------------------------------------------------------------------
Finished RTL Optimization Phase 2 : Time (s): cpu = 00:00:09 ; elapsed = 00:00:09 . Memory (MB): peak = 716.777 ; gain = 383.895
---------------------------------------------------------------------------------

Report RTL Partitions: 
+------+----------------------------+------------+----------+
|      |RTL Partition               |Replication |Instances |
+------+----------------------------+------------+----------+
|1     |data_mem__GB0               |           1|     36947|
|2     |data_mem__GB1               |           1|      9220|
|3     |data_mem__GB2               |           1|     12530|
|4     |data_mem__GB3               |           1|     15576|
|5     |data_mem__GB4               |           1|     18967|
|6     |processor_system__GC0       |           1|      5507|
|7     |nexys_processor_system__GC0 |           1|      1837|
+------+----------------------------+------------+----------+
No constraint files found.
---------------------------------------------------------------------------------
Start RTL Component Statistics 
---------------------------------------------------------------------------------
Detailed RTL Component Info : 
+---Adders : 
	   2 Input     10 Bit       Adders := 1     
+---XORs : 
	   2 Input     32 Bit         XORs := 1     
	   3 Input      1 Bit         XORs := 128   
+---Registers : 
	               32 Bit    Registers := 130   
	               10 Bit    Registers := 1     
	                8 Bit    Registers := 1     
	                3 Bit    Registers := 1     
	                1 Bit    Registers := 2     
+---RAMs : 
	             1024 Bit         RAMs := 1     
+---Muxes : 
	   2 Input     32 Bit        Muxes := 138   
	  16 Input     32 Bit        Muxes := 128   
	  28 Input     32 Bit        Muxes := 1     
	   4 Input     32 Bit        Muxes := 3     
	   2 Input     16 Bit        Muxes := 1     
	   2 Input      8 Bit        Muxes := 128   
	   4 Input      8 Bit        Muxes := 1     
	   2 Input      7 Bit        Muxes := 1     
	  12 Input      7 Bit        Muxes := 2     
	  12 Input      6 Bit        Muxes := 2     
	   7 Input      5 Bit        Muxes := 1     
	   4 Input      5 Bit        Muxes := 1     
	   2 Input      5 Bit        Muxes := 1     
	   2 Input      4 Bit        Muxes := 2     
	   3 Input      4 Bit        Muxes := 2     
	   8 Input      4 Bit        Muxes := 1     
	   5 Input      4 Bit        Muxes := 1     
	  14 Input      3 Bit        Muxes := 1     
	   2 Input      3 Bit        Muxes := 4     
	  20 Input      3 Bit        Muxes := 1     
	   6 Input      3 Bit        Muxes := 1     
	   2 Input      2 Bit        Muxes := 4     
	  12 Input      2 Bit        Muxes := 3     
	   4 Input      2 Bit        Muxes := 1     
	  13 Input      2 Bit        Muxes := 1     
	   2 Input      1 Bit        Muxes := 12    
	   6 Input      1 Bit        Muxes := 2     
	   8 Input      1 Bit        Muxes := 4     
	   4 Input      1 Bit        Muxes := 3     
	   7 Input      1 Bit        Muxes := 1     
	  12 Input      1 Bit        Muxes := 7     
	  20 Input      1 Bit        Muxes := 1     
---------------------------------------------------------------------------------
Finished RTL Component Statistics 
---------------------------------------------------------------------------------
---------------------------------------------------------------------------------
Start RTL Hierarchical Component Statistics 
---------------------------------------------------------------------------------
Hierarchical RTL Component report 
Module nexys_processor_system 
Detailed RTL Component Info : 
+---Muxes : 
	  12 Input      7 Bit        Muxes := 2     
	  12 Input      6 Bit        Muxes := 2     
Module data_mem 
Detailed RTL Component Info : 
+---Registers : 
	               32 Bit    Registers := 129   
+---Muxes : 
	   2 Input     32 Bit        Muxes := 128   
	  16 Input     32 Bit        Muxes := 128   
	   2 Input      8 Bit        Muxes := 128   
	   2 Input      1 Bit        Muxes := 1     
Module instr_mem 
Detailed RTL Component Info : 
+---Muxes : 
	  28 Input     32 Bit        Muxes := 1     
Module decoder 
Detailed RTL Component Info : 
+---Muxes : 
	   7 Input      5 Bit        Muxes := 1     
	   4 Input      5 Bit        Muxes := 1     
	   2 Input      5 Bit        Muxes := 1     
	   2 Input      4 Bit        Muxes := 2     
	   3 Input      4 Bit        Muxes := 2     
	   8 Input      4 Bit        Muxes := 1     
	  14 Input      3 Bit        Muxes := 1     
	   2 Input      3 Bit        Muxes := 4     
	  20 Input      3 Bit        Muxes := 1     
	   6 Input      3 Bit        Muxes := 1     
	   2 Input      2 Bit        Muxes := 4     
	  12 Input      2 Bit        Muxes := 3     
	   4 Input      2 Bit        Muxes := 1     
	  13 Input      2 Bit        Muxes := 1     
	   2 Input      1 Bit        Muxes := 7     
	   6 Input      1 Bit        Muxes := 1     
	   8 Input      1 Bit        Muxes := 4     
	   4 Input      1 Bit        Muxes := 2     
	   7 Input      1 Bit        Muxes := 1     
	  12 Input      1 Bit        Muxes := 7     
	  20 Input      1 Bit        Muxes := 1     
Module register_file 
Detailed RTL Component Info : 
+---RAMs : 
	             1024 Bit         RAMs := 1     
+---Muxes : 
	   2 Input     32 Bit        Muxes := 2     
Module fulladder1__63 
Detailed RTL Component Info : 
+---XORs : 
	   3 Input      1 Bit         XORs := 1     
Module fulladder1__62 
Detailed RTL Component Info : 
+---XORs : 
	   3 Input      1 Bit         XORs := 1     
Module fulladder1__61 
Detailed RTL Component Info : 
+---XORs : 
	   3 Input      1 Bit         XORs := 1     
Module fulladder1__60 
Detailed RTL Component Info : 
+---XORs : 
	   3 Input      1 Bit         XORs := 1     
Module fulladder1__59 
Detailed RTL Component Info : 
+---XORs : 
	   3 Input      1 Bit         XORs := 1     
Module fulladder1__58 
Detailed RTL Component Info : 
+---XORs : 
	   3 Input      1 Bit         XORs := 1     
Module fulladder1__57 
Detailed RTL Component Info : 
+---XORs : 
	   3 Input      1 Bit         XORs := 1     
Module fulladder1__56 
Detailed RTL Component Info : 
+---XORs : 
	   3 Input      1 Bit         XORs := 1     
Module fulladder1__55 
Detailed RTL Component Info : 
+---XORs : 
	   3 Input      1 Bit         XORs := 1     
Module fulladder1__54 
Detailed RTL Component Info : 
+---XORs : 
	   3 Input      1 Bit         XORs := 1     
Module fulladder1__53 
Detailed RTL Component Info : 
+---XORs : 
	   3 Input      1 Bit         XORs := 1     
Module fulladder1__52 
Detailed RTL Component Info : 
+---XORs : 
	   3 Input      1 Bit         XORs := 1     
Module fulladder1__51 
Detailed RTL Component Info : 
+---XORs : 
	   3 Input      1 Bit         XORs := 1     
Module fulladder1__50 
Detailed RTL Component Info : 
+---XORs : 
	   3 Input      1 Bit         XORs := 1     
Module fulladder1__49 
Detailed RTL Component Info : 
+---XORs : 
	   3 Input      1 Bit         XORs := 1     
Module fulladder1__48 
Detailed RTL Component Info : 
+---XORs : 
	   3 Input      1 Bit         XORs := 1     
Module fulladder1__47 
Detailed RTL Component Info : 
+---XORs : 
	   3 Input      1 Bit         XORs := 1     
Module fulladder1__46 
Detailed RTL Component Info : 
+---XORs : 
	   3 Input      1 Bit         XORs := 1     
Module fulladder1__45 
Detailed RTL Component Info : 
+---XORs : 
	   3 Input      1 Bit         XORs := 1     
Module fulladder1__44 
Detailed RTL Component Info : 
+---XORs : 
	   3 Input      1 Bit         XORs := 1     
Module fulladder1__43 
Detailed RTL Component Info : 
+---XORs : 
	   3 Input      1 Bit         XORs := 1     
Module fulladder1__42 
Detailed RTL Component Info : 
+---XORs : 
	   3 Input      1 Bit         XORs := 1     
Module fulladder1__41 
Detailed RTL Component Info : 
+---XORs : 
	   3 Input      1 Bit         XORs := 1     
Module fulladder1__40 
Detailed RTL Component Info : 
+---XORs : 
	   3 Input      1 Bit         XORs := 1     
Module fulladder1__39 
Detailed RTL Component Info : 
+---XORs : 
	   3 Input      1 Bit         XORs := 1     
Module fulladder1__38 
Detailed RTL Component Info : 
+---XORs : 
	   3 Input      1 Bit         XORs := 1     
Module fulladder1__37 
Detailed RTL Component Info : 
+---XORs : 
	   3 Input      1 Bit         XORs := 1     
Module fulladder1__36 
Detailed RTL Component Info : 
+---XORs : 
	   3 Input      1 Bit         XORs := 1     
Module fulladder1__35 
Detailed RTL Component Info : 
+---XORs : 
	   3 Input      1 Bit         XORs := 1     
Module fulladder1__34 
Detailed RTL Component Info : 
+---XORs : 
	   3 Input      1 Bit         XORs := 1     
Module fulladder1__33 
Detailed RTL Component Info : 
+---XORs : 
	   3 Input      1 Bit         XORs := 1     
Module fulladder1__32 
Detailed RTL Component Info : 
+---XORs : 
	   3 Input      1 Bit         XORs := 1     
Module fulladder1__95 
Detailed RTL Component Info : 
+---XORs : 
	   3 Input      1 Bit         XORs := 1     
Module fulladder1__94 
Detailed RTL Component Info : 
+---XORs : 
	   3 Input      1 Bit         XORs := 1     
Module fulladder1__93 
Detailed RTL Component Info : 
+---XORs : 
	   3 Input      1 Bit         XORs := 1     
Module fulladder1__92 
Detailed RTL Component Info : 
+---XORs : 
	   3 Input      1 Bit         XORs := 1     
Module fulladder1__91 
Detailed RTL Component Info : 
+---XORs : 
	   3 Input      1 Bit         XORs := 1     
Module fulladder1__90 
Detailed RTL Component Info : 
+---XORs : 
	   3 Input      1 Bit         XORs := 1     
Module fulladder1__89 
Detailed RTL Component Info : 
+---XORs : 
	   3 Input      1 Bit         XORs := 1     
Module fulladder1__88 
Detailed RTL Component Info : 
+---XORs : 
	   3 Input      1 Bit         XORs := 1     
Module fulladder1__87 
Detailed RTL Component Info : 
+---XORs : 
	   3 Input      1 Bit         XORs := 1     
Module fulladder1__86 
Detailed RTL Component Info : 
+---XORs : 
	   3 Input      1 Bit         XORs := 1     
Module fulladder1__85 
Detailed RTL Component Info : 
+---XORs : 
	   3 Input      1 Bit         XORs := 1     
Module fulladder1__84 
Detailed RTL Component Info : 
+---XORs : 
	   3 Input      1 Bit         XORs := 1     
Module fulladder1__83 
Detailed RTL Component Info : 
+---XORs : 
	   3 Input      1 Bit         XORs := 1     
Module fulladder1__82 
Detailed RTL Component Info : 
+---XORs : 
	   3 Input      1 Bit         XORs := 1     
Module fulladder1__81 
Detailed RTL Component Info : 
+---XORs : 
	   3 Input      1 Bit         XORs := 1     
Module fulladder1__80 
Detailed RTL Component Info : 
+---XORs : 
	   3 Input      1 Bit         XORs := 1     
Module fulladder1__79 
Detailed RTL Component Info : 
+---XORs : 
	   3 Input      1 Bit         XORs := 1     
Module fulladder1__78 
Detailed RTL Component Info : 
+---XORs : 
	   3 Input      1 Bit         XORs := 1     
Module fulladder1__77 
Detailed RTL Component Info : 
+---XORs : 
	   3 Input      1 Bit         XORs := 1     
Module fulladder1__76 
Detailed RTL Component Info : 
+---XORs : 
	   3 Input      1 Bit         XORs := 1     
Module fulladder1__75 
Detailed RTL Component Info : 
+---XORs : 
	   3 Input      1 Bit         XORs := 1     
Module fulladder1__74 
Detailed RTL Component Info : 
+---XORs : 
	   3 Input      1 Bit         XORs := 1     
Module fulladder1__73 
Detailed RTL Component Info : 
+---XORs : 
	   3 Input      1 Bit         XORs := 1     
Module fulladder1__72 
Detailed RTL Component Info : 
+---XORs : 
	   3 Input      1 Bit         XORs := 1     
Module fulladder1__71 
Detailed RTL Component Info : 
+---XORs : 
	   3 Input      1 Bit         XORs := 1     
Module fulladder1__70 
Detailed RTL Component Info : 
+---XORs : 
	   3 Input      1 Bit         XORs := 1     
Module fulladder1__69 
Detailed RTL Component Info : 
+---XORs : 
	   3 Input      1 Bit         XORs := 1     
Module fulladder1__68 
Detailed RTL Component Info : 
+---XORs : 
	   3 Input      1 Bit         XORs := 1     
Module fulladder1__67 
Detailed RTL Component Info : 
+---XORs : 
	   3 Input      1 Bit         XORs := 1     
Module fulladder1__66 
Detailed RTL Component Info : 
+---XORs : 
	   3 Input      1 Bit         XORs := 1     
Module fulladder1__65 
Detailed RTL Component Info : 
+---XORs : 
	   3 Input      1 Bit         XORs := 1     
Module fulladder1__64 
Detailed RTL Component Info : 
+---XORs : 
	   3 Input      1 Bit         XORs := 1     
Module alu 
Detailed RTL Component Info : 
+---XORs : 
	   2 Input     32 Bit         XORs := 1     
+---Muxes : 
	   2 Input     32 Bit        Muxes := 1     
	   2 Input      1 Bit        Muxes := 1     
Module fulladder1__127 
Detailed RTL Component Info : 
+---XORs : 
	   3 Input      1 Bit         XORs := 1     
Module fulladder1__126 
Detailed RTL Component Info : 
+---XORs : 
	   3 Input      1 Bit         XORs := 1     
Module fulladder1__125 
Detailed RTL Component Info : 
+---XORs : 
	   3 Input      1 Bit         XORs := 1     
Module fulladder1__124 
Detailed RTL Component Info : 
+---XORs : 
	   3 Input      1 Bit         XORs := 1     
Module fulladder1__123 
Detailed RTL Component Info : 
+---XORs : 
	   3 Input      1 Bit         XORs := 1     
Module fulladder1__122 
Detailed RTL Component Info : 
+---XORs : 
	   3 Input      1 Bit         XORs := 1     
Module fulladder1__121 
Detailed RTL Component Info : 
+---XORs : 
	   3 Input      1 Bit         XORs := 1     
Module fulladder1__120 
Detailed RTL Component Info : 
+---XORs : 
	   3 Input      1 Bit         XORs := 1     
Module fulladder1__119 
Detailed RTL Component Info : 
+---XORs : 
	   3 Input      1 Bit         XORs := 1     
Module fulladder1__118 
Detailed RTL Component Info : 
+---XORs : 
	   3 Input      1 Bit         XORs := 1     
Module fulladder1__117 
Detailed RTL Component Info : 
+---XORs : 
	   3 Input      1 Bit         XORs := 1     
Module fulladder1__116 
Detailed RTL Component Info : 
+---XORs : 
	   3 Input      1 Bit         XORs := 1     
Module fulladder1__115 
Detailed RTL Component Info : 
+---XORs : 
	   3 Input      1 Bit         XORs := 1     
Module fulladder1__114 
Detailed RTL Component Info : 
+---XORs : 
	   3 Input      1 Bit         XORs := 1     
Module fulladder1__113 
Detailed RTL Component Info : 
+---XORs : 
	   3 Input      1 Bit         XORs := 1     
Module fulladder1__112 
Detailed RTL Component Info : 
+---XORs : 
	   3 Input      1 Bit         XORs := 1     
Module fulladder1__111 
Detailed RTL Component Info : 
+---XORs : 
	   3 Input      1 Bit         XORs := 1     
Module fulladder1__110 
Detailed RTL Component Info : 
+---XORs : 
	   3 Input      1 Bit         XORs := 1     
Module fulladder1__109 
Detailed RTL Component Info : 
+---XORs : 
	   3 Input      1 Bit         XORs := 1     
Module fulladder1__108 
Detailed RTL Component Info : 
+---XORs : 
	   3 Input      1 Bit         XORs := 1     
Module fulladder1__107 
Detailed RTL Component Info : 
+---XORs : 
	   3 Input      1 Bit         XORs := 1     
Module fulladder1__106 
Detailed RTL Component Info : 
+---XORs : 
	   3 Input      1 Bit         XORs := 1     
Module fulladder1__105 
Detailed RTL Component Info : 
+---XORs : 
	   3 Input      1 Bit         XORs := 1     
Module fulladder1__104 
Detailed RTL Component Info : 
+---XORs : 
	   3 Input      1 Bit         XORs := 1     
Module fulladder1__103 
Detailed RTL Component Info : 
+---XORs : 
	   3 Input      1 Bit         XORs := 1     
Module fulladder1__102 
Detailed RTL Component Info : 
+---XORs : 
	   3 Input      1 Bit         XORs := 1     
Module fulladder1__101 
Detailed RTL Component Info : 
+---XORs : 
	   3 Input      1 Bit         XORs := 1     
Module fulladder1__100 
Detailed RTL Component Info : 
+---XORs : 
	   3 Input      1 Bit         XORs := 1     
Module fulladder1__99 
Detailed RTL Component Info : 
+---XORs : 
	   3 Input      1 Bit         XORs := 1     
Module fulladder1__98 
Detailed RTL Component Info : 
+---XORs : 
	   3 Input      1 Bit         XORs := 1     
Module fulladder1__97 
Detailed RTL Component Info : 
+---XORs : 
	   3 Input      1 Bit         XORs := 1     
Module fulladder1__96 
Detailed RTL Component Info : 
+---XORs : 
	   3 Input      1 Bit         XORs := 1     
Module fulladder1__7 
Detailed RTL Component Info : 
+---XORs : 
	   3 Input      1 Bit         XORs := 1     
Module fulladder1__6 
Detailed RTL Component Info : 
+---XORs : 
	   3 Input      1 Bit         XORs := 1     
Module fulladder1__5 
Detailed RTL Component Info : 
+---XORs : 
	   3 Input      1 Bit         XORs := 1     
Module fulladder1__4 
Detailed RTL Component Info : 
+---XORs : 
	   3 Input      1 Bit         XORs := 1     
Module fulladder1__11 
Detailed RTL Component Info : 
+---XORs : 
	   3 Input      1 Bit         XORs := 1     
Module fulladder1__10 
Detailed RTL Component Info : 
+---XORs : 
	   3 Input      1 Bit         XORs := 1     
Module fulladder1__9 
Detailed RTL Component Info : 
+---XORs : 
	   3 Input      1 Bit         XORs := 1     
Module fulladder1__8 
Detailed RTL Component Info : 
+---XORs : 
	   3 Input      1 Bit         XORs := 1     
Module fulladder1__15 
Detailed RTL Component Info : 
+---XORs : 
	   3 Input      1 Bit         XORs := 1     
Module fulladder1__14 
Detailed RTL Component Info : 
+---XORs : 
	   3 Input      1 Bit         XORs := 1     
Module fulladder1__13 
Detailed RTL Component Info : 
+---XORs : 
	   3 Input      1 Bit         XORs := 1     
Module fulladder1__12 
Detailed RTL Component Info : 
+---XORs : 
	   3 Input      1 Bit         XORs := 1     
Module fulladder1__19 
Detailed RTL Component Info : 
+---XORs : 
	   3 Input      1 Bit         XORs := 1     
Module fulladder1__18 
Detailed RTL Component Info : 
+---XORs : 
	   3 Input      1 Bit         XORs := 1     
Module fulladder1__17 
Detailed RTL Component Info : 
+---XORs : 
	   3 Input      1 Bit         XORs := 1     
Module fulladder1__16 
Detailed RTL Component Info : 
+---XORs : 
	   3 Input      1 Bit         XORs := 1     
Module fulladder1__23 
Detailed RTL Component Info : 
+---XORs : 
	   3 Input      1 Bit         XORs := 1     
Module fulladder1__22 
Detailed RTL Component Info : 
+---XORs : 
	   3 Input      1 Bit         XORs := 1     
Module fulladder1__21 
Detailed RTL Component Info : 
+---XORs : 
	   3 Input      1 Bit         XORs := 1     
Module fulladder1__20 
Detailed RTL Component Info : 
+---XORs : 
	   3 Input      1 Bit         XORs := 1     
Module fulladder1__27 
Detailed RTL Component Info : 
+---XORs : 
	   3 Input      1 Bit         XORs := 1     
Module fulladder1__26 
Detailed RTL Component Info : 
+---XORs : 
	   3 Input      1 Bit         XORs := 1     
Module fulladder1__25 
Detailed RTL Component Info : 
+---XORs : 
	   3 Input      1 Bit         XORs := 1     
Module fulladder1__24 
Detailed RTL Component Info : 
+---XORs : 
	   3 Input      1 Bit         XORs := 1     
Module fulladder1__31 
Detailed RTL Component Info : 
+---XORs : 
	   3 Input      1 Bit         XORs := 1     
Module fulladder1__30 
Detailed RTL Component Info : 
+---XORs : 
	   3 Input      1 Bit         XORs := 1     
Module fulladder1__29 
Detailed RTL Component Info : 
+---XORs : 
	   3 Input      1 Bit         XORs := 1     
Module fulladder1__28 
Detailed RTL Component Info : 
+---XORs : 
	   3 Input      1 Bit         XORs := 1     
Module fulladder1__1 
Detailed RTL Component Info : 
+---XORs : 
	   3 Input      1 Bit         XORs := 1     
Module fulladder1__2 
Detailed RTL Component Info : 
+---XORs : 
	   3 Input      1 Bit         XORs := 1     
Module fulladder1__3 
Detailed RTL Component Info : 
+---XORs : 
	   3 Input      1 Bit         XORs := 1     
Module fulladder1 
Detailed RTL Component Info : 
+---XORs : 
	   3 Input      1 Bit         XORs := 1     
Module processor_core 
Detailed RTL Component Info : 
+---Registers : 
	               32 Bit    Registers := 1     
+---Muxes : 
	   2 Input     32 Bit        Muxes := 5     
	   4 Input     32 Bit        Muxes := 1     
	   2 Input      1 Bit        Muxes := 2     
Module lsu 
Detailed RTL Component Info : 
+---Registers : 
	                1 Bit    Registers := 1     
+---Muxes : 
	   2 Input     32 Bit        Muxes := 2     
	   4 Input     32 Bit        Muxes := 2     
	   2 Input     16 Bit        Muxes := 1     
	   4 Input      8 Bit        Muxes := 1     
	   5 Input      4 Bit        Muxes := 1     
	   6 Input      1 Bit        Muxes := 1     
	   2 Input      1 Bit        Muxes := 1     
	   4 Input      1 Bit        Muxes := 1     
Module sync 
Detailed RTL Component Info : 
+---Registers : 
	                3 Bit    Registers := 1     
Module debounce 
Detailed RTL Component Info : 
+---Registers : 
	                1 Bit    Registers := 1     
Module semseg_one2many 
Detailed RTL Component Info : 
+---Adders : 
	   2 Input     10 Bit       Adders := 1     
+---Registers : 
	               10 Bit    Registers := 1     
	                8 Bit    Registers := 1     
Module char2semseg 
Detailed RTL Component Info : 
+---Muxes : 
	   2 Input      7 Bit        Muxes := 1     
---------------------------------------------------------------------------------
Finished RTL Hierarchical Component Statistics
---------------------------------------------------------------------------------
---------------------------------------------------------------------------------
Start Part Resource Summary
---------------------------------------------------------------------------------
Part Resources:
DSPs: 240 (col length:80)
BRAMs: 270 (col length: RAMB18 80 RAMB36 40)
---------------------------------------------------------------------------------
Finished Part Resource Summary
---------------------------------------------------------------------------------
No constraint files found.
---------------------------------------------------------------------------------
Start Cross Boundary and Area Optimization
---------------------------------------------------------------------------------
Warning: Parallel synthesis criteria is not met 
INFO: [Synth 8-5587] ROM size for "op_chars" is below threshold of ROM address width. It will be mapped to LUTs
INFO: [Synth 8-5587] ROM size for "op_chars" is below threshold of ROM address width. It will be mapped to LUTs
INFO: [Synth 8-5587] ROM size for "op_chars" is below threshold of ROM address width. It will be mapped to LUTs
INFO: [Synth 8-5587] ROM size for "op_chars" is below threshold of ROM address width. It will be mapped to LUTs
---------------------------------------------------------------------------------
Finished Cross Boundary and Area Optimization : Time (s): cpu = 00:00:51 ; elapsed = 00:00:51 . Memory (MB): peak = 1013.496 ; gain = 680.613
---------------------------------------------------------------------------------
---------------------------------------------------------------------------------
Start ROM, RAM, DSP and Shift Register Reporting
---------------------------------------------------------------------------------

ROM:
+-----------------------+--------------------+---------------+----------------+
|Module Name            | RTL Object         | Depth x Width | Implemented As | 
+-----------------------+--------------------+---------------+----------------+
|nexys_processor_system | char2semseg/semseg | 32x7          | LUT            | 
+-----------------------+--------------------+---------------+----------------+


Distributed RAM: Preliminary Mapping  Report (see note below)
+-----------------------+-------------------------+-----------+----------------------+---------------+
|Module Name            | RTL Object              | Inference | Size (Depth x Width) | Primitives    | 
+-----------------------+-------------------------+-----------+----------------------+---------------+
|nexys_processor_system | core/regfile/rf_mem_reg | Implied   | 32 x 32              | RAM32M x 12   | 
+-----------------------+-------------------------+-----------+----------------------+---------------+

Note: The table above is a preliminary report that shows the Distributed RAMs at the current stage of the synthesis flow. Some Distributed RAMs may be reimplemented as non Distributed RAM primitives later in the synthesis flow. Multiple instantiated RAMs are reported only once.
---------------------------------------------------------------------------------
Finished ROM, RAM, DSP and Shift Register Reporting
---------------------------------------------------------------------------------

Report RTL Partitions: 
+------+----------------------------+------------+----------+
|      |RTL Partition               |Replication |Instances |
+------+----------------------------+------------+----------+
|1     |data_mem__GB0               |           1|      7568|
|2     |data_mem__GB1               |           1|       186|
|3     |data_mem__GB2               |           1|       731|
|4     |data_mem__GB3               |           1|       902|
|5     |data_mem__GB4               |           1|      1058|
|6     |processor_system__GC0       |           1|      3110|
|7     |nexys_processor_system__GC0 |           1|       278|
+------+----------------------------+------------+----------+
No constraint files found.
---------------------------------------------------------------------------------
Start Timing Optimization
---------------------------------------------------------------------------------
---------------------------------------------------------------------------------
Finished Timing Optimization : Time (s): cpu = 00:00:51 ; elapsed = 00:00:51 . Memory (MB): peak = 1013.496 ; gain = 680.613
---------------------------------------------------------------------------------
---------------------------------------------------------------------------------
Start ROM, RAM, DSP and Shift Register Reporting
---------------------------------------------------------------------------------

Distributed RAM: Final Mapping  Report
+-----------------------+-------------------------+-----------+----------------------+---------------+
|Module Name            | RTL Object              | Inference | Size (Depth x Width) | Primitives    | 
+-----------------------+-------------------------+-----------+----------------------+---------------+
|nexys_processor_system | core/regfile/rf_mem_reg | Implied   | 32 x 32              | RAM32M x 12   | 
+-----------------------+-------------------------+-----------+----------------------+---------------+

---------------------------------------------------------------------------------
Finished ROM, RAM, DSP and Shift Register Reporting
---------------------------------------------------------------------------------

Report RTL Partitions: 
+------+----------------------------+------------+----------+
|      |RTL Partition               |Replication |Instances |
+------+----------------------------+------------+----------+
|1     |data_mem__GB0               |           1|      7568|
|2     |data_mem__GB1               |           1|       186|
|3     |data_mem__GB2               |           1|       731|
|4     |data_mem__GB3               |           1|       902|
|5     |data_mem__GB4               |           1|      1058|
|6     |processor_system__GC0       |           1|      3110|
|7     |nexys_processor_system__GC0 |           1|       278|
+------+----------------------------+------------+----------+
---------------------------------------------------------------------------------
Start Technology Mapping
---------------------------------------------------------------------------------
---------------------------------------------------------------------------------
Finished Technology Mapping : Time (s): cpu = 00:00:53 ; elapsed = 00:00:53 . Memory (MB): peak = 1013.496 ; gain = 680.613
---------------------------------------------------------------------------------

Report RTL Partitions: 
+-+--------------+------------+----------+
| |RTL Partition |Replication |Instances |
+-+--------------+------------+----------+
+-+--------------+------------+----------+
---------------------------------------------------------------------------------
Start IO Insertion
---------------------------------------------------------------------------------
---------------------------------------------------------------------------------
Start Flattening Before IO Insertion
---------------------------------------------------------------------------------
---------------------------------------------------------------------------------
Finished Flattening Before IO Insertion
---------------------------------------------------------------------------------
---------------------------------------------------------------------------------
Start Final Netlist Cleanup
---------------------------------------------------------------------------------
---------------------------------------------------------------------------------
Finished Final Netlist Cleanup
---------------------------------------------------------------------------------
---------------------------------------------------------------------------------
Finished IO Insertion : Time (s): cpu = 00:00:54 ; elapsed = 00:00:54 . Memory (MB): peak = 1013.496 ; gain = 680.613
---------------------------------------------------------------------------------

Report Check Netlist: 
+------+------------------+-------+---------+-------+------------------+
|      |Item              |Errors |Warnings |Status |Description       |
+------+------------------+-------+---------+-------+------------------+
|1     |multi_driven_nets |      0|        0|Passed |Multi driven nets |
+------+------------------+-------+---------+-------+------------------+
---------------------------------------------------------------------------------
Start Renaming Generated Instances
---------------------------------------------------------------------------------
---------------------------------------------------------------------------------
Finished Renaming Generated Instances : Time (s): cpu = 00:00:54 ; elapsed = 00:00:54 . Memory (MB): peak = 1013.496 ; gain = 680.613
---------------------------------------------------------------------------------

Report RTL Partitions: 
+-+--------------+------------+----------+
| |RTL Partition |Replication |Instances |
+-+--------------+------------+----------+
+-+--------------+------------+----------+
---------------------------------------------------------------------------------
Start Rebuilding User Hierarchy
---------------------------------------------------------------------------------
---------------------------------------------------------------------------------
Finished Rebuilding User Hierarchy : Time (s): cpu = 00:00:54 ; elapsed = 00:00:54 . Memory (MB): peak = 1013.496 ; gain = 680.613
---------------------------------------------------------------------------------
---------------------------------------------------------------------------------
Start Renaming Generated Ports
---------------------------------------------------------------------------------
---------------------------------------------------------------------------------
Finished Renaming Generated Ports : Time (s): cpu = 00:00:54 ; elapsed = 00:00:54 . Memory (MB): peak = 1013.496 ; gain = 680.613
---------------------------------------------------------------------------------
---------------------------------------------------------------------------------
Start Handling Custom Attributes
---------------------------------------------------------------------------------
---------------------------------------------------------------------------------
Finished Handling Custom Attributes : Time (s): cpu = 00:00:54 ; elapsed = 00:00:54 . Memory (MB): peak = 1013.496 ; gain = 680.613
---------------------------------------------------------------------------------
---------------------------------------------------------------------------------
Start Renaming Generated Nets
---------------------------------------------------------------------------------
---------------------------------------------------------------------------------
Finished Renaming Generated Nets : Time (s): cpu = 00:00:54 ; elapsed = 00:00:54 . Memory (MB): peak = 1013.496 ; gain = 680.613
---------------------------------------------------------------------------------
---------------------------------------------------------------------------------
Start Writing Synthesis Report
---------------------------------------------------------------------------------

Report BlackBoxes: 
+-+--------------+----------+
| |BlackBox name |Instances |
+-+--------------+----------+
+-+--------------+----------+

Report Cell Usage: 
+------+-------+------+
|      |Cell   |Count |
+------+-------+------+
|1     |BUFG   |     2|
|2     |CARRY4 |    12|
|3     |LUT1   |     8|
|4     |LUT2   |   167|
|5     |LUT3   |   326|
|6     |LUT4   |   280|
|7     |LUT5   |   365|
|8     |LUT6   |  1728|
|9     |MUXF7  |   565|
|10    |MUXF8  |   256|
|11    |RAM32M |    12|
|12    |FDCE   |    11|
|13    |FDPE   |     7|
|14    |FDRE   |  4178|
|15    |LD     |     4|
|16    |IBUF   |     3|
|17    |OBUF   |    16|
+------+-------+------+

Report Instance Areas: 
+------+------------------+-----------------+------+
|      |Instance          |Module           |Cells |
+------+------------------+-----------------+------+
|1     |top               |                 |  7940|
|2     |  debounce        |debounce         |    32|
|3     |  semseg_one2many |semseg_one2many  |    68|
|4     |  sync            |sync             |    20|
|5     |  unit            |processor_system |  7775|
|6     |    core          |processor_core   |  1751|
|7     |      main_alu    |alu              |     8|
|8     |      regfile     |register_file    |  1596|
|9     |    d_mem         |data_mem         |  6017|
|10    |    lsu_system    |lsu              |     7|
+------+------------------+-----------------+------+
---------------------------------------------------------------------------------
Finished Writing Synthesis Report : Time (s): cpu = 00:00:54 ; elapsed = 00:00:54 . Memory (MB): peak = 1013.496 ; gain = 680.613
---------------------------------------------------------------------------------
Synthesis finished with 0 errors, 1 critical warnings and 64 warnings.
Synthesis Optimization Runtime : Time (s): cpu = 00:00:54 ; elapsed = 00:00:55 . Memory (MB): peak = 1013.496 ; gain = 680.613
Synthesis Optimization Complete : Time (s): cpu = 00:00:54 ; elapsed = 00:00:55 . Memory (MB): peak = 1013.496 ; gain = 680.613
INFO: [Project 1-571] Translating synthesized netlist
INFO: [Netlist 29-17] Analyzing 849 Unisim elements for replacement
INFO: [Netlist 29-28] Unisim Transformation completed in 0 CPU seconds
INFO: [Project 1-570] Preparing netlist for logic optimization
INFO: [Opt 31-138] Pushed 1 inverter(s) to 4 load pin(s).
Netlist sorting complete. Time (s): cpu = 00:00:00 ; elapsed = 00:00:00.002 . Memory (MB): peak = 1013.496 ; gain = 0.000
INFO: [Project 1-111] Unisim Transformation Summary:
  A total of 16 instances were transformed.
  LD => LDCE (inverted pins: G): 4 instances
  RAM32M => RAM32M (RAMD32, RAMD32, RAMD32, RAMD32, RAMD32, RAMD32, RAMS32, RAMS32): 12 instances

INFO: [Common 17-83] Releasing license: Synthesis
162 Infos, 64 Warnings, 1 Critical Warnings and 0 Errors encountered.
synth_design completed successfully
synth_design: Time (s): cpu = 00:00:58 ; elapsed = 00:00:59 . Memory (MB): peak = 1013.496 ; gain = 693.648
Netlist sorting complete. Time (s): cpu = 00:00:00 ; elapsed = 00:00:00.001 . Memory (MB): peak = 1013.496 ; gain = 0.000
WARNING: [Constraints 18-5210] No constraints selected for write.
Resolution: This message can indicate that there are no constraints for the design, or it can indicate that the used_in flags are set such that the constraints are ignored. This later case is used when running synth_design to not write synthesis constraints to the resulting checkpoint. Instead, project constraints are read when the synthesized design is opened.
INFO: [Common 17-1381] The checkpoint 'C:/Users/SZHerio/Desktop/APS/09.LSU_Integration/09.LSU_Integration.runs/synth_1/nexys_processor_system.dcp' has been generated.
INFO: [runtcl-4] Executing : report_utilization -file nexys_processor_system_utilization_synth.rpt -pb nexys_processor_system_utilization_synth.pb
INFO: [Common 17-206] Exiting Vivado at Mon Dec 15 11:29:04 2025...
