Copyright 1986-2018 Xilinx, Inc. All Rights Reserved.
-----------------------------------------------------------------------------------------------------------------------------------------------------------------------------------------------------------------------------------------
| Tool Version : Vivado v.2018.3 (win64) Build 2405991 Thu Dec  6 23:38:27 MST 2018
| Date         : Mon Dec  1 12:43:03 2025
| Host         : DESKTOP-B526498 running 64-bit major release  (build 9200)
| Command      : report_timing_summary -max_paths 10 -file nexys_processor_system_timing_summary_routed.rpt -pb nexys_processor_system_timing_summary_routed.pb -rpx nexys_processor_system_timing_summary_routed.rpx -warn_on_violation
| Design       : nexys_processor_system
| Device       : 7a100ti-csg324
| Speed File   : -1L  PRODUCTION 1.23 2018-06-13
-----------------------------------------------------------------------------------------------------------------------------------------------------------------------------------------------------------------------------------------

Timing Summary Report

------------------------------------------------------------------------------------------------
| Timer Settings
| --------------
------------------------------------------------------------------------------------------------

  Enable Multi Corner Analysis               :  Yes
  Enable Pessimism Removal                   :  Yes
  Pessimism Removal Resolution               :  Nearest Common Node
  Enable Input Delay Default Clock           :  No
  Enable Preset / Clear Arcs                 :  No
  Disable Flight Delays                      :  No
  Ignore I/O Paths                           :  No
  Timing Early Launch at Borrowing Latches   :  false

  Corner  Analyze    Analyze    
  Name    Max Paths  Min Paths  
  ------  ---------  ---------  
  Slow    Yes        Yes        
  Fast    Yes        Yes        



check_timing report

Table of Contents
-----------------
1. checking no_clock
2. checking constant_clock
3. checking pulse_width_clock
4. checking unconstrained_internal_endpoints
5. checking no_input_delay
6. checking no_output_delay
7. checking multiple_clock
8. checking generated_clocks
9. checking loops
10. checking partial_input_delay
11. checking partial_output_delay
12. checking latch_loops

1. checking no_clock
--------------------
 There are 4256 register/latch pins with no clock driven by root clock pin: debounce/data_o_reg/Q (HIGH)


2. checking constant_clock
--------------------------
 There are 0 register/latch pins with constant_clock.


3. checking pulse_width_clock
-----------------------------
 There are 0 register/latch pins which need pulse_width check


4. checking unconstrained_internal_endpoints
--------------------------------------------
 There are 13086 pins that are not constrained for maximum delay. (HIGH)

 There are 0 pins that are not constrained for maximum delay due to constant clock.


5. checking no_input_delay
--------------------------
 There are 2 input ports with no input delay specified. (HIGH)

 There are 0 input ports with no input delay but user has a false path constraint.


6. checking no_output_delay
---------------------------
 There are 15 ports with no output delay specified. (HIGH)

 There are 0 ports with no output delay but user has a false path constraint

 There are 0 ports with no output delay but with a timing clock defined on it or propagating through it


7. checking multiple_clock
--------------------------
 There are 0 register/latch pins with multiple clocks.


8. checking generated_clocks
----------------------------
 There are 0 generated clocks that are not connected to a clock source.


9. checking loops
-----------------
 There are 0 combinational loops in the design.


10. checking partial_input_delay
--------------------------------
 There are 0 input ports with partial input delay specified.


11. checking partial_output_delay
---------------------------------
 There are 0 ports with partial output delay specified.


12. checking latch_loops
------------------------
 There are 0 combinational latch loops in the design through latch input



------------------------------------------------------------------------------------------------
| Design Timing Summary
| ---------------------
------------------------------------------------------------------------------------------------

    WNS(ns)      TNS(ns)  TNS Failing Endpoints  TNS Total Endpoints      WHS(ns)      THS(ns)  THS Failing Endpoints  THS Total Endpoints     WPWS(ns)     TPWS(ns)  TPWS Failing Endpoints  TPWS Total Endpoints  
    -------      -------  ---------------------  -------------------      -------      -------  ---------------------  -------------------     --------     --------  ----------------------  --------------------  
      6.718        0.000                      0                   59        0.193        0.000                      0                   59        4.500        0.000                       0                    45  


All user specified timing constraints are met.


------------------------------------------------------------------------------------------------
| Clock Summary
| -------------
------------------------------------------------------------------------------------------------

Clock        Waveform(ns)       Period(ns)      Frequency(MHz)
-----        ------------       ----------      --------------
sys_clk_pin  {0.000 5.000}      10.000          100.000         


------------------------------------------------------------------------------------------------
| Intra Clock Table
| -----------------
------------------------------------------------------------------------------------------------

Clock             WNS(ns)      TNS(ns)  TNS Failing Endpoints  TNS Total Endpoints      WHS(ns)      THS(ns)  THS Failing Endpoints  THS Total Endpoints     WPWS(ns)     TPWS(ns)  TPWS Failing Endpoints  TPWS Total Endpoints  
-----             -------      -------  ---------------------  -------------------      -------      -------  ---------------------  -------------------     --------     --------  ----------------------  --------------------  
sys_clk_pin         6.718        0.000                      0                   59        0.193        0.000                      0                   59        4.500        0.000                       0                    45  


------------------------------------------------------------------------------------------------
| Inter Clock Table
| -----------------
------------------------------------------------------------------------------------------------

From Clock    To Clock          WNS(ns)      TNS(ns)  TNS Failing Endpoints  TNS Total Endpoints      WHS(ns)      THS(ns)  THS Failing Endpoints  THS Total Endpoints  
----------    --------          -------      -------  ---------------------  -------------------      -------      -------  ---------------------  -------------------  


------------------------------------------------------------------------------------------------
| Other Path Groups Table
| -----------------------
------------------------------------------------------------------------------------------------

Path Group    From Clock    To Clock          WNS(ns)      TNS(ns)  TNS Failing Endpoints  TNS Total Endpoints      WHS(ns)      THS(ns)  THS Failing Endpoints  THS Total Endpoints  
----------    ----------    --------          -------      -------  ---------------------  -------------------      -------      -------  ---------------------  -------------------  


------------------------------------------------------------------------------------------------
| Timing Details
| --------------
------------------------------------------------------------------------------------------------


---------------------------------------------------------------------------------------------------
From Clock:  sys_clk_pin
  To Clock:  sys_clk_pin

Setup :            0  Failing Endpoints,  Worst Slack        6.718ns,  Total Violation        0.000ns
Hold  :            0  Failing Endpoints,  Worst Slack        0.193ns,  Total Violation        0.000ns
PW    :            0  Failing Endpoints,  Worst Slack        4.500ns,  Total Violation        0.000ns
---------------------------------------------------------------------------------------------------


Max Delay Paths
--------------------------------------------------------------------------------------
Slack (MET) :             6.718ns  (required time - arrival time)
  Source:                 sync/sync_buffer_ff_reg[2]/C
                            (rising edge-triggered cell FDRE clocked by sys_clk_pin  {rise@0.000ns fall@5.000ns period=10.000ns})
  Destination:            debounce/counter_ff_reg[13]/D
                            (rising edge-triggered cell FDRE clocked by sys_clk_pin  {rise@0.000ns fall@5.000ns period=10.000ns})
  Path Group:             sys_clk_pin
  Path Type:              Setup (Max at Slow Process Corner)
  Requirement:            10.000ns  (sys_clk_pin rise@10.000ns - sys_clk_pin rise@0.000ns)
  Data Path Delay:        3.332ns  (logic 1.513ns (45.413%)  route 1.819ns (54.587%))
  Logic Levels:           5  (CARRY4=4 LUT3=1)
  Clock Path Skew:        -0.024ns (DCD - SCD + CPR)
    Destination Clock Delay (DCD):    4.931ns = ( 14.931 - 10.000 ) 
    Source Clock Delay      (SCD):    5.231ns
    Clock Pessimism Removal (CPR):    0.276ns
  Clock Uncertainty:      0.035ns  ((TSJ^2 + TIJ^2)^1/2 + DJ) / 2 + PE
    Total System Jitter     (TSJ):    0.071ns
    Total Input Jitter      (TIJ):    0.000ns
    Discrete Jitter          (DJ):    0.000ns
    Phase Error              (PE):    0.000ns

    Location             Delay type                Incr(ns)  Path(ns)    Netlist Resource(s)
  -------------------------------------------------------------------    -------------------
                         (clock sys_clk_pin rise edge)
                                                      0.000     0.000 r  
    E3                                                0.000     0.000 r  clk_i (IN)
                         net (fo=0)                   0.000     0.000    clk_i
    E3                   IBUF (Prop_ibuf_I_O)         1.482     1.482 r  clk_i_IBUF_inst/O
                         net (fo=1, routed)           2.025     3.506    clk_i_IBUF
    BUFGCTRL_X0Y16       BUFG (Prop_bufg_I_O)         0.096     3.602 r  clk_i_IBUF_BUFG_inst/O
                         net (fo=44, routed)          1.628     5.231    sync/CLK
    SLICE_X59Y89         FDRE                                         r  sync/sync_buffer_ff_reg[2]/C
  -------------------------------------------------------------------    -------------------
    SLICE_X59Y89         FDRE (Prop_fdre_C_Q)         0.456     5.687 r  sync/sync_buffer_ff_reg[2]/Q
                         net (fo=28, routed)          1.819     7.505    debounce/Q[0]
    SLICE_X58Y89         LUT3 (Prop_lut3_I2_O)        0.124     7.629 r  debounce/counter_ff[0]_i_6/O
                         net (fo=1, routed)           0.000     7.629    sync/S[3]
    SLICE_X58Y89         CARRY4 (Prop_carry4_S[3]_CO[3])
                                                      0.376     8.005 r  sync/counter_ff_reg[0]_i_1/CO[3]
                         net (fo=1, routed)           0.000     8.005    sync/counter_ff_reg[0]_i_1_n_0
    SLICE_X58Y90         CARRY4 (Prop_carry4_CI_CO[3])
                                                      0.117     8.122 r  sync/counter_ff_reg[4]_i_1/CO[3]
                         net (fo=1, routed)           0.000     8.122    sync/counter_ff_reg[4]_i_1_n_0
    SLICE_X58Y91         CARRY4 (Prop_carry4_CI_CO[3])
                                                      0.117     8.239 r  sync/counter_ff_reg[8]_i_1/CO[3]
                         net (fo=1, routed)           0.000     8.239    sync/counter_ff_reg[8]_i_1_n_0
    SLICE_X58Y92         CARRY4 (Prop_carry4_CI_O[1])
                                                      0.323     8.562 r  sync/counter_ff_reg[12]_i_1/O[1]
                         net (fo=1, routed)           0.000     8.562    debounce/counter_ff_reg[13]_0[1]
    SLICE_X58Y92         FDRE                                         r  debounce/counter_ff_reg[13]/D
  -------------------------------------------------------------------    -------------------

                         (clock sys_clk_pin rise edge)
                                                     10.000    10.000 r  
    E3                                                0.000    10.000 r  clk_i (IN)
                         net (fo=0)                   0.000    10.000    clk_i
    E3                   IBUF (Prop_ibuf_I_O)         1.411    11.411 r  clk_i_IBUF_inst/O
                         net (fo=1, routed)           1.920    13.331    clk_i_IBUF
    BUFGCTRL_X0Y16       BUFG (Prop_bufg_I_O)         0.091    13.422 r  clk_i_IBUF_BUFG_inst/O
                         net (fo=44, routed)          1.508    14.931    debounce/CLK
    SLICE_X58Y92         FDRE                                         r  debounce/counter_ff_reg[13]/C
                         clock pessimism              0.276    15.207    
                         clock uncertainty           -0.035    15.171    
    SLICE_X58Y92         FDRE (Setup_fdre_C_D)        0.109    15.280    debounce/counter_ff_reg[13]
  -------------------------------------------------------------------
                         required time                         15.280    
                         arrival time                          -8.562    
  -------------------------------------------------------------------
                         slack                                  6.718    

Slack (MET) :             6.822ns  (required time - arrival time)
  Source:                 sync/sync_buffer_ff_reg[2]/C
                            (rising edge-triggered cell FDRE clocked by sys_clk_pin  {rise@0.000ns fall@5.000ns period=10.000ns})
  Destination:            debounce/counter_ff_reg[12]/D
                            (rising edge-triggered cell FDRE clocked by sys_clk_pin  {rise@0.000ns fall@5.000ns period=10.000ns})
  Path Group:             sys_clk_pin
  Path Type:              Setup (Max at Slow Process Corner)
  Requirement:            10.000ns  (sys_clk_pin rise@10.000ns - sys_clk_pin rise@0.000ns)
  Data Path Delay:        3.228ns  (logic 1.409ns (43.654%)  route 1.819ns (56.346%))
  Logic Levels:           5  (CARRY4=4 LUT3=1)
  Clock Path Skew:        -0.024ns (DCD - SCD + CPR)
    Destination Clock Delay (DCD):    4.931ns = ( 14.931 - 10.000 ) 
    Source Clock Delay      (SCD):    5.231ns
    Clock Pessimism Removal (CPR):    0.276ns
  Clock Uncertainty:      0.035ns  ((TSJ^2 + TIJ^2)^1/2 + DJ) / 2 + PE
    Total System Jitter     (TSJ):    0.071ns
    Total Input Jitter      (TIJ):    0.000ns
    Discrete Jitter          (DJ):    0.000ns
    Phase Error              (PE):    0.000ns

    Location             Delay type                Incr(ns)  Path(ns)    Netlist Resource(s)
  -------------------------------------------------------------------    -------------------
                         (clock sys_clk_pin rise edge)
                                                      0.000     0.000 r  
    E3                                                0.000     0.000 r  clk_i (IN)
                         net (fo=0)                   0.000     0.000    clk_i
    E3                   IBUF (Prop_ibuf_I_O)         1.482     1.482 r  clk_i_IBUF_inst/O
                         net (fo=1, routed)           2.025     3.506    clk_i_IBUF
    BUFGCTRL_X0Y16       BUFG (Prop_bufg_I_O)         0.096     3.602 r  clk_i_IBUF_BUFG_inst/O
                         net (fo=44, routed)          1.628     5.231    sync/CLK
    SLICE_X59Y89         FDRE                                         r  sync/sync_buffer_ff_reg[2]/C
  -------------------------------------------------------------------    -------------------
    SLICE_X59Y89         FDRE (Prop_fdre_C_Q)         0.456     5.687 r  sync/sync_buffer_ff_reg[2]/Q
                         net (fo=28, routed)          1.819     7.505    debounce/Q[0]
    SLICE_X58Y89         LUT3 (Prop_lut3_I2_O)        0.124     7.629 r  debounce/counter_ff[0]_i_6/O
                         net (fo=1, routed)           0.000     7.629    sync/S[3]
    SLICE_X58Y89         CARRY4 (Prop_carry4_S[3]_CO[3])
                                                      0.376     8.005 r  sync/counter_ff_reg[0]_i_1/CO[3]
                         net (fo=1, routed)           0.000     8.005    sync/counter_ff_reg[0]_i_1_n_0
    SLICE_X58Y90         CARRY4 (Prop_carry4_CI_CO[3])
                                                      0.117     8.122 r  sync/counter_ff_reg[4]_i_1/CO[3]
                         net (fo=1, routed)           0.000     8.122    sync/counter_ff_reg[4]_i_1_n_0
    SLICE_X58Y91         CARRY4 (Prop_carry4_CI_CO[3])
                                                      0.117     8.239 r  sync/counter_ff_reg[8]_i_1/CO[3]
                         net (fo=1, routed)           0.000     8.239    sync/counter_ff_reg[8]_i_1_n_0
    SLICE_X58Y92         CARRY4 (Prop_carry4_CI_O[0])
                                                      0.219     8.458 r  sync/counter_ff_reg[12]_i_1/O[0]
                         net (fo=1, routed)           0.000     8.458    debounce/counter_ff_reg[13]_0[0]
    SLICE_X58Y92         FDRE                                         r  debounce/counter_ff_reg[12]/D
  -------------------------------------------------------------------    -------------------

                         (clock sys_clk_pin rise edge)
                                                     10.000    10.000 r  
    E3                                                0.000    10.000 r  clk_i (IN)
                         net (fo=0)                   0.000    10.000    clk_i
    E3                   IBUF (Prop_ibuf_I_O)         1.411    11.411 r  clk_i_IBUF_inst/O
                         net (fo=1, routed)           1.920    13.331    clk_i_IBUF
    BUFGCTRL_X0Y16       BUFG (Prop_bufg_I_O)         0.091    13.422 r  clk_i_IBUF_BUFG_inst/O
                         net (fo=44, routed)          1.508    14.931    debounce/CLK
    SLICE_X58Y92         FDRE                                         r  debounce/counter_ff_reg[12]/C
                         clock pessimism              0.276    15.207    
                         clock uncertainty           -0.035    15.171    
    SLICE_X58Y92         FDRE (Setup_fdre_C_D)        0.109    15.280    debounce/counter_ff_reg[12]
  -------------------------------------------------------------------
                         required time                         15.280    
                         arrival time                          -8.458    
  -------------------------------------------------------------------
                         slack                                  6.822    

Slack (MET) :             6.835ns  (required time - arrival time)
  Source:                 sync/sync_buffer_ff_reg[2]/C
                            (rising edge-triggered cell FDRE clocked by sys_clk_pin  {rise@0.000ns fall@5.000ns period=10.000ns})
  Destination:            debounce/counter_ff_reg[9]/D
                            (rising edge-triggered cell FDRE clocked by sys_clk_pin  {rise@0.000ns fall@5.000ns period=10.000ns})
  Path Group:             sys_clk_pin
  Path Type:              Setup (Max at Slow Process Corner)
  Requirement:            10.000ns  (sys_clk_pin rise@10.000ns - sys_clk_pin rise@0.000ns)
  Data Path Delay:        3.215ns  (logic 1.396ns (43.426%)  route 1.819ns (56.574%))
  Logic Levels:           4  (CARRY4=3 LUT3=1)
  Clock Path Skew:        -0.024ns (DCD - SCD + CPR)
    Destination Clock Delay (DCD):    4.931ns = ( 14.931 - 10.000 ) 
    Source Clock Delay      (SCD):    5.231ns
    Clock Pessimism Removal (CPR):    0.276ns
  Clock Uncertainty:      0.035ns  ((TSJ^2 + TIJ^2)^1/2 + DJ) / 2 + PE
    Total System Jitter     (TSJ):    0.071ns
    Total Input Jitter      (TIJ):    0.000ns
    Discrete Jitter          (DJ):    0.000ns
    Phase Error              (PE):    0.000ns

    Location             Delay type                Incr(ns)  Path(ns)    Netlist Resource(s)
  -------------------------------------------------------------------    -------------------
                         (clock sys_clk_pin rise edge)
                                                      0.000     0.000 r  
    E3                                                0.000     0.000 r  clk_i (IN)
                         net (fo=0)                   0.000     0.000    clk_i
    E3                   IBUF (Prop_ibuf_I_O)         1.482     1.482 r  clk_i_IBUF_inst/O
                         net (fo=1, routed)           2.025     3.506    clk_i_IBUF
    BUFGCTRL_X0Y16       BUFG (Prop_bufg_I_O)         0.096     3.602 r  clk_i_IBUF_BUFG_inst/O
                         net (fo=44, routed)          1.628     5.231    sync/CLK
    SLICE_X59Y89         FDRE                                         r  sync/sync_buffer_ff_reg[2]/C
  -------------------------------------------------------------------    -------------------
    SLICE_X59Y89         FDRE (Prop_fdre_C_Q)         0.456     5.687 r  sync/sync_buffer_ff_reg[2]/Q
                         net (fo=28, routed)          1.819     7.505    debounce/Q[0]
    SLICE_X58Y89         LUT3 (Prop_lut3_I2_O)        0.124     7.629 r  debounce/counter_ff[0]_i_6/O
                         net (fo=1, routed)           0.000     7.629    sync/S[3]
    SLICE_X58Y89         CARRY4 (Prop_carry4_S[3]_CO[3])
                                                      0.376     8.005 r  sync/counter_ff_reg[0]_i_1/CO[3]
                         net (fo=1, routed)           0.000     8.005    sync/counter_ff_reg[0]_i_1_n_0
    SLICE_X58Y90         CARRY4 (Prop_carry4_CI_CO[3])
                                                      0.117     8.122 r  sync/counter_ff_reg[4]_i_1/CO[3]
                         net (fo=1, routed)           0.000     8.122    sync/counter_ff_reg[4]_i_1_n_0
    SLICE_X58Y91         CARRY4 (Prop_carry4_CI_O[1])
                                                      0.323     8.445 r  sync/counter_ff_reg[8]_i_1/O[1]
                         net (fo=1, routed)           0.000     8.445    debounce/counter_ff_reg[11]_1[1]
    SLICE_X58Y91         FDRE                                         r  debounce/counter_ff_reg[9]/D
  -------------------------------------------------------------------    -------------------

                         (clock sys_clk_pin rise edge)
                                                     10.000    10.000 r  
    E3                                                0.000    10.000 r  clk_i (IN)
                         net (fo=0)                   0.000    10.000    clk_i
    E3                   IBUF (Prop_ibuf_I_O)         1.411    11.411 r  clk_i_IBUF_inst/O
                         net (fo=1, routed)           1.920    13.331    clk_i_IBUF
    BUFGCTRL_X0Y16       BUFG (Prop_bufg_I_O)         0.091    13.422 r  clk_i_IBUF_BUFG_inst/O
                         net (fo=44, routed)          1.508    14.931    debounce/CLK
    SLICE_X58Y91         FDRE                                         r  debounce/counter_ff_reg[9]/C
                         clock pessimism              0.276    15.207    
                         clock uncertainty           -0.035    15.171    
    SLICE_X58Y91         FDRE (Setup_fdre_C_D)        0.109    15.280    debounce/counter_ff_reg[9]
  -------------------------------------------------------------------
                         required time                         15.280    
                         arrival time                          -8.445    
  -------------------------------------------------------------------
                         slack                                  6.835    

Slack (MET) :             6.843ns  (required time - arrival time)
  Source:                 sync/sync_buffer_ff_reg[2]/C
                            (rising edge-triggered cell FDRE clocked by sys_clk_pin  {rise@0.000ns fall@5.000ns period=10.000ns})
  Destination:            debounce/counter_ff_reg[11]/D
                            (rising edge-triggered cell FDRE clocked by sys_clk_pin  {rise@0.000ns fall@5.000ns period=10.000ns})
  Path Group:             sys_clk_pin
  Path Type:              Setup (Max at Slow Process Corner)
  Requirement:            10.000ns  (sys_clk_pin rise@10.000ns - sys_clk_pin rise@0.000ns)
  Data Path Delay:        3.207ns  (logic 1.388ns (43.285%)  route 1.819ns (56.715%))
  Logic Levels:           4  (CARRY4=3 LUT3=1)
  Clock Path Skew:        -0.024ns (DCD - SCD + CPR)
    Destination Clock Delay (DCD):    4.931ns = ( 14.931 - 10.000 ) 
    Source Clock Delay      (SCD):    5.231ns
    Clock Pessimism Removal (CPR):    0.276ns
  Clock Uncertainty:      0.035ns  ((TSJ^2 + TIJ^2)^1/2 + DJ) / 2 + PE
    Total System Jitter     (TSJ):    0.071ns
    Total Input Jitter      (TIJ):    0.000ns
    Discrete Jitter          (DJ):    0.000ns
    Phase Error              (PE):    0.000ns

    Location             Delay type                Incr(ns)  Path(ns)    Netlist Resource(s)
  -------------------------------------------------------------------    -------------------
                         (clock sys_clk_pin rise edge)
                                                      0.000     0.000 r  
    E3                                                0.000     0.000 r  clk_i (IN)
                         net (fo=0)                   0.000     0.000    clk_i
    E3                   IBUF (Prop_ibuf_I_O)         1.482     1.482 r  clk_i_IBUF_inst/O
                         net (fo=1, routed)           2.025     3.506    clk_i_IBUF
    BUFGCTRL_X0Y16       BUFG (Prop_bufg_I_O)         0.096     3.602 r  clk_i_IBUF_BUFG_inst/O
                         net (fo=44, routed)          1.628     5.231    sync/CLK
    SLICE_X59Y89         FDRE                                         r  sync/sync_buffer_ff_reg[2]/C
  -------------------------------------------------------------------    -------------------
    SLICE_X59Y89         FDRE (Prop_fdre_C_Q)         0.456     5.687 r  sync/sync_buffer_ff_reg[2]/Q
                         net (fo=28, routed)          1.819     7.505    debounce/Q[0]
    SLICE_X58Y89         LUT3 (Prop_lut3_I2_O)        0.124     7.629 r  debounce/counter_ff[0]_i_6/O
                         net (fo=1, routed)           0.000     7.629    sync/S[3]
    SLICE_X58Y89         CARRY4 (Prop_carry4_S[3]_CO[3])
                                                      0.376     8.005 r  sync/counter_ff_reg[0]_i_1/CO[3]
                         net (fo=1, routed)           0.000     8.005    sync/counter_ff_reg[0]_i_1_n_0
    SLICE_X58Y90         CARRY4 (Prop_carry4_CI_CO[3])
                                                      0.117     8.122 r  sync/counter_ff_reg[4]_i_1/CO[3]
                         net (fo=1, routed)           0.000     8.122    sync/counter_ff_reg[4]_i_1_n_0
    SLICE_X58Y91         CARRY4 (Prop_carry4_CI_O[3])
                                                      0.315     8.437 r  sync/counter_ff_reg[8]_i_1/O[3]
                         net (fo=1, routed)           0.000     8.437    debounce/counter_ff_reg[11]_1[3]
    SLICE_X58Y91         FDRE                                         r  debounce/counter_ff_reg[11]/D
  -------------------------------------------------------------------    -------------------

                         (clock sys_clk_pin rise edge)
                                                     10.000    10.000 r  
    E3                                                0.000    10.000 r  clk_i (IN)
                         net (fo=0)                   0.000    10.000    clk_i
    E3                   IBUF (Prop_ibuf_I_O)         1.411    11.411 r  clk_i_IBUF_inst/O
                         net (fo=1, routed)           1.920    13.331    clk_i_IBUF
    BUFGCTRL_X0Y16       BUFG (Prop_bufg_I_O)         0.091    13.422 r  clk_i_IBUF_BUFG_inst/O
                         net (fo=44, routed)          1.508    14.931    debounce/CLK
    SLICE_X58Y91         FDRE                                         r  debounce/counter_ff_reg[11]/C
                         clock pessimism              0.276    15.207    
                         clock uncertainty           -0.035    15.171    
    SLICE_X58Y91         FDRE (Setup_fdre_C_D)        0.109    15.280    debounce/counter_ff_reg[11]
  -------------------------------------------------------------------
                         required time                         15.280    
                         arrival time                          -8.437    
  -------------------------------------------------------------------
                         slack                                  6.843    

Slack (MET) :             6.919ns  (required time - arrival time)
  Source:                 sync/sync_buffer_ff_reg[2]/C
                            (rising edge-triggered cell FDRE clocked by sys_clk_pin  {rise@0.000ns fall@5.000ns period=10.000ns})
  Destination:            debounce/counter_ff_reg[10]/D
                            (rising edge-triggered cell FDRE clocked by sys_clk_pin  {rise@0.000ns fall@5.000ns period=10.000ns})
  Path Group:             sys_clk_pin
  Path Type:              Setup (Max at Slow Process Corner)
  Requirement:            10.000ns  (sys_clk_pin rise@10.000ns - sys_clk_pin rise@0.000ns)
  Data Path Delay:        3.131ns  (logic 1.312ns (41.908%)  route 1.819ns (58.092%))
  Logic Levels:           4  (CARRY4=3 LUT3=1)
  Clock Path Skew:        -0.024ns (DCD - SCD + CPR)
    Destination Clock Delay (DCD):    4.931ns = ( 14.931 - 10.000 ) 
    Source Clock Delay      (SCD):    5.231ns
    Clock Pessimism Removal (CPR):    0.276ns
  Clock Uncertainty:      0.035ns  ((TSJ^2 + TIJ^2)^1/2 + DJ) / 2 + PE
    Total System Jitter     (TSJ):    0.071ns
    Total Input Jitter      (TIJ):    0.000ns
    Discrete Jitter          (DJ):    0.000ns
    Phase Error              (PE):    0.000ns

    Location             Delay type                Incr(ns)  Path(ns)    Netlist Resource(s)
  -------------------------------------------------------------------    -------------------
                         (clock sys_clk_pin rise edge)
                                                      0.000     0.000 r  
    E3                                                0.000     0.000 r  clk_i (IN)
                         net (fo=0)                   0.000     0.000    clk_i
    E3                   IBUF (Prop_ibuf_I_O)         1.482     1.482 r  clk_i_IBUF_inst/O
                         net (fo=1, routed)           2.025     3.506    clk_i_IBUF
    BUFGCTRL_X0Y16       BUFG (Prop_bufg_I_O)         0.096     3.602 r  clk_i_IBUF_BUFG_inst/O
                         net (fo=44, routed)          1.628     5.231    sync/CLK
    SLICE_X59Y89         FDRE                                         r  sync/sync_buffer_ff_reg[2]/C
  -------------------------------------------------------------------    -------------------
    SLICE_X59Y89         FDRE (Prop_fdre_C_Q)         0.456     5.687 r  sync/sync_buffer_ff_reg[2]/Q
                         net (fo=28, routed)          1.819     7.505    debounce/Q[0]
    SLICE_X58Y89         LUT3 (Prop_lut3_I2_O)        0.124     7.629 r  debounce/counter_ff[0]_i_6/O
                         net (fo=1, routed)           0.000     7.629    sync/S[3]
    SLICE_X58Y89         CARRY4 (Prop_carry4_S[3]_CO[3])
                                                      0.376     8.005 r  sync/counter_ff_reg[0]_i_1/CO[3]
                         net (fo=1, routed)           0.000     8.005    sync/counter_ff_reg[0]_i_1_n_0
    SLICE_X58Y90         CARRY4 (Prop_carry4_CI_CO[3])
                                                      0.117     8.122 r  sync/counter_ff_reg[4]_i_1/CO[3]
                         net (fo=1, routed)           0.000     8.122    sync/counter_ff_reg[4]_i_1_n_0
    SLICE_X58Y91         CARRY4 (Prop_carry4_CI_O[2])
                                                      0.239     8.361 r  sync/counter_ff_reg[8]_i_1/O[2]
                         net (fo=1, routed)           0.000     8.361    debounce/counter_ff_reg[11]_1[2]
    SLICE_X58Y91         FDRE                                         r  debounce/counter_ff_reg[10]/D
  -------------------------------------------------------------------    -------------------

                         (clock sys_clk_pin rise edge)
                                                     10.000    10.000 r  
    E3                                                0.000    10.000 r  clk_i (IN)
                         net (fo=0)                   0.000    10.000    clk_i
    E3                   IBUF (Prop_ibuf_I_O)         1.411    11.411 r  clk_i_IBUF_inst/O
                         net (fo=1, routed)           1.920    13.331    clk_i_IBUF
    BUFGCTRL_X0Y16       BUFG (Prop_bufg_I_O)         0.091    13.422 r  clk_i_IBUF_BUFG_inst/O
                         net (fo=44, routed)          1.508    14.931    debounce/CLK
    SLICE_X58Y91         FDRE                                         r  debounce/counter_ff_reg[10]/C
                         clock pessimism              0.276    15.207    
                         clock uncertainty           -0.035    15.171    
    SLICE_X58Y91         FDRE (Setup_fdre_C_D)        0.109    15.280    debounce/counter_ff_reg[10]
  -------------------------------------------------------------------
                         required time                         15.280    
                         arrival time                          -8.361    
  -------------------------------------------------------------------
                         slack                                  6.919    

Slack (MET) :             6.939ns  (required time - arrival time)
  Source:                 sync/sync_buffer_ff_reg[2]/C
                            (rising edge-triggered cell FDRE clocked by sys_clk_pin  {rise@0.000ns fall@5.000ns period=10.000ns})
  Destination:            debounce/counter_ff_reg[8]/D
                            (rising edge-triggered cell FDRE clocked by sys_clk_pin  {rise@0.000ns fall@5.000ns period=10.000ns})
  Path Group:             sys_clk_pin
  Path Type:              Setup (Max at Slow Process Corner)
  Requirement:            10.000ns  (sys_clk_pin rise@10.000ns - sys_clk_pin rise@0.000ns)
  Data Path Delay:        3.111ns  (logic 1.292ns (41.535%)  route 1.819ns (58.465%))
  Logic Levels:           4  (CARRY4=3 LUT3=1)
  Clock Path Skew:        -0.024ns (DCD - SCD + CPR)
    Destination Clock Delay (DCD):    4.931ns = ( 14.931 - 10.000 ) 
    Source Clock Delay      (SCD):    5.231ns
    Clock Pessimism Removal (CPR):    0.276ns
  Clock Uncertainty:      0.035ns  ((TSJ^2 + TIJ^2)^1/2 + DJ) / 2 + PE
    Total System Jitter     (TSJ):    0.071ns
    Total Input Jitter      (TIJ):    0.000ns
    Discrete Jitter          (DJ):    0.000ns
    Phase Error              (PE):    0.000ns

    Location             Delay type                Incr(ns)  Path(ns)    Netlist Resource(s)
  -------------------------------------------------------------------    -------------------
                         (clock sys_clk_pin rise edge)
                                                      0.000     0.000 r  
    E3                                                0.000     0.000 r  clk_i (IN)
                         net (fo=0)                   0.000     0.000    clk_i
    E3                   IBUF (Prop_ibuf_I_O)         1.482     1.482 r  clk_i_IBUF_inst/O
                         net (fo=1, routed)           2.025     3.506    clk_i_IBUF
    BUFGCTRL_X0Y16       BUFG (Prop_bufg_I_O)         0.096     3.602 r  clk_i_IBUF_BUFG_inst/O
                         net (fo=44, routed)          1.628     5.231    sync/CLK
    SLICE_X59Y89         FDRE                                         r  sync/sync_buffer_ff_reg[2]/C
  -------------------------------------------------------------------    -------------------
    SLICE_X59Y89         FDRE (Prop_fdre_C_Q)         0.456     5.687 r  sync/sync_buffer_ff_reg[2]/Q
                         net (fo=28, routed)          1.819     7.505    debounce/Q[0]
    SLICE_X58Y89         LUT3 (Prop_lut3_I2_O)        0.124     7.629 r  debounce/counter_ff[0]_i_6/O
                         net (fo=1, routed)           0.000     7.629    sync/S[3]
    SLICE_X58Y89         CARRY4 (Prop_carry4_S[3]_CO[3])
                                                      0.376     8.005 r  sync/counter_ff_reg[0]_i_1/CO[3]
                         net (fo=1, routed)           0.000     8.005    sync/counter_ff_reg[0]_i_1_n_0
    SLICE_X58Y90         CARRY4 (Prop_carry4_CI_CO[3])
                                                      0.117     8.122 r  sync/counter_ff_reg[4]_i_1/CO[3]
                         net (fo=1, routed)           0.000     8.122    sync/counter_ff_reg[4]_i_1_n_0
    SLICE_X58Y91         CARRY4 (Prop_carry4_CI_O[0])
                                                      0.219     8.341 r  sync/counter_ff_reg[8]_i_1/O[0]
                         net (fo=1, routed)           0.000     8.341    debounce/counter_ff_reg[11]_1[0]
    SLICE_X58Y91         FDRE                                         r  debounce/counter_ff_reg[8]/D
  -------------------------------------------------------------------    -------------------

                         (clock sys_clk_pin rise edge)
                                                     10.000    10.000 r  
    E3                                                0.000    10.000 r  clk_i (IN)
                         net (fo=0)                   0.000    10.000    clk_i
    E3                   IBUF (Prop_ibuf_I_O)         1.411    11.411 r  clk_i_IBUF_inst/O
                         net (fo=1, routed)           1.920    13.331    clk_i_IBUF
    BUFGCTRL_X0Y16       BUFG (Prop_bufg_I_O)         0.091    13.422 r  clk_i_IBUF_BUFG_inst/O
                         net (fo=44, routed)          1.508    14.931    debounce/CLK
    SLICE_X58Y91         FDRE                                         r  debounce/counter_ff_reg[8]/C
                         clock pessimism              0.276    15.207    
                         clock uncertainty           -0.035    15.171    
    SLICE_X58Y91         FDRE (Setup_fdre_C_D)        0.109    15.280    debounce/counter_ff_reg[8]
  -------------------------------------------------------------------
                         required time                         15.280    
                         arrival time                          -8.341    
  -------------------------------------------------------------------
                         slack                                  6.939    

Slack (MET) :             6.951ns  (required time - arrival time)
  Source:                 sync/sync_buffer_ff_reg[2]/C
                            (rising edge-triggered cell FDRE clocked by sys_clk_pin  {rise@0.000ns fall@5.000ns period=10.000ns})
  Destination:            debounce/counter_ff_reg[5]/D
                            (rising edge-triggered cell FDRE clocked by sys_clk_pin  {rise@0.000ns fall@5.000ns period=10.000ns})
  Path Group:             sys_clk_pin
  Path Type:              Setup (Max at Slow Process Corner)
  Requirement:            10.000ns  (sys_clk_pin rise@10.000ns - sys_clk_pin rise@0.000ns)
  Data Path Delay:        3.098ns  (logic 1.279ns (41.289%)  route 1.819ns (58.711%))
  Logic Levels:           3  (CARRY4=2 LUT3=1)
  Clock Path Skew:        -0.025ns (DCD - SCD + CPR)
    Destination Clock Delay (DCD):    4.930ns = ( 14.930 - 10.000 ) 
    Source Clock Delay      (SCD):    5.231ns
    Clock Pessimism Removal (CPR):    0.276ns
  Clock Uncertainty:      0.035ns  ((TSJ^2 + TIJ^2)^1/2 + DJ) / 2 + PE
    Total System Jitter     (TSJ):    0.071ns
    Total Input Jitter      (TIJ):    0.000ns
    Discrete Jitter          (DJ):    0.000ns
    Phase Error              (PE):    0.000ns

    Location             Delay type                Incr(ns)  Path(ns)    Netlist Resource(s)
  -------------------------------------------------------------------    -------------------
                         (clock sys_clk_pin rise edge)
                                                      0.000     0.000 r  
    E3                                                0.000     0.000 r  clk_i (IN)
                         net (fo=0)                   0.000     0.000    clk_i
    E3                   IBUF (Prop_ibuf_I_O)         1.482     1.482 r  clk_i_IBUF_inst/O
                         net (fo=1, routed)           2.025     3.506    clk_i_IBUF
    BUFGCTRL_X0Y16       BUFG (Prop_bufg_I_O)         0.096     3.602 r  clk_i_IBUF_BUFG_inst/O
                         net (fo=44, routed)          1.628     5.231    sync/CLK
    SLICE_X59Y89         FDRE                                         r  sync/sync_buffer_ff_reg[2]/C
  -------------------------------------------------------------------    -------------------
    SLICE_X59Y89         FDRE (Prop_fdre_C_Q)         0.456     5.687 r  sync/sync_buffer_ff_reg[2]/Q
                         net (fo=28, routed)          1.819     7.505    debounce/Q[0]
    SLICE_X58Y89         LUT3 (Prop_lut3_I2_O)        0.124     7.629 r  debounce/counter_ff[0]_i_6/O
                         net (fo=1, routed)           0.000     7.629    sync/S[3]
    SLICE_X58Y89         CARRY4 (Prop_carry4_S[3]_CO[3])
                                                      0.376     8.005 r  sync/counter_ff_reg[0]_i_1/CO[3]
                         net (fo=1, routed)           0.000     8.005    sync/counter_ff_reg[0]_i_1_n_0
    SLICE_X58Y90         CARRY4 (Prop_carry4_CI_O[1])
                                                      0.323     8.328 r  sync/counter_ff_reg[4]_i_1/O[1]
                         net (fo=1, routed)           0.000     8.328    debounce/counter_ff_reg[7]_1[1]
    SLICE_X58Y90         FDRE                                         r  debounce/counter_ff_reg[5]/D
  -------------------------------------------------------------------    -------------------

                         (clock sys_clk_pin rise edge)
                                                     10.000    10.000 r  
    E3                                                0.000    10.000 r  clk_i (IN)
                         net (fo=0)                   0.000    10.000    clk_i
    E3                   IBUF (Prop_ibuf_I_O)         1.411    11.411 r  clk_i_IBUF_inst/O
                         net (fo=1, routed)           1.920    13.331    clk_i_IBUF
    BUFGCTRL_X0Y16       BUFG (Prop_bufg_I_O)         0.091    13.422 r  clk_i_IBUF_BUFG_inst/O
                         net (fo=44, routed)          1.507    14.930    debounce/CLK
    SLICE_X58Y90         FDRE                                         r  debounce/counter_ff_reg[5]/C
                         clock pessimism              0.276    15.206    
                         clock uncertainty           -0.035    15.170    
    SLICE_X58Y90         FDRE (Setup_fdre_C_D)        0.109    15.279    debounce/counter_ff_reg[5]
  -------------------------------------------------------------------
                         required time                         15.279    
                         arrival time                          -8.328    
  -------------------------------------------------------------------
                         slack                                  6.951    

Slack (MET) :             6.959ns  (required time - arrival time)
  Source:                 sync/sync_buffer_ff_reg[2]/C
                            (rising edge-triggered cell FDRE clocked by sys_clk_pin  {rise@0.000ns fall@5.000ns period=10.000ns})
  Destination:            debounce/counter_ff_reg[7]/D
                            (rising edge-triggered cell FDRE clocked by sys_clk_pin  {rise@0.000ns fall@5.000ns period=10.000ns})
  Path Group:             sys_clk_pin
  Path Type:              Setup (Max at Slow Process Corner)
  Requirement:            10.000ns  (sys_clk_pin rise@10.000ns - sys_clk_pin rise@0.000ns)
  Data Path Delay:        3.090ns  (logic 1.271ns (41.137%)  route 1.819ns (58.863%))
  Logic Levels:           3  (CARRY4=2 LUT3=1)
  Clock Path Skew:        -0.025ns (DCD - SCD + CPR)
    Destination Clock Delay (DCD):    4.930ns = ( 14.930 - 10.000 ) 
    Source Clock Delay      (SCD):    5.231ns
    Clock Pessimism Removal (CPR):    0.276ns
  Clock Uncertainty:      0.035ns  ((TSJ^2 + TIJ^2)^1/2 + DJ) / 2 + PE
    Total System Jitter     (TSJ):    0.071ns
    Total Input Jitter      (TIJ):    0.000ns
    Discrete Jitter          (DJ):    0.000ns
    Phase Error              (PE):    0.000ns

    Location             Delay type                Incr(ns)  Path(ns)    Netlist Resource(s)
  -------------------------------------------------------------------    -------------------
                         (clock sys_clk_pin rise edge)
                                                      0.000     0.000 r  
    E3                                                0.000     0.000 r  clk_i (IN)
                         net (fo=0)                   0.000     0.000    clk_i
    E3                   IBUF (Prop_ibuf_I_O)         1.482     1.482 r  clk_i_IBUF_inst/O
                         net (fo=1, routed)           2.025     3.506    clk_i_IBUF
    BUFGCTRL_X0Y16       BUFG (Prop_bufg_I_O)         0.096     3.602 r  clk_i_IBUF_BUFG_inst/O
                         net (fo=44, routed)          1.628     5.231    sync/CLK
    SLICE_X59Y89         FDRE                                         r  sync/sync_buffer_ff_reg[2]/C
  -------------------------------------------------------------------    -------------------
    SLICE_X59Y89         FDRE (Prop_fdre_C_Q)         0.456     5.687 r  sync/sync_buffer_ff_reg[2]/Q
                         net (fo=28, routed)          1.819     7.505    debounce/Q[0]
    SLICE_X58Y89         LUT3 (Prop_lut3_I2_O)        0.124     7.629 r  debounce/counter_ff[0]_i_6/O
                         net (fo=1, routed)           0.000     7.629    sync/S[3]
    SLICE_X58Y89         CARRY4 (Prop_carry4_S[3]_CO[3])
                                                      0.376     8.005 r  sync/counter_ff_reg[0]_i_1/CO[3]
                         net (fo=1, routed)           0.000     8.005    sync/counter_ff_reg[0]_i_1_n_0
    SLICE_X58Y90         CARRY4 (Prop_carry4_CI_O[3])
                                                      0.315     8.320 r  sync/counter_ff_reg[4]_i_1/O[3]
                         net (fo=1, routed)           0.000     8.320    debounce/counter_ff_reg[7]_1[3]
    SLICE_X58Y90         FDRE                                         r  debounce/counter_ff_reg[7]/D
  -------------------------------------------------------------------    -------------------

                         (clock sys_clk_pin rise edge)
                                                     10.000    10.000 r  
    E3                                                0.000    10.000 r  clk_i (IN)
                         net (fo=0)                   0.000    10.000    clk_i
    E3                   IBUF (Prop_ibuf_I_O)         1.411    11.411 r  clk_i_IBUF_inst/O
                         net (fo=1, routed)           1.920    13.331    clk_i_IBUF
    BUFGCTRL_X0Y16       BUFG (Prop_bufg_I_O)         0.091    13.422 r  clk_i_IBUF_BUFG_inst/O
                         net (fo=44, routed)          1.507    14.930    debounce/CLK
    SLICE_X58Y90         FDRE                                         r  debounce/counter_ff_reg[7]/C
                         clock pessimism              0.276    15.206    
                         clock uncertainty           -0.035    15.170    
    SLICE_X58Y90         FDRE (Setup_fdre_C_D)        0.109    15.279    debounce/counter_ff_reg[7]
  -------------------------------------------------------------------
                         required time                         15.279    
                         arrival time                          -8.320    
  -------------------------------------------------------------------
                         slack                                  6.959    

Slack (MET) :             7.035ns  (required time - arrival time)
  Source:                 sync/sync_buffer_ff_reg[2]/C
                            (rising edge-triggered cell FDRE clocked by sys_clk_pin  {rise@0.000ns fall@5.000ns period=10.000ns})
  Destination:            debounce/counter_ff_reg[6]/D
                            (rising edge-triggered cell FDRE clocked by sys_clk_pin  {rise@0.000ns fall@5.000ns period=10.000ns})
  Path Group:             sys_clk_pin
  Path Type:              Setup (Max at Slow Process Corner)
  Requirement:            10.000ns  (sys_clk_pin rise@10.000ns - sys_clk_pin rise@0.000ns)
  Data Path Delay:        3.014ns  (logic 1.195ns (39.653%)  route 1.819ns (60.347%))
  Logic Levels:           3  (CARRY4=2 LUT3=1)
  Clock Path Skew:        -0.025ns (DCD - SCD + CPR)
    Destination Clock Delay (DCD):    4.930ns = ( 14.930 - 10.000 ) 
    Source Clock Delay      (SCD):    5.231ns
    Clock Pessimism Removal (CPR):    0.276ns
  Clock Uncertainty:      0.035ns  ((TSJ^2 + TIJ^2)^1/2 + DJ) / 2 + PE
    Total System Jitter     (TSJ):    0.071ns
    Total Input Jitter      (TIJ):    0.000ns
    Discrete Jitter          (DJ):    0.000ns
    Phase Error              (PE):    0.000ns

    Location             Delay type                Incr(ns)  Path(ns)    Netlist Resource(s)
  -------------------------------------------------------------------    -------------------
                         (clock sys_clk_pin rise edge)
                                                      0.000     0.000 r  
    E3                                                0.000     0.000 r  clk_i (IN)
                         net (fo=0)                   0.000     0.000    clk_i
    E3                   IBUF (Prop_ibuf_I_O)         1.482     1.482 r  clk_i_IBUF_inst/O
                         net (fo=1, routed)           2.025     3.506    clk_i_IBUF
    BUFGCTRL_X0Y16       BUFG (Prop_bufg_I_O)         0.096     3.602 r  clk_i_IBUF_BUFG_inst/O
                         net (fo=44, routed)          1.628     5.231    sync/CLK
    SLICE_X59Y89         FDRE                                         r  sync/sync_buffer_ff_reg[2]/C
  -------------------------------------------------------------------    -------------------
    SLICE_X59Y89         FDRE (Prop_fdre_C_Q)         0.456     5.687 r  sync/sync_buffer_ff_reg[2]/Q
                         net (fo=28, routed)          1.819     7.505    debounce/Q[0]
    SLICE_X58Y89         LUT3 (Prop_lut3_I2_O)        0.124     7.629 r  debounce/counter_ff[0]_i_6/O
                         net (fo=1, routed)           0.000     7.629    sync/S[3]
    SLICE_X58Y89         CARRY4 (Prop_carry4_S[3]_CO[3])
                                                      0.376     8.005 r  sync/counter_ff_reg[0]_i_1/CO[3]
                         net (fo=1, routed)           0.000     8.005    sync/counter_ff_reg[0]_i_1_n_0
    SLICE_X58Y90         CARRY4 (Prop_carry4_CI_O[2])
                                                      0.239     8.244 r  sync/counter_ff_reg[4]_i_1/O[2]
                         net (fo=1, routed)           0.000     8.244    debounce/counter_ff_reg[7]_1[2]
    SLICE_X58Y90         FDRE                                         r  debounce/counter_ff_reg[6]/D
  -------------------------------------------------------------------    -------------------

                         (clock sys_clk_pin rise edge)
                                                     10.000    10.000 r  
    E3                                                0.000    10.000 r  clk_i (IN)
                         net (fo=0)                   0.000    10.000    clk_i
    E3                   IBUF (Prop_ibuf_I_O)         1.411    11.411 r  clk_i_IBUF_inst/O
                         net (fo=1, routed)           1.920    13.331    clk_i_IBUF
    BUFGCTRL_X0Y16       BUFG (Prop_bufg_I_O)         0.091    13.422 r  clk_i_IBUF_BUFG_inst/O
                         net (fo=44, routed)          1.507    14.930    debounce/CLK
    SLICE_X58Y90         FDRE                                         r  debounce/counter_ff_reg[6]/C
                         clock pessimism              0.276    15.206    
                         clock uncertainty           -0.035    15.170    
    SLICE_X58Y90         FDRE (Setup_fdre_C_D)        0.109    15.279    debounce/counter_ff_reg[6]
  -------------------------------------------------------------------
                         required time                         15.279    
                         arrival time                          -8.244    
  -------------------------------------------------------------------
                         slack                                  7.035    

Slack (MET) :             7.055ns  (required time - arrival time)
  Source:                 sync/sync_buffer_ff_reg[2]/C
                            (rising edge-triggered cell FDRE clocked by sys_clk_pin  {rise@0.000ns fall@5.000ns period=10.000ns})
  Destination:            debounce/counter_ff_reg[4]/D
                            (rising edge-triggered cell FDRE clocked by sys_clk_pin  {rise@0.000ns fall@5.000ns period=10.000ns})
  Path Group:             sys_clk_pin
  Path Type:              Setup (Max at Slow Process Corner)
  Requirement:            10.000ns  (sys_clk_pin rise@10.000ns - sys_clk_pin rise@0.000ns)
  Data Path Delay:        2.994ns  (logic 1.175ns (39.250%)  route 1.819ns (60.750%))
  Logic Levels:           3  (CARRY4=2 LUT3=1)
  Clock Path Skew:        -0.025ns (DCD - SCD + CPR)
    Destination Clock Delay (DCD):    4.930ns = ( 14.930 - 10.000 ) 
    Source Clock Delay      (SCD):    5.231ns
    Clock Pessimism Removal (CPR):    0.276ns
  Clock Uncertainty:      0.035ns  ((TSJ^2 + TIJ^2)^1/2 + DJ) / 2 + PE
    Total System Jitter     (TSJ):    0.071ns
    Total Input Jitter      (TIJ):    0.000ns
    Discrete Jitter          (DJ):    0.000ns
    Phase Error              (PE):    0.000ns

    Location             Delay type                Incr(ns)  Path(ns)    Netlist Resource(s)
  -------------------------------------------------------------------    -------------------
                         (clock sys_clk_pin rise edge)
                                                      0.000     0.000 r  
    E3                                                0.000     0.000 r  clk_i (IN)
                         net (fo=0)                   0.000     0.000    clk_i
    E3                   IBUF (Prop_ibuf_I_O)         1.482     1.482 r  clk_i_IBUF_inst/O
                         net (fo=1, routed)           2.025     3.506    clk_i_IBUF
    BUFGCTRL_X0Y16       BUFG (Prop_bufg_I_O)         0.096     3.602 r  clk_i_IBUF_BUFG_inst/O
                         net (fo=44, routed)          1.628     5.231    sync/CLK
    SLICE_X59Y89         FDRE                                         r  sync/sync_buffer_ff_reg[2]/C
  -------------------------------------------------------------------    -------------------
    SLICE_X59Y89         FDRE (Prop_fdre_C_Q)         0.456     5.687 r  sync/sync_buffer_ff_reg[2]/Q
                         net (fo=28, routed)          1.819     7.505    debounce/Q[0]
    SLICE_X58Y89         LUT3 (Prop_lut3_I2_O)        0.124     7.629 r  debounce/counter_ff[0]_i_6/O
                         net (fo=1, routed)           0.000     7.629    sync/S[3]
    SLICE_X58Y89         CARRY4 (Prop_carry4_S[3]_CO[3])
                                                      0.376     8.005 r  sync/counter_ff_reg[0]_i_1/CO[3]
                         net (fo=1, routed)           0.000     8.005    sync/counter_ff_reg[0]_i_1_n_0
    SLICE_X58Y90         CARRY4 (Prop_carry4_CI_O[0])
                                                      0.219     8.224 r  sync/counter_ff_reg[4]_i_1/O[0]
                         net (fo=1, routed)           0.000     8.224    debounce/counter_ff_reg[7]_1[0]
    SLICE_X58Y90         FDRE                                         r  debounce/counter_ff_reg[4]/D
  -------------------------------------------------------------------    -------------------

                         (clock sys_clk_pin rise edge)
                                                     10.000    10.000 r  
    E3                                                0.000    10.000 r  clk_i (IN)
                         net (fo=0)                   0.000    10.000    clk_i
    E3                   IBUF (Prop_ibuf_I_O)         1.411    11.411 r  clk_i_IBUF_inst/O
                         net (fo=1, routed)           1.920    13.331    clk_i_IBUF
    BUFGCTRL_X0Y16       BUFG (Prop_bufg_I_O)         0.091    13.422 r  clk_i_IBUF_BUFG_inst/O
                         net (fo=44, routed)          1.507    14.930    debounce/CLK
    SLICE_X58Y90         FDRE                                         r  debounce/counter_ff_reg[4]/C
                         clock pessimism              0.276    15.206    
                         clock uncertainty           -0.035    15.170    
    SLICE_X58Y90         FDRE (Setup_fdre_C_D)        0.109    15.279    debounce/counter_ff_reg[4]
  -------------------------------------------------------------------
                         required time                         15.279    
                         arrival time                          -8.224    
  -------------------------------------------------------------------
                         slack                                  7.055    





Min Delay Paths
--------------------------------------------------------------------------------------
Slack (MET) :             0.193ns  (arrival time - required time)
  Source:                 semseg_one2many/an_ff_reg[7]/C
                            (rising edge-triggered cell FDPE clocked by sys_clk_pin  {rise@0.000ns fall@5.000ns period=10.000ns})
  Destination:            semseg_one2many/an_ff_reg[0]/D
                            (rising edge-triggered cell FDCE clocked by sys_clk_pin  {rise@0.000ns fall@5.000ns period=10.000ns})
  Path Group:             sys_clk_pin
  Path Type:              Hold (Min at Fast Process Corner)
  Requirement:            0.000ns  (sys_clk_pin rise@0.000ns - sys_clk_pin rise@0.000ns)
  Data Path Delay:        0.278ns  (logic 0.141ns (50.708%)  route 0.137ns (49.292%))
  Logic Levels:           0  
  Clock Path Skew:        0.015ns (DCD - SCD - CPR)
    Destination Clock Delay (DCD):    2.002ns
    Source Clock Delay      (SCD):    1.486ns
    Clock Pessimism Removal (CPR):    0.500ns

    Location             Delay type                Incr(ns)  Path(ns)    Netlist Resource(s)
  -------------------------------------------------------------------    -------------------
                         (clock sys_clk_pin rise edge)
                                                      0.000     0.000 r  
    E3                                                0.000     0.000 r  clk_i (IN)
                         net (fo=0)                   0.000     0.000    clk_i
    E3                   IBUF (Prop_ibuf_I_O)         0.250     0.250 r  clk_i_IBUF_inst/O
                         net (fo=1, routed)           0.644     0.894    clk_i_IBUF
    BUFGCTRL_X0Y16       BUFG (Prop_bufg_I_O)         0.026     0.920 r  clk_i_IBUF_BUFG_inst/O
                         net (fo=44, routed)          0.567     1.486    semseg_one2many/CLK
    SLICE_X32Y86         FDPE                                         r  semseg_one2many/an_ff_reg[7]/C
  -------------------------------------------------------------------    -------------------
    SLICE_X32Y86         FDPE (Prop_fdpe_C_Q)         0.141     1.627 r  semseg_one2many/an_ff_reg[7]/Q
                         net (fo=6, routed)           0.137     1.764    semseg_one2many/Q[7]
    SLICE_X31Y86         FDCE                                         r  semseg_one2many/an_ff_reg[0]/D
  -------------------------------------------------------------------    -------------------

                         (clock sys_clk_pin rise edge)
                                                      0.000     0.000 r  
    E3                                                0.000     0.000 r  clk_i (IN)
                         net (fo=0)                   0.000     0.000    clk_i
    E3                   IBUF (Prop_ibuf_I_O)         0.438     0.438 r  clk_i_IBUF_inst/O
                         net (fo=1, routed)           0.699     1.136    clk_i_IBUF
    BUFGCTRL_X0Y16       BUFG (Prop_bufg_I_O)         0.029     1.165 r  clk_i_IBUF_BUFG_inst/O
                         net (fo=44, routed)          0.837     2.002    semseg_one2many/CLK
    SLICE_X31Y86         FDCE                                         r  semseg_one2many/an_ff_reg[0]/C
                         clock pessimism             -0.500     1.501    
    SLICE_X31Y86         FDCE (Hold_fdce_C_D)         0.070     1.571    semseg_one2many/an_ff_reg[0]
  -------------------------------------------------------------------
                         required time                         -1.571    
                         arrival time                           1.764    
  -------------------------------------------------------------------
                         slack                                  0.193    

Slack (MET) :             0.195ns  (arrival time - required time)
  Source:                 semseg_one2many/an_ff_reg[5]/C
                            (rising edge-triggered cell FDPE clocked by sys_clk_pin  {rise@0.000ns fall@5.000ns period=10.000ns})
  Destination:            semseg_one2many/an_ff_reg[6]_lopt_replica/D
                            (rising edge-triggered cell FDPE clocked by sys_clk_pin  {rise@0.000ns fall@5.000ns period=10.000ns})
  Path Group:             sys_clk_pin
  Path Type:              Hold (Min at Fast Process Corner)
  Requirement:            0.000ns  (sys_clk_pin rise@0.000ns - sys_clk_pin rise@0.000ns)
  Data Path Delay:        0.280ns  (logic 0.141ns (50.270%)  route 0.139ns (49.730%))
  Logic Levels:           0  
  Clock Path Skew:        0.015ns (DCD - SCD - CPR)
    Destination Clock Delay (DCD):    2.002ns
    Source Clock Delay      (SCD):    1.486ns
    Clock Pessimism Removal (CPR):    0.500ns

    Location             Delay type                Incr(ns)  Path(ns)    Netlist Resource(s)
  -------------------------------------------------------------------    -------------------
                         (clock sys_clk_pin rise edge)
                                                      0.000     0.000 r  
    E3                                                0.000     0.000 r  clk_i (IN)
                         net (fo=0)                   0.000     0.000    clk_i
    E3                   IBUF (Prop_ibuf_I_O)         0.250     0.250 r  clk_i_IBUF_inst/O
                         net (fo=1, routed)           0.644     0.894    clk_i_IBUF
    BUFGCTRL_X0Y16       BUFG (Prop_bufg_I_O)         0.026     0.920 r  clk_i_IBUF_BUFG_inst/O
                         net (fo=44, routed)          0.567     1.486    semseg_one2many/CLK
    SLICE_X32Y85         FDPE                                         r  semseg_one2many/an_ff_reg[5]/C
  -------------------------------------------------------------------    -------------------
    SLICE_X32Y85         FDPE (Prop_fdpe_C_Q)         0.141     1.627 r  semseg_one2many/an_ff_reg[5]/Q
                         net (fo=6, routed)           0.139     1.767    semseg_one2many/Q[5]
    SLICE_X32Y86         FDPE                                         r  semseg_one2many/an_ff_reg[6]_lopt_replica/D
  -------------------------------------------------------------------    -------------------

                         (clock sys_clk_pin rise edge)
                                                      0.000     0.000 r  
    E3                                                0.000     0.000 r  clk_i (IN)
                         net (fo=0)                   0.000     0.000    clk_i
    E3                   IBUF (Prop_ibuf_I_O)         0.438     0.438 r  clk_i_IBUF_inst/O
                         net (fo=1, routed)           0.699     1.136    clk_i_IBUF
    BUFGCTRL_X0Y16       BUFG (Prop_bufg_I_O)         0.029     1.165 r  clk_i_IBUF_BUFG_inst/O
                         net (fo=44, routed)          0.837     2.002    semseg_one2many/CLK
    SLICE_X32Y86         FDPE                                         r  semseg_one2many/an_ff_reg[6]_lopt_replica/C
                         clock pessimism             -0.500     1.501    
    SLICE_X32Y86         FDPE (Hold_fdpe_C_D)         0.070     1.571    semseg_one2many/an_ff_reg[6]_lopt_replica
  -------------------------------------------------------------------
                         required time                         -1.571    
                         arrival time                           1.767    
  -------------------------------------------------------------------
                         slack                                  0.195    

Slack (MET) :             0.230ns  (arrival time - required time)
  Source:                 semseg_one2many/an_ff_reg[2]/C
                            (rising edge-triggered cell FDPE clocked by sys_clk_pin  {rise@0.000ns fall@5.000ns period=10.000ns})
  Destination:            semseg_one2many/an_ff_reg[3]/D
                            (rising edge-triggered cell FDPE clocked by sys_clk_pin  {rise@0.000ns fall@5.000ns period=10.000ns})
  Path Group:             sys_clk_pin
  Path Type:              Hold (Min at Fast Process Corner)
  Requirement:            0.000ns  (sys_clk_pin rise@0.000ns - sys_clk_pin rise@0.000ns)
  Data Path Delay:        0.296ns  (logic 0.141ns (47.556%)  route 0.155ns (52.444%))
  Logic Levels:           0  
  Clock Path Skew:        0.000ns (DCD - SCD - CPR)
    Destination Clock Delay (DCD):    2.002ns
    Source Clock Delay      (SCD):    1.486ns
    Clock Pessimism Removal (CPR):    0.515ns

    Location             Delay type                Incr(ns)  Path(ns)    Netlist Resource(s)
  -------------------------------------------------------------------    -------------------
                         (clock sys_clk_pin rise edge)
                                                      0.000     0.000 r  
    E3                                                0.000     0.000 r  clk_i (IN)
                         net (fo=0)                   0.000     0.000    clk_i
    E3                   IBUF (Prop_ibuf_I_O)         0.250     0.250 r  clk_i_IBUF_inst/O
                         net (fo=1, routed)           0.644     0.894    clk_i_IBUF
    BUFGCTRL_X0Y16       BUFG (Prop_bufg_I_O)         0.026     0.920 r  clk_i_IBUF_BUFG_inst/O
                         net (fo=44, routed)          0.567     1.486    semseg_one2many/CLK
    SLICE_X32Y85         FDPE                                         r  semseg_one2many/an_ff_reg[2]/C
  -------------------------------------------------------------------    -------------------
    SLICE_X32Y85         FDPE (Prop_fdpe_C_Q)         0.141     1.627 r  semseg_one2many/an_ff_reg[2]/Q
                         net (fo=7, routed)           0.155     1.783    semseg_one2many/Q[2]
    SLICE_X32Y85         FDPE                                         r  semseg_one2many/an_ff_reg[3]/D
  -------------------------------------------------------------------    -------------------

                         (clock sys_clk_pin rise edge)
                                                      0.000     0.000 r  
    E3                                                0.000     0.000 r  clk_i (IN)
                         net (fo=0)                   0.000     0.000    clk_i
    E3                   IBUF (Prop_ibuf_I_O)         0.438     0.438 r  clk_i_IBUF_inst/O
                         net (fo=1, routed)           0.699     1.136    clk_i_IBUF
    BUFGCTRL_X0Y16       BUFG (Prop_bufg_I_O)         0.029     1.165 r  clk_i_IBUF_BUFG_inst/O
                         net (fo=44, routed)          0.837     2.002    semseg_one2many/CLK
    SLICE_X32Y85         FDPE                                         r  semseg_one2many/an_ff_reg[3]/C
                         clock pessimism             -0.515     1.486    
    SLICE_X32Y85         FDPE (Hold_fdpe_C_D)         0.066     1.552    semseg_one2many/an_ff_reg[3]
  -------------------------------------------------------------------
                         required time                         -1.552    
                         arrival time                           1.783    
  -------------------------------------------------------------------
                         slack                                  0.230    

Slack (MET) :             0.231ns  (arrival time - required time)
  Source:                 semseg_one2many/an_ff_reg[6]/C
                            (rising edge-triggered cell FDPE clocked by sys_clk_pin  {rise@0.000ns fall@5.000ns period=10.000ns})
  Destination:            semseg_one2many/an_ff_reg[7]_lopt_replica/D
                            (rising edge-triggered cell FDPE clocked by sys_clk_pin  {rise@0.000ns fall@5.000ns period=10.000ns})
  Path Group:             sys_clk_pin
  Path Type:              Hold (Min at Fast Process Corner)
  Requirement:            0.000ns  (sys_clk_pin rise@0.000ns - sys_clk_pin rise@0.000ns)
  Data Path Delay:        0.309ns  (logic 0.141ns (45.616%)  route 0.168ns (54.384%))
  Logic Levels:           0  
  Clock Path Skew:        0.015ns (DCD - SCD - CPR)
    Destination Clock Delay (DCD):    2.002ns
    Source Clock Delay      (SCD):    1.486ns
    Clock Pessimism Removal (CPR):    0.500ns

    Location             Delay type                Incr(ns)  Path(ns)    Netlist Resource(s)
  -------------------------------------------------------------------    -------------------
                         (clock sys_clk_pin rise edge)
                                                      0.000     0.000 r  
    E3                                                0.000     0.000 r  clk_i (IN)
                         net (fo=0)                   0.000     0.000    clk_i
    E3                   IBUF (Prop_ibuf_I_O)         0.250     0.250 r  clk_i_IBUF_inst/O
                         net (fo=1, routed)           0.644     0.894    clk_i_IBUF
    BUFGCTRL_X0Y16       BUFG (Prop_bufg_I_O)         0.026     0.920 r  clk_i_IBUF_BUFG_inst/O
                         net (fo=44, routed)          0.567     1.486    semseg_one2many/CLK
    SLICE_X32Y85         FDPE                                         r  semseg_one2many/an_ff_reg[6]/C
  -------------------------------------------------------------------    -------------------
    SLICE_X32Y85         FDPE (Prop_fdpe_C_Q)         0.141     1.627 r  semseg_one2many/an_ff_reg[6]/Q
                         net (fo=6, routed)           0.168     1.795    semseg_one2many/Q[6]
    SLICE_X30Y85         FDPE                                         r  semseg_one2many/an_ff_reg[7]_lopt_replica/D
  -------------------------------------------------------------------    -------------------

                         (clock sys_clk_pin rise edge)
                                                      0.000     0.000 r  
    E3                                                0.000     0.000 r  clk_i (IN)
                         net (fo=0)                   0.000     0.000    clk_i
    E3                   IBUF (Prop_ibuf_I_O)         0.438     0.438 r  clk_i_IBUF_inst/O
                         net (fo=1, routed)           0.699     1.136    clk_i_IBUF
    BUFGCTRL_X0Y16       BUFG (Prop_bufg_I_O)         0.029     1.165 r  clk_i_IBUF_BUFG_inst/O
                         net (fo=44, routed)          0.837     2.002    semseg_one2many/CLK
    SLICE_X30Y85         FDPE                                         r  semseg_one2many/an_ff_reg[7]_lopt_replica/C
                         clock pessimism             -0.500     1.501    
    SLICE_X30Y85         FDPE (Hold_fdpe_C_D)         0.063     1.564    semseg_one2many/an_ff_reg[7]_lopt_replica
  -------------------------------------------------------------------
                         required time                         -1.564    
                         arrival time                           1.795    
  -------------------------------------------------------------------
                         slack                                  0.231    

Slack (MET) :             0.237ns  (arrival time - required time)
  Source:                 semseg_one2many/counter_ff_reg[5]/C
                            (rising edge-triggered cell FDCE clocked by sys_clk_pin  {rise@0.000ns fall@5.000ns period=10.000ns})
  Destination:            semseg_one2many/counter_ff_reg[5]/D
                            (rising edge-triggered cell FDCE clocked by sys_clk_pin  {rise@0.000ns fall@5.000ns period=10.000ns})
  Path Group:             sys_clk_pin
  Path Type:              Hold (Min at Fast Process Corner)
  Requirement:            0.000ns  (sys_clk_pin rise@0.000ns - sys_clk_pin rise@0.000ns)
  Data Path Delay:        0.358ns  (logic 0.209ns (58.341%)  route 0.149ns (41.659%))
  Logic Levels:           1  (LUT6=1)
  Clock Path Skew:        0.000ns (DCD - SCD - CPR)
    Destination Clock Delay (DCD):    2.000ns
    Source Clock Delay      (SCD):    1.483ns
    Clock Pessimism Removal (CPR):    0.516ns

    Location             Delay type                Incr(ns)  Path(ns)    Netlist Resource(s)
  -------------------------------------------------------------------    -------------------
                         (clock sys_clk_pin rise edge)
                                                      0.000     0.000 r  
    E3                                                0.000     0.000 r  clk_i (IN)
                         net (fo=0)                   0.000     0.000    clk_i
    E3                   IBUF (Prop_ibuf_I_O)         0.250     0.250 r  clk_i_IBUF_inst/O
                         net (fo=1, routed)           0.644     0.894    clk_i_IBUF
    BUFGCTRL_X0Y16       BUFG (Prop_bufg_I_O)         0.026     0.920 r  clk_i_IBUF_BUFG_inst/O
                         net (fo=44, routed)          0.564     1.483    semseg_one2many/CLK
    SLICE_X38Y85         FDCE                                         r  semseg_one2many/counter_ff_reg[5]/C
  -------------------------------------------------------------------    -------------------
    SLICE_X38Y85         FDCE (Prop_fdce_C_Q)         0.164     1.647 r  semseg_one2many/counter_ff_reg[5]/Q
                         net (fo=3, routed)           0.149     1.797    semseg_one2many/counter_ff_reg__0[5]
    SLICE_X38Y85         LUT6 (Prop_lut6_I5_O)        0.045     1.842 r  semseg_one2many/counter_ff[5]_i_1/O
                         net (fo=1, routed)           0.000     1.842    semseg_one2many/counter_next[5]
    SLICE_X38Y85         FDCE                                         r  semseg_one2many/counter_ff_reg[5]/D
  -------------------------------------------------------------------    -------------------

                         (clock sys_clk_pin rise edge)
                                                      0.000     0.000 r  
    E3                                                0.000     0.000 r  clk_i (IN)
                         net (fo=0)                   0.000     0.000    clk_i
    E3                   IBUF (Prop_ibuf_I_O)         0.438     0.438 r  clk_i_IBUF_inst/O
                         net (fo=1, routed)           0.699     1.136    clk_i_IBUF
    BUFGCTRL_X0Y16       BUFG (Prop_bufg_I_O)         0.029     1.165 r  clk_i_IBUF_BUFG_inst/O
                         net (fo=44, routed)          0.835     2.000    semseg_one2many/CLK
    SLICE_X38Y85         FDCE                                         r  semseg_one2many/counter_ff_reg[5]/C
                         clock pessimism             -0.516     1.483    
    SLICE_X38Y85         FDCE (Hold_fdce_C_D)         0.121     1.604    semseg_one2many/counter_ff_reg[5]
  -------------------------------------------------------------------
                         required time                         -1.604    
                         arrival time                           1.842    
  -------------------------------------------------------------------
                         slack                                  0.237    

Slack (MET) :             0.244ns  (arrival time - required time)
  Source:                 semseg_one2many/counter_ff_reg[8]/C
                            (rising edge-triggered cell FDCE clocked by sys_clk_pin  {rise@0.000ns fall@5.000ns period=10.000ns})
  Destination:            semseg_one2many/counter_ff_reg[9]/D
                            (rising edge-triggered cell FDCE clocked by sys_clk_pin  {rise@0.000ns fall@5.000ns period=10.000ns})
  Path Group:             sys_clk_pin
  Path Type:              Hold (Min at Fast Process Corner)
  Requirement:            0.000ns  (sys_clk_pin rise@0.000ns - sys_clk_pin rise@0.000ns)
  Data Path Delay:        0.351ns  (logic 0.183ns (52.101%)  route 0.168ns (47.899%))
  Logic Levels:           1  (LUT5=1)
  Clock Path Skew:        0.000ns (DCD - SCD - CPR)
    Destination Clock Delay (DCD):    2.001ns
    Source Clock Delay      (SCD):    1.485ns
    Clock Pessimism Removal (CPR):    0.515ns

    Location             Delay type                Incr(ns)  Path(ns)    Netlist Resource(s)
  -------------------------------------------------------------------    -------------------
                         (clock sys_clk_pin rise edge)
                                                      0.000     0.000 r  
    E3                                                0.000     0.000 r  clk_i (IN)
                         net (fo=0)                   0.000     0.000    clk_i
    E3                   IBUF (Prop_ibuf_I_O)         0.250     0.250 r  clk_i_IBUF_inst/O
                         net (fo=1, routed)           0.644     0.894    clk_i_IBUF
    BUFGCTRL_X0Y16       BUFG (Prop_bufg_I_O)         0.026     0.920 r  clk_i_IBUF_BUFG_inst/O
                         net (fo=44, routed)          0.566     1.485    semseg_one2many/CLK
    SLICE_X37Y85         FDCE                                         r  semseg_one2many/counter_ff_reg[8]/C
  -------------------------------------------------------------------    -------------------
    SLICE_X37Y85         FDCE (Prop_fdce_C_Q)         0.141     1.626 r  semseg_one2many/counter_ff_reg[8]/Q
                         net (fo=3, routed)           0.168     1.795    semseg_one2many/counter_ff_reg__0[8]
    SLICE_X37Y85         LUT5 (Prop_lut5_I0_O)        0.042     1.837 r  semseg_one2many/counter_ff[9]_i_1/O
                         net (fo=1, routed)           0.000     1.837    semseg_one2many/counter_next[9]
    SLICE_X37Y85         FDCE                                         r  semseg_one2many/counter_ff_reg[9]/D
  -------------------------------------------------------------------    -------------------

                         (clock sys_clk_pin rise edge)
                                                      0.000     0.000 r  
    E3                                                0.000     0.000 r  clk_i (IN)
                         net (fo=0)                   0.000     0.000    clk_i
    E3                   IBUF (Prop_ibuf_I_O)         0.438     0.438 r  clk_i_IBUF_inst/O
                         net (fo=1, routed)           0.699     1.136    clk_i_IBUF
    BUFGCTRL_X0Y16       BUFG (Prop_bufg_I_O)         0.029     1.165 r  clk_i_IBUF_BUFG_inst/O
                         net (fo=44, routed)          0.836     2.001    semseg_one2many/CLK
    SLICE_X37Y85         FDCE                                         r  semseg_one2many/counter_ff_reg[9]/C
                         clock pessimism             -0.515     1.485    
    SLICE_X37Y85         FDCE (Hold_fdce_C_D)         0.107     1.592    semseg_one2many/counter_ff_reg[9]
  -------------------------------------------------------------------
                         required time                         -1.592    
                         arrival time                           1.837    
  -------------------------------------------------------------------
                         slack                                  0.244    

Slack (MET) :             0.245ns  (arrival time - required time)
  Source:                 sync/sync_buffer_ff_reg[0]/C
                            (rising edge-triggered cell FDRE clocked by sys_clk_pin  {rise@0.000ns fall@5.000ns period=10.000ns})
  Destination:            sync/sync_buffer_ff_reg[1]/D
                            (rising edge-triggered cell FDRE clocked by sys_clk_pin  {rise@0.000ns fall@5.000ns period=10.000ns})
  Path Group:             sys_clk_pin
  Path Type:              Hold (Min at Fast Process Corner)
  Requirement:            0.000ns  (sys_clk_pin rise@0.000ns - sys_clk_pin rise@0.000ns)
  Data Path Delay:        0.311ns  (logic 0.141ns (45.298%)  route 0.170ns (54.702%))
  Logic Levels:           0  
  Clock Path Skew:        0.000ns (DCD - SCD - CPR)
    Destination Clock Delay (DCD):    2.000ns
    Source Clock Delay      (SCD):    1.483ns
    Clock Pessimism Removal (CPR):    0.516ns

    Location             Delay type                Incr(ns)  Path(ns)    Netlist Resource(s)
  -------------------------------------------------------------------    -------------------
                         (clock sys_clk_pin rise edge)
                                                      0.000     0.000 r  
    E3                                                0.000     0.000 r  clk_i (IN)
                         net (fo=0)                   0.000     0.000    clk_i
    E3                   IBUF (Prop_ibuf_I_O)         0.250     0.250 r  clk_i_IBUF_inst/O
                         net (fo=1, routed)           0.644     0.894    clk_i_IBUF
    BUFGCTRL_X0Y16       BUFG (Prop_bufg_I_O)         0.026     0.920 r  clk_i_IBUF_BUFG_inst/O
                         net (fo=44, routed)          0.564     1.483    sync/CLK
    SLICE_X59Y89         FDRE                                         r  sync/sync_buffer_ff_reg[0]/C
  -------------------------------------------------------------------    -------------------
    SLICE_X59Y89         FDRE (Prop_fdre_C_Q)         0.141     1.624 r  sync/sync_buffer_ff_reg[0]/Q
                         net (fo=1, routed)           0.170     1.795    sync/sync_buffer_next[1]
    SLICE_X59Y89         FDRE                                         r  sync/sync_buffer_ff_reg[1]/D
  -------------------------------------------------------------------    -------------------

                         (clock sys_clk_pin rise edge)
                                                      0.000     0.000 r  
    E3                                                0.000     0.000 r  clk_i (IN)
                         net (fo=0)                   0.000     0.000    clk_i
    E3                   IBUF (Prop_ibuf_I_O)         0.438     0.438 r  clk_i_IBUF_inst/O
                         net (fo=1, routed)           0.699     1.136    clk_i_IBUF
    BUFGCTRL_X0Y16       BUFG (Prop_bufg_I_O)         0.029     1.165 r  clk_i_IBUF_BUFG_inst/O
                         net (fo=44, routed)          0.835     2.000    sync/CLK
    SLICE_X59Y89         FDRE                                         r  sync/sync_buffer_ff_reg[1]/C
                         clock pessimism             -0.516     1.483    
    SLICE_X59Y89         FDRE (Hold_fdre_C_D)         0.066     1.549    sync/sync_buffer_ff_reg[1]
  -------------------------------------------------------------------
                         required time                         -1.549    
                         arrival time                           1.795    
  -------------------------------------------------------------------
                         slack                                  0.245    

Slack (MET) :             0.247ns  (arrival time - required time)
  Source:                 sync/sync_buffer_ff_reg[1]/C
                            (rising edge-triggered cell FDRE clocked by sys_clk_pin  {rise@0.000ns fall@5.000ns period=10.000ns})
  Destination:            sync/sync_buffer_ff_reg[2]/D
                            (rising edge-triggered cell FDRE clocked by sys_clk_pin  {rise@0.000ns fall@5.000ns period=10.000ns})
  Path Group:             sys_clk_pin
  Path Type:              Hold (Min at Fast Process Corner)
  Requirement:            0.000ns  (sys_clk_pin rise@0.000ns - sys_clk_pin rise@0.000ns)
  Data Path Delay:        0.317ns  (logic 0.141ns (44.419%)  route 0.176ns (55.582%))
  Logic Levels:           0  
  Clock Path Skew:        0.000ns (DCD - SCD - CPR)
    Destination Clock Delay (DCD):    2.000ns
    Source Clock Delay      (SCD):    1.483ns
    Clock Pessimism Removal (CPR):    0.516ns

    Location             Delay type                Incr(ns)  Path(ns)    Netlist Resource(s)
  -------------------------------------------------------------------    -------------------
                         (clock sys_clk_pin rise edge)
                                                      0.000     0.000 r  
    E3                                                0.000     0.000 r  clk_i (IN)
                         net (fo=0)                   0.000     0.000    clk_i
    E3                   IBUF (Prop_ibuf_I_O)         0.250     0.250 r  clk_i_IBUF_inst/O
                         net (fo=1, routed)           0.644     0.894    clk_i_IBUF
    BUFGCTRL_X0Y16       BUFG (Prop_bufg_I_O)         0.026     0.920 r  clk_i_IBUF_BUFG_inst/O
                         net (fo=44, routed)          0.564     1.483    sync/CLK
    SLICE_X59Y89         FDRE                                         r  sync/sync_buffer_ff_reg[1]/C
  -------------------------------------------------------------------    -------------------
    SLICE_X59Y89         FDRE (Prop_fdre_C_Q)         0.141     1.624 r  sync/sync_buffer_ff_reg[1]/Q
                         net (fo=1, routed)           0.176     1.801    sync/sync_buffer_next[2]
    SLICE_X59Y89         FDRE                                         r  sync/sync_buffer_ff_reg[2]/D
  -------------------------------------------------------------------    -------------------

                         (clock sys_clk_pin rise edge)
                                                      0.000     0.000 r  
    E3                                                0.000     0.000 r  clk_i (IN)
                         net (fo=0)                   0.000     0.000    clk_i
    E3                   IBUF (Prop_ibuf_I_O)         0.438     0.438 r  clk_i_IBUF_inst/O
                         net (fo=1, routed)           0.699     1.136    clk_i_IBUF
    BUFGCTRL_X0Y16       BUFG (Prop_bufg_I_O)         0.029     1.165 r  clk_i_IBUF_BUFG_inst/O
                         net (fo=44, routed)          0.835     2.000    sync/CLK
    SLICE_X59Y89         FDRE                                         r  sync/sync_buffer_ff_reg[2]/C
                         clock pessimism             -0.516     1.483    
    SLICE_X59Y89         FDRE (Hold_fdre_C_D)         0.070     1.553    sync/sync_buffer_ff_reg[2]
  -------------------------------------------------------------------
                         required time                         -1.553    
                         arrival time                           1.801    
  -------------------------------------------------------------------
                         slack                                  0.247    

Slack (MET) :             0.254ns  (arrival time - required time)
  Source:                 semseg_one2many/an_ff_reg[4]/C
                            (rising edge-triggered cell FDPE clocked by sys_clk_pin  {rise@0.000ns fall@5.000ns period=10.000ns})
  Destination:            semseg_one2many/an_ff_reg[5]/D
                            (rising edge-triggered cell FDPE clocked by sys_clk_pin  {rise@0.000ns fall@5.000ns period=10.000ns})
  Path Group:             sys_clk_pin
  Path Type:              Hold (Min at Fast Process Corner)
  Requirement:            0.000ns  (sys_clk_pin rise@0.000ns - sys_clk_pin rise@0.000ns)
  Data Path Delay:        0.286ns  (logic 0.148ns (51.715%)  route 0.138ns (48.285%))
  Logic Levels:           0  
  Clock Path Skew:        0.015ns (DCD - SCD - CPR)
    Destination Clock Delay (DCD):    2.002ns
    Source Clock Delay      (SCD):    1.486ns
    Clock Pessimism Removal (CPR):    0.500ns

    Location             Delay type                Incr(ns)  Path(ns)    Netlist Resource(s)
  -------------------------------------------------------------------    -------------------
                         (clock sys_clk_pin rise edge)
                                                      0.000     0.000 r  
    E3                                                0.000     0.000 r  clk_i (IN)
                         net (fo=0)                   0.000     0.000    clk_i
    E3                   IBUF (Prop_ibuf_I_O)         0.250     0.250 r  clk_i_IBUF_inst/O
                         net (fo=1, routed)           0.644     0.894    clk_i_IBUF
    BUFGCTRL_X0Y16       BUFG (Prop_bufg_I_O)         0.026     0.920 r  clk_i_IBUF_BUFG_inst/O
                         net (fo=44, routed)          0.567     1.486    semseg_one2many/CLK
    SLICE_X30Y86         FDPE                                         r  semseg_one2many/an_ff_reg[4]/C
  -------------------------------------------------------------------    -------------------
    SLICE_X30Y86         FDPE (Prop_fdpe_C_Q)         0.148     1.634 r  semseg_one2many/an_ff_reg[4]/Q
                         net (fo=6, routed)           0.138     1.773    semseg_one2many/Q[4]
    SLICE_X32Y85         FDPE                                         r  semseg_one2many/an_ff_reg[5]/D
  -------------------------------------------------------------------    -------------------

                         (clock sys_clk_pin rise edge)
                                                      0.000     0.000 r  
    E3                                                0.000     0.000 r  clk_i (IN)
                         net (fo=0)                   0.000     0.000    clk_i
    E3                   IBUF (Prop_ibuf_I_O)         0.438     0.438 r  clk_i_IBUF_inst/O
                         net (fo=1, routed)           0.699     1.136    clk_i_IBUF
    BUFGCTRL_X0Y16       BUFG (Prop_bufg_I_O)         0.029     1.165 r  clk_i_IBUF_BUFG_inst/O
                         net (fo=44, routed)          0.837     2.002    semseg_one2many/CLK
    SLICE_X32Y85         FDPE                                         r  semseg_one2many/an_ff_reg[5]/C
                         clock pessimism             -0.500     1.501    
    SLICE_X32Y85         FDPE (Hold_fdpe_C_D)         0.017     1.518    semseg_one2many/an_ff_reg[5]
  -------------------------------------------------------------------
                         required time                         -1.518    
                         arrival time                           1.773    
  -------------------------------------------------------------------
                         slack                                  0.254    

Slack (MET) :             0.263ns  (arrival time - required time)
  Source:                 semseg_one2many/counter_ff_reg[8]/C
                            (rising edge-triggered cell FDCE clocked by sys_clk_pin  {rise@0.000ns fall@5.000ns period=10.000ns})
  Destination:            semseg_one2many/counter_ff_reg[8]/D
                            (rising edge-triggered cell FDCE clocked by sys_clk_pin  {rise@0.000ns fall@5.000ns period=10.000ns})
  Path Group:             sys_clk_pin
  Path Type:              Hold (Min at Fast Process Corner)
  Requirement:            0.000ns  (sys_clk_pin rise@0.000ns - sys_clk_pin rise@0.000ns)
  Data Path Delay:        0.354ns  (logic 0.186ns (52.507%)  route 0.168ns (47.493%))
  Logic Levels:           1  (LUT4=1)
  Clock Path Skew:        0.000ns (DCD - SCD - CPR)
    Destination Clock Delay (DCD):    2.001ns
    Source Clock Delay      (SCD):    1.485ns
    Clock Pessimism Removal (CPR):    0.515ns

    Location             Delay type                Incr(ns)  Path(ns)    Netlist Resource(s)
  -------------------------------------------------------------------    -------------------
                         (clock sys_clk_pin rise edge)
                                                      0.000     0.000 r  
    E3                                                0.000     0.000 r  clk_i (IN)
                         net (fo=0)                   0.000     0.000    clk_i
    E3                   IBUF (Prop_ibuf_I_O)         0.250     0.250 r  clk_i_IBUF_inst/O
                         net (fo=1, routed)           0.644     0.894    clk_i_IBUF
    BUFGCTRL_X0Y16       BUFG (Prop_bufg_I_O)         0.026     0.920 r  clk_i_IBUF_BUFG_inst/O
                         net (fo=44, routed)          0.566     1.485    semseg_one2many/CLK
    SLICE_X37Y85         FDCE                                         r  semseg_one2many/counter_ff_reg[8]/C
  -------------------------------------------------------------------    -------------------
    SLICE_X37Y85         FDCE (Prop_fdce_C_Q)         0.141     1.626 r  semseg_one2many/counter_ff_reg[8]/Q
                         net (fo=3, routed)           0.168     1.795    semseg_one2many/counter_ff_reg__0[8]
    SLICE_X37Y85         LUT4 (Prop_lut4_I3_O)        0.045     1.840 r  semseg_one2many/counter_ff[8]_i_1/O
                         net (fo=1, routed)           0.000     1.840    semseg_one2many/counter_next[8]
    SLICE_X37Y85         FDCE                                         r  semseg_one2many/counter_ff_reg[8]/D
  -------------------------------------------------------------------    -------------------

                         (clock sys_clk_pin rise edge)
                                                      0.000     0.000 r  
    E3                                                0.000     0.000 r  clk_i (IN)
                         net (fo=0)                   0.000     0.000    clk_i
    E3                   IBUF (Prop_ibuf_I_O)         0.438     0.438 r  clk_i_IBUF_inst/O
                         net (fo=1, routed)           0.699     1.136    clk_i_IBUF
    BUFGCTRL_X0Y16       BUFG (Prop_bufg_I_O)         0.029     1.165 r  clk_i_IBUF_BUFG_inst/O
                         net (fo=44, routed)          0.836     2.001    semseg_one2many/CLK
    SLICE_X37Y85         FDCE                                         r  semseg_one2many/counter_ff_reg[8]/C
                         clock pessimism             -0.515     1.485    
    SLICE_X37Y85         FDCE (Hold_fdce_C_D)         0.091     1.576    semseg_one2many/counter_ff_reg[8]
  -------------------------------------------------------------------
                         required time                         -1.576    
                         arrival time                           1.840    
  -------------------------------------------------------------------
                         slack                                  0.263    





Pulse Width Checks
--------------------------------------------------------------------------------------
Clock Name:         sys_clk_pin
Waveform(ns):       { 0.000 5.000 }
Period(ns):         10.000
Sources:            { clk_i }

Check Type        Corner  Lib Pin  Reference Pin  Required(ns)  Actual(ns)  Slack(ns)  Location        Pin
Min Period        n/a     BUFG/I   n/a            2.155         10.000      7.845      BUFGCTRL_X0Y16  clk_i_IBUF_BUFG_inst/I
Min Period        n/a     FDRE/C   n/a            1.000         10.000      9.000      SLICE_X58Y89    debounce/counter_ff_reg[0]/C
Min Period        n/a     FDRE/C   n/a            1.000         10.000      9.000      SLICE_X58Y91    debounce/counter_ff_reg[10]/C
Min Period        n/a     FDRE/C   n/a            1.000         10.000      9.000      SLICE_X58Y91    debounce/counter_ff_reg[11]/C
Min Period        n/a     FDRE/C   n/a            1.000         10.000      9.000      SLICE_X58Y92    debounce/counter_ff_reg[12]/C
Min Period        n/a     FDRE/C   n/a            1.000         10.000      9.000      SLICE_X58Y92    debounce/counter_ff_reg[13]/C
Min Period        n/a     FDRE/C   n/a            1.000         10.000      9.000      SLICE_X58Y89    debounce/counter_ff_reg[1]/C
Min Period        n/a     FDRE/C   n/a            1.000         10.000      9.000      SLICE_X58Y89    debounce/counter_ff_reg[2]/C
Min Period        n/a     FDRE/C   n/a            1.000         10.000      9.000      SLICE_X58Y89    debounce/counter_ff_reg[3]/C
Min Period        n/a     FDRE/C   n/a            1.000         10.000      9.000      SLICE_X58Y90    debounce/counter_ff_reg[4]/C
Low Pulse Width   Slow    FDRE/C   n/a            0.500         5.000       4.500      SLICE_X58Y91    debounce/counter_ff_reg[10]/C
Low Pulse Width   Slow    FDRE/C   n/a            0.500         5.000       4.500      SLICE_X58Y91    debounce/counter_ff_reg[11]/C
Low Pulse Width   Slow    FDRE/C   n/a            0.500         5.000       4.500      SLICE_X58Y92    debounce/counter_ff_reg[12]/C
Low Pulse Width   Slow    FDRE/C   n/a            0.500         5.000       4.500      SLICE_X58Y92    debounce/counter_ff_reg[13]/C
Low Pulse Width   Slow    FDRE/C   n/a            0.500         5.000       4.500      SLICE_X58Y91    debounce/counter_ff_reg[8]/C
Low Pulse Width   Slow    FDRE/C   n/a            0.500         5.000       4.500      SLICE_X58Y91    debounce/counter_ff_reg[9]/C
Low Pulse Width   Fast    FDRE/C   n/a            0.500         5.000       4.500      SLICE_X58Y89    debounce/counter_ff_reg[0]/C
Low Pulse Width   Fast    FDRE/C   n/a            0.500         5.000       4.500      SLICE_X58Y91    debounce/counter_ff_reg[10]/C
Low Pulse Width   Fast    FDRE/C   n/a            0.500         5.000       4.500      SLICE_X58Y91    debounce/counter_ff_reg[11]/C
Low Pulse Width   Fast    FDRE/C   n/a            0.500         5.000       4.500      SLICE_X58Y92    debounce/counter_ff_reg[12]/C
High Pulse Width  Slow    FDRE/C   n/a            0.500         5.000       4.500      SLICE_X58Y91    debounce/counter_ff_reg[10]/C
High Pulse Width  Slow    FDRE/C   n/a            0.500         5.000       4.500      SLICE_X58Y91    debounce/counter_ff_reg[11]/C
High Pulse Width  Slow    FDRE/C   n/a            0.500         5.000       4.500      SLICE_X58Y92    debounce/counter_ff_reg[12]/C
High Pulse Width  Slow    FDRE/C   n/a            0.500         5.000       4.500      SLICE_X58Y92    debounce/counter_ff_reg[13]/C
High Pulse Width  Slow    FDRE/C   n/a            0.500         5.000       4.500      SLICE_X58Y91    debounce/counter_ff_reg[8]/C
High Pulse Width  Slow    FDRE/C   n/a            0.500         5.000       4.500      SLICE_X58Y91    debounce/counter_ff_reg[9]/C
High Pulse Width  Slow    FDCE/C   n/a            0.500         5.000       4.500      SLICE_X31Y86    semseg_one2many/an_ff_reg[0]/C
High Pulse Width  Slow    FDCE/C   n/a            0.500         5.000       4.500      SLICE_X30Y86    semseg_one2many/an_ff_reg[0]_lopt_replica/C
High Pulse Width  Slow    FDPE/C   n/a            0.500         5.000       4.500      SLICE_X31Y86    semseg_one2many/an_ff_reg[1]/C
High Pulse Width  Slow    FDPE/C   n/a            0.500         5.000       4.500      SLICE_X30Y86    semseg_one2many/an_ff_reg[1]_lopt_replica/C



