#-----------------------------------------------------------
# Vivado v2018.3 (64-bit)
# SW Build 2405991 on Thu Dec  6 23:38:27 MST 2018
# IP Build 2404404 on Fri Dec  7 01:43:56 MST 2018
# Start of session at: Mon Dec 15 12:31:05 2025
# Process ID: 36724
# Current directory: C:/Users/SZHerio/Desktop/APS/08.Load-store unit
# Command line: vivado.exe -gui_launcher_event rodinguilauncherevent34044 C:\Users\SZHerio\Desktop\APS\08.Load-store unit\08.Load-store unit.xpr
# Log file: C:/Users/SZHerio/Desktop/APS/08.Load-store unit/vivado.log
# Journal file: C:/Users/SZHerio/Desktop/APS/08.Load-store unit\vivado.jou
#-----------------------------------------------------------
start_gui
open_project {C:/Users/SZHerio/Desktop/APS/08.Load-store unit/08.Load-store unit.xpr}
Scanning sources...
Finished scanning sources
INFO: [IP_Flow 19-234] Refreshing IP repositories
INFO: [IP_Flow 19-1704] No user IP repositories specified
INFO: [IP_Flow 19-2313] Loaded Vivado IP repository 'C:/Xilinx/Vivado/2018.3/data/ip'.
update_compile_order -fileset sources_1
launch_simulation
INFO: [Vivado 12-5682] Launching behavioral simulation in 'C:/Users/SZHerio/Desktop/APS/08.Load-store unit/08.Load-store unit.sim/sim_1/behav/xsim'
INFO: [SIM-utils-51] Simulation object is 'sim_1'
INFO: [SIM-utils-54] Inspecting design source files for 'lab_08_tb_lsu' in fileset 'sim_1'...
INFO: [USF-XSim-97] Finding global include files...
INFO: [USF-XSim-98] Fetching design files from 'sim_1'...
INFO: [USF-XSim-2] XSim::Compile design
INFO: [USF-XSim-61] Executing 'COMPILE and ANALYZE' step in 'C:/Users/SZHerio/Desktop/APS/08.Load-store unit/08.Load-store unit.sim/sim_1/behav/xsim'
"xvlog --incr --relax -prj lab_08_tb_lsu_vlog.prj"
INFO: [VRFC 10-2263] Analyzing SystemVerilog file "C:/Users/SZHerio/Desktop/APS/08.Load-store unit/08.Load-store unit.srcs/sources_1/new/decoder_pkg.sv" into library xil_defaultlib
INFO: [VRFC 10-2263] Analyzing SystemVerilog file "C:/Users/SZHerio/Desktop/APS/08.Load-store unit/08.Load-store unit.srcs/sources_1/new/lsu.sv" into library xil_defaultlib
INFO: [VRFC 10-311] analyzing module lsu
INFO: [VRFC 10-2263] Analyzing SystemVerilog file "C:/Users/SZHerio/Desktop/APS/08.Load-store unit/08.Load-store unit.srcs/sources_1/new/lab_08.tb_lsu.sv" into library xil_defaultlib
INFO: [VRFC 10-311] analyzing module lab_08_tb_lsu
INFO: [VRFC 10-311] analyzing module lsu_ref
INFO: [USF-XSim-69] 'compile' step finished in '1' seconds
INFO: [USF-XSim-3] XSim::Elaborate design
INFO: [USF-XSim-61] Executing 'ELABORATE' step in 'C:/Users/SZHerio/Desktop/APS/08.Load-store unit/08.Load-store unit.sim/sim_1/behav/xsim'
Vivado Simulator 2018.3
Copyright 1986-1999, 2001-2018 Xilinx, Inc. All Rights Reserved.
Running: C:/Xilinx/Vivado/2018.3/bin/unwrapped/win64.o/xelab.exe -wto 7494db40fc104eed9bfe17c7ee03c8d9 --incr --debug typical --relax --mt 2 -L xil_defaultlib -L unisims_ver -L unimacro_ver -L secureip --snapshot lab_08_tb_lsu_behav xil_defaultlib.lab_08_tb_lsu xil_defaultlib.glbl -log elaborate.log 
Using 2 slave threads.
Starting static elaboration
Completed static elaboration
WARNING: [XSIM 43-4455] File "C:/Users/SZHerio/Desktop/APS/08.Load-store unit/08.Load-store unit.srcs/sources_1/new/lab_08.tb_lsu.sv" Line 107 : Unsupported feature in assertion/property/sequence 'past'. It will be ignored.
WARNING: [XSIM 43-4127] File "C:/Users/SZHerio/Desktop/APS/08.Load-store unit/08.Load-store unit.srcs/sources_1/new/lab_08.tb_lsu.sv" Line 107 : The "System Verilog Assertion" is not supported yet for simulation. The statement will be ignored.
WARNING: [XSIM 43-4127] File "C:/Users/SZHerio/Desktop/APS/08.Load-store unit/08.Load-store unit.srcs/sources_1/new/lab_08.tb_lsu.sv" Line 116 : The "System Verilog Assertion" is not supported yet for simulation. The statement will be ignored.
WARNING: [XSIM 43-4127] File "C:/Users/SZHerio/Desktop/APS/08.Load-store unit/08.Load-store unit.srcs/sources_1/new/lab_08.tb_lsu.sv" Line 125 : The "System Verilog Assertion" is not supported yet for simulation. The statement will be ignored.
WARNING: [XSIM 43-4127] File "C:/Users/SZHerio/Desktop/APS/08.Load-store unit/08.Load-store unit.srcs/sources_1/new/lab_08.tb_lsu.sv" Line 134 : The "System Verilog Assertion" is not supported yet for simulation. The statement will be ignored.
WARNING: [XSIM 43-4127] File "C:/Users/SZHerio/Desktop/APS/08.Load-store unit/08.Load-store unit.srcs/sources_1/new/lab_08.tb_lsu.sv" Line 143 : The "System Verilog Assertion" is not supported yet for simulation. The statement will be ignored.
WARNING: [XSIM 43-4127] File "C:/Users/SZHerio/Desktop/APS/08.Load-store unit/08.Load-store unit.srcs/sources_1/new/lab_08.tb_lsu.sv" Line 151 : The "System Verilog Assertion" is not supported yet for simulation. The statement will be ignored.
WARNING: [XSIM 43-4127] File "C:/Users/SZHerio/Desktop/APS/08.Load-store unit/08.Load-store unit.srcs/sources_1/new/lab_08.tb_lsu.sv" Line 159 : The "System Verilog Assertion" is not supported yet for simulation. The statement will be ignored.
WARNING: [XSIM 43-4127] File "C:/Users/SZHerio/Desktop/APS/08.Load-store unit/08.Load-store unit.srcs/sources_1/new/lab_08.tb_lsu.sv" Line 167 : The "System Verilog Assertion" is not supported yet for simulation. The statement will be ignored.
WARNING: [XSIM 43-4127] File "C:/Users/SZHerio/Desktop/APS/08.Load-store unit/08.Load-store unit.srcs/sources_1/new/lab_08.tb_lsu.sv" Line 175 : The "System Verilog Assertion" is not supported yet for simulation. The statement will be ignored.
WARNING: [XSIM 43-4127] File "C:/Users/SZHerio/Desktop/APS/08.Load-store unit/08.Load-store unit.srcs/sources_1/new/lab_08.tb_lsu.sv" Line 183 : The "System Verilog Assertion" is not supported yet for simulation. The statement will be ignored.
WARNING: [XSIM 43-4127] File "C:/Users/SZHerio/Desktop/APS/08.Load-store unit/08.Load-store unit.srcs/sources_1/new/lab_08.tb_lsu.sv" Line 191 : The "System Verilog Assertion" is not supported yet for simulation. The statement will be ignored.
WARNING: [XSIM 43-4127] File "C:/Users/SZHerio/Desktop/APS/08.Load-store unit/08.Load-store unit.srcs/sources_1/new/lab_08.tb_lsu.sv" Line 199 : The "System Verilog Assertion" is not supported yet for simulation. The statement will be ignored.
Starting simulation data flow analysis
WARNING: [XSIM 43-4100] "C:/Users/SZHerio/Desktop/APS/08.Load-store unit/08.Load-store unit.srcs/sources_1/new/lab_08.tb_lsu.sv" Line 11. Module lab_08_tb_lsu has a timescale but at least one module in design doesn't have timescale.
WARNING: [XSIM 43-4100] "C:/Users/SZHerio/Desktop/APS/08.Load-store unit/08.Load-store unit.srcs/sources_1/new/lsu.sv" Line 3. Module lsu has a timescale but at least one module in design doesn't have timescale.
WARNING: [XSIM 43-4100] "C:/Users/SZHerio/Desktop/APS/08.Load-store unit/08.Load-store unit.srcs/sources_1/new/lab_08.tb_lsu.sv" Line 209. Module lsu_ref has a timescale but at least one module in design doesn't have timescale.
WARNING: [XSIM 43-4100] "C:/Users/SZHerio/Desktop/APS/08.Load-store unit/08.Load-store unit.sim/sim_1/behav/xsim/glbl.v" Line 6. Module glbl has a timescale but at least one module in design doesn't have timescale.
Completed simulation data flow analysis
Time Resolution for simulation is 1ps
Compiling package xil_defaultlib.decoder_pkg
Compiling package std.std
Compiling module xil_defaultlib.lsu
Compiling module xil_defaultlib.lsu_ref
Compiling module xil_defaultlib.lab_08_tb_lsu
Compiling module xil_defaultlib.glbl
Built simulation snapshot lab_08_tb_lsu_behav
INFO: [USF-XSim-69] 'elaborate' step finished in '1' seconds
INFO: [USF-XSim-4] XSim::Simulate design
INFO: [USF-XSim-61] Executing 'SIMULATE' step in 'C:/Users/SZHerio/Desktop/APS/08.Load-store unit/08.Load-store unit.sim/sim_1/behav/xsim'
INFO: [USF-XSim-98] *** Running xsim
   with args "lab_08_tb_lsu_behav -key {Behavioral:sim_1:Functional:lab_08_tb_lsu} -tclbatch {lab_08_tb_lsu.tcl} -log {simulate.log}"
INFO: [USF-XSim-8] Loading simulator feature
Vivado Simulator 2018.3
Time resolution is 1 ps
source lab_08_tb_lsu.tcl
# set curr_wave [current_wave_config]
# if { [string length $curr_wave] == 0 } {
#   if { [llength [get_objects]] > 0} {
#     add_wave /
#     set_property needs_save false [current_wave_config]
#   } else {
#      send_msg_id Add_Wave-1 WARNING "No top level signals found. Simulator will start without a wave window. If you want to open a wave window go to 'File->New Waveform Configuration' or type 'create_wave_config' in the TCL console."
#   }
# }
# run 1000ns
Test has been started.
INFO: [USF-XSim-96] XSim completed. Design snapshot 'lab_08_tb_lsu_behav' loaded.
INFO: [USF-XSim-97] XSim simulation ran for 1000ns
launch_simulation: Time (s): cpu = 00:00:05 ; elapsed = 00:00:05 . Memory (MB): peak = 880.973 ; gain = 3.145
close_sim
INFO: [Simtcl 6-16] Simulation closed
exit
INFO: [Common 17-206] Exiting Vivado at Mon Dec 15 17:24:23 2025...
