Vivado Simulator 2018.3
Copyright 1986-1999, 2001-2018 Xilinx, Inc. All Rights Reserved.
Running: C:/Xilinx/Vivado/2018.3/bin/unwrapped/win64.o/xelab.exe -wto b1b48419fd7c4158a789b59b8572fe31 --incr --debug typical --relax --mt 2 -L xil_defaultlib -L unisims_ver -L unimacro_ver -L secureip --snapshot lab_02_tb_alu_behav xil_defaultlib.lab_02_tb_alu xil_defaultlib.glbl -log elaborate.log 
Using 2 slave threads.
Starting static elaboration
WARNING: [VRFC 10-3597] non-void function 'randomize' called as a task without void casting [C:/Users/SZHerio/Downloads/lab_02.tb_alu.sv:113]
WARNING: [VRFC 10-3597] non-void function 'randomize' called as a task without void casting [C:/Users/SZHerio/Downloads/lab_02.tb_alu.sv:123]
WARNING: [VRFC 10-3597] non-void function 'randomize' called as a task without void casting [C:/Users/SZHerio/Downloads/lab_02.tb_alu.sv:149]
WARNING: [VRFC 10-3597] non-void function 'randomize' called as a task without void casting [C:/Users/SZHerio/Downloads/lab_02.tb_alu.sv:158]
WARNING: [VRFC 10-3597] non-void function 'randomize' called as a task without void casting [C:/Users/SZHerio/Downloads/lab_02.tb_alu.sv:167]
WARNING: [VRFC 10-3597] non-void function 'randomize' called as a task without void casting [C:/Users/SZHerio/Downloads/lab_02.tb_alu.sv:177]
WARNING: [VRFC 10-3597] non-void function 'randomize' called as a task without void casting [C:/Users/SZHerio/Downloads/lab_02.tb_alu.sv:196]
WARNING: [VRFC 10-3597] non-void function 'randomize' called as a task without void casting [C:/Users/SZHerio/Downloads/lab_02.tb_alu.sv:197]
Completed static elaboration
Starting simulation data flow analysis
WARNING: [XSIM 43-4100] "C:/Users/SZHerio/Downloads/lab_02.tb_alu.sv" Line 11. Module lab_02_tb_alu has a timescale but at least one module in design doesn't have timescale.
WARNING: [XSIM 43-4100] "C:/Users/SZHerio/Desktop/APS/02.ALU/02.ALU.srcs/sources_1/new/ALU.sv" Line 3. Module alu has a timescale but at least one module in design doesn't have timescale.
WARNING: [XSIM 43-4100] "C:/Users/SZHerio/Desktop/APS/01. Adder/01. Adder.srcs/sources_1/new/fulladder32.sv" Line 3. Module fulladder32_default has a timescale but at least one module in design doesn't have timescale.
WARNING: [XSIM 43-4100] "C:/Users/SZHerio/Desktop/APS/01. Adder/01. Adder.srcs/sources_1/new/fulladder4.sv" Line 3. Module fulladder4_default has a timescale but at least one module in design doesn't have timescale.
WARNING: [XSIM 43-4100] "C:/Users/SZHerio/Desktop/APS/01. Adder/01. Adder.srcs/sources_1/new/fulladder1.sv" Line 3. Module fulladder1 has a timescale but at least one module in design doesn't have timescale.
WARNING: [XSIM 43-4100] "C:/Users/SZHerio/Desktop/APS/01. Adder/01. Adder.srcs/sources_1/new/fulladder1.sv" Line 3. Module fulladder1 has a timescale but at least one module in design doesn't have timescale.
WARNING: [XSIM 43-4100] "C:/Users/SZHerio/Desktop/APS/01. Adder/01. Adder.srcs/sources_1/new/fulladder1.sv" Line 3. Module fulladder1 has a timescale but at least one module in design doesn't have timescale.
WARNING: [XSIM 43-4100] "C:/Users/SZHerio/Desktop/APS/01. Adder/01. Adder.srcs/sources_1/new/fulladder1.sv" Line 3. Module fulladder1 has a timescale but at least one module in design doesn't have timescale.
WARNING: [XSIM 43-4100] "C:/Users/SZHerio/Desktop/APS/01. Adder/01. Adder.srcs/sources_1/new/fulladder4.sv" Line 3. Module fulladder4_default has a timescale but at least one module in design doesn't have timescale.
WARNING: [XSIM 43-4100] "C:/Users/SZHerio/Desktop/APS/01. Adder/01. Adder.srcs/sources_1/new/fulladder1.sv" Line 3. Module fulladder1 has a timescale but at least one module in design doesn't have timescale.
WARNING: [XSIM 43-4100] "C:/Users/SZHerio/Desktop/APS/01. Adder/01. Adder.srcs/sources_1/new/fulladder1.sv" Line 3. Module fulladder1 has a timescale but at least one module in design doesn't have timescale.
WARNING: [XSIM 43-4100] "C:/Users/SZHerio/Desktop/APS/01. Adder/01. Adder.srcs/sources_1/new/fulladder1.sv" Line 3. Module fulladder1 has a timescale but at least one module in design doesn't have timescale.
WARNING: [XSIM 43-4100] "C:/Users/SZHerio/Desktop/APS/01. Adder/01. Adder.srcs/sources_1/new/fulladder1.sv" Line 3. Module fulladder1 has a timescale but at least one module in design doesn't have timescale.
WARNING: [XSIM 43-4100] "C:/Users/SZHerio/Desktop/APS/01. Adder/01. Adder.srcs/sources_1/new/fulladder4.sv" Line 3. Module fulladder4_default has a timescale but at least one module in design doesn't have timescale.
WARNING: [XSIM 43-4100] "C:/Users/SZHerio/Desktop/APS/01. Adder/01. Adder.srcs/sources_1/new/fulladder1.sv" Line 3. Module fulladder1 has a timescale but at least one module in design doesn't have timescale.
WARNING: [XSIM 43-4100] "C:/Users/SZHerio/Desktop/APS/01. Adder/01. Adder.srcs/sources_1/new/fulladder1.sv" Line 3. Module fulladder1 has a timescale but at least one module in design doesn't have timescale.
WARNING: [XSIM 43-4100] "C:/Users/SZHerio/Desktop/APS/01. Adder/01. Adder.srcs/sources_1/new/fulladder1.sv" Line 3. Module fulladder1 has a timescale but at least one module in design doesn't have timescale.
WARNING: [XSIM 43-4100] "C:/Users/SZHerio/Desktop/APS/01. Adder/01. Adder.srcs/sources_1/new/fulladder1.sv" Line 3. Module fulladder1 has a timescale but at least one module in design doesn't have timescale.
WARNING: [XSIM 43-4100] "C:/Users/SZHerio/Desktop/APS/01. Adder/01. Adder.srcs/sources_1/new/fulladder4.sv" Line 3. Module fulladder4_default has a timescale but at least one module in design doesn't have timescale.
WARNING: [XSIM 43-4100] "C:/Users/SZHerio/Desktop/APS/01. Adder/01. Adder.srcs/sources_1/new/fulladder1.sv" Line 3. Module fulladder1 has a timescale but at least one module in design doesn't have timescale.
WARNING: [XSIM 43-4100] "C:/Users/SZHerio/Desktop/APS/01. Adder/01. Adder.srcs/sources_1/new/fulladder1.sv" Line 3. Module fulladder1 has a timescale but at least one module in design doesn't have timescale.
WARNING: [XSIM 43-4100] "C:/Users/SZHerio/Desktop/APS/01. Adder/01. Adder.srcs/sources_1/new/fulladder1.sv" Line 3. Module fulladder1 has a timescale but at least one module in design doesn't have timescale.
WARNING: [XSIM 43-4100] "C:/Users/SZHerio/Desktop/APS/01. Adder/01. Adder.srcs/sources_1/new/fulladder1.sv" Line 3. Module fulladder1 has a timescale but at least one module in design doesn't have timescale.
WARNING: [XSIM 43-4100] "C:/Users/SZHerio/Desktop/APS/01. Adder/01. Adder.srcs/sources_1/new/fulladder4.sv" Line 3. Module fulladder4_default has a timescale but at least one module in design doesn't have timescale.
WARNING: [XSIM 43-4100] "C:/Users/SZHerio/Desktop/APS/01. Adder/01. Adder.srcs/sources_1/new/fulladder1.sv" Line 3. Module fulladder1 has a timescale but at least one module in design doesn't have timescale.
WARNING: [XSIM 43-4100] "C:/Users/SZHerio/Desktop/APS/01. Adder/01. Adder.srcs/sources_1/new/fulladder1.sv" Line 3. Module fulladder1 has a timescale but at least one module in design doesn't have timescale.
WARNING: [XSIM 43-4100] "C:/Users/SZHerio/Desktop/APS/01. Adder/01. Adder.srcs/sources_1/new/fulladder1.sv" Line 3. Module fulladder1 has a timescale but at least one module in design doesn't have timescale.
WARNING: [XSIM 43-4100] "C:/Users/SZHerio/Desktop/APS/01. Adder/01. Adder.srcs/sources_1/new/fulladder1.sv" Line 3. Module fulladder1 has a timescale but at least one module in design doesn't have timescale.
WARNING: [XSIM 43-4100] "C:/Users/SZHerio/Desktop/APS/01. Adder/01. Adder.srcs/sources_1/new/fulladder4.sv" Line 3. Module fulladder4_default has a timescale but at least one module in design doesn't have timescale.
WARNING: [XSIM 43-4100] "C:/Users/SZHerio/Desktop/APS/01. Adder/01. Adder.srcs/sources_1/new/fulladder1.sv" Line 3. Module fulladder1 has a timescale but at least one module in design doesn't have timescale.
WARNING: [XSIM 43-4100] "C:/Users/SZHerio/Desktop/APS/01. Adder/01. Adder.srcs/sources_1/new/fulladder1.sv" Line 3. Module fulladder1 has a timescale but at least one module in design doesn't have timescale.
WARNING: [XSIM 43-4100] "C:/Users/SZHerio/Desktop/APS/01. Adder/01. Adder.srcs/sources_1/new/fulladder1.sv" Line 3. Module fulladder1 has a timescale but at least one module in design doesn't have timescale.
WARNING: [XSIM 43-4100] "C:/Users/SZHerio/Desktop/APS/01. Adder/01. Adder.srcs/sources_1/new/fulladder1.sv" Line 3. Module fulladder1 has a timescale but at least one module in design doesn't have timescale.
WARNING: [XSIM 43-4100] "C:/Users/SZHerio/Desktop/APS/01. Adder/01. Adder.srcs/sources_1/new/fulladder4.sv" Line 3. Module fulladder4_default has a timescale but at least one module in design doesn't have timescale.
WARNING: [XSIM 43-4100] "C:/Users/SZHerio/Desktop/APS/01. Adder/01. Adder.srcs/sources_1/new/fulladder1.sv" Line 3. Module fulladder1 has a timescale but at least one module in design doesn't have timescale.
WARNING: [XSIM 43-4100] "C:/Users/SZHerio/Desktop/APS/01. Adder/01. Adder.srcs/sources_1/new/fulladder1.sv" Line 3. Module fulladder1 has a timescale but at least one module in design doesn't have timescale.
WARNING: [XSIM 43-4100] "C:/Users/SZHerio/Desktop/APS/01. Adder/01. Adder.srcs/sources_1/new/fulladder1.sv" Line 3. Module fulladder1 has a timescale but at least one module in design doesn't have timescale.
WARNING: [XSIM 43-4100] "C:/Users/SZHerio/Desktop/APS/01. Adder/01. Adder.srcs/sources_1/new/fulladder1.sv" Line 3. Module fulladder1 has a timescale but at least one module in design doesn't have timescale.
WARNING: [XSIM 43-4100] "C:/Users/SZHerio/Desktop/APS/01. Adder/01. Adder.srcs/sources_1/new/fulladder4.sv" Line 3. Module fulladder4_default has a timescale but at least one module in design doesn't have timescale.
WARNING: [XSIM 43-4100] "C:/Users/SZHerio/Desktop/APS/01. Adder/01. Adder.srcs/sources_1/new/fulladder1.sv" Line 3. Module fulladder1 has a timescale but at least one module in design doesn't have timescale.
WARNING: [XSIM 43-4100] "C:/Users/SZHerio/Desktop/APS/01. Adder/01. Adder.srcs/sources_1/new/fulladder1.sv" Line 3. Module fulladder1 has a timescale but at least one module in design doesn't have timescale.
WARNING: [XSIM 43-4100] "C:/Users/SZHerio/Desktop/APS/01. Adder/01. Adder.srcs/sources_1/new/fulladder1.sv" Line 3. Module fulladder1 has a timescale but at least one module in design doesn't have timescale.
WARNING: [XSIM 43-4100] "C:/Users/SZHerio/Desktop/APS/01. Adder/01. Adder.srcs/sources_1/new/fulladder1.sv" Line 3. Module fulladder1 has a timescale but at least one module in design doesn't have timescale.
WARNING: [XSIM 43-4100] "C:/Users/SZHerio/Desktop/APS/01. Adder/01. Adder.srcs/sources_1/new/fulladder32.sv" Line 3. Module fulladder32_default has a timescale but at least one module in design doesn't have timescale.
WARNING: [XSIM 43-4100] "C:/Users/SZHerio/Desktop/APS/01. Adder/01. Adder.srcs/sources_1/new/fulladder4.sv" Line 3. Module fulladder4_default has a timescale but at least one module in design doesn't have timescale.
WARNING: [XSIM 43-4100] "C:/Users/SZHerio/Desktop/APS/01. Adder/01. Adder.srcs/sources_1/new/fulladder1.sv" Line 3. Module fulladder1 has a timescale but at least one module in design doesn't have timescale.
WARNING: [XSIM 43-4100] "C:/Users/SZHerio/Desktop/APS/01. Adder/01. Adder.srcs/sources_1/new/fulladder1.sv" Line 3. Module fulladder1 has a timescale but at least one module in design doesn't have timescale.
WARNING: [XSIM 43-4100] "C:/Users/SZHerio/Desktop/APS/01. Adder/01. Adder.srcs/sources_1/new/fulladder1.sv" Line 3. Module fulladder1 has a timescale but at least one module in design doesn't have timescale.
WARNING: [XSIM 43-4100] "C:/Users/SZHerio/Desktop/APS/01. Adder/01. Adder.srcs/sources_1/new/fulladder1.sv" Line 3. Module fulladder1 has a timescale but at least one module in design doesn't have timescale.
WARNING: [XSIM 43-4100] "C:/Users/SZHerio/Desktop/APS/01. Adder/01. Adder.srcs/sources_1/new/fulladder4.sv" Line 3. Module fulladder4_default has a timescale but at least one module in design doesn't have timescale.
INFO: [Common 17-14] Message 'XSIM 43-4100' appears 50 times and further instances of the messages will be disabled. Use the Tcl command set_msg_config to change the current settings.
Completed simulation data flow analysis
Time Resolution for simulation is 1ps
Compiling package xil_defaultlib.alu_opcodes_pkg
Compiling package std.std
Compiling module xil_defaultlib.fulladder1
Compiling module xil_defaultlib.fulladder4_default
Compiling module xil_defaultlib.fulladder32_default
Compiling module xil_defaultlib.alu
Compiling module xil_defaultlib.alu_ref_default
Compiling module xil_defaultlib.lab_02_tb_alu
Compiling module xil_defaultlib.glbl
Built simulation snapshot lab_02_tb_alu_behav
