Vivado Simulator 2018.3
Copyright 1986-1999, 2001-2018 Xilinx, Inc. All Rights Reserved.
Running: C:/Xilinx/Vivado/2018.3/bin/unwrapped/win64.o/xelab.exe -wto 8c5754f1dd354d1e88b9f8c015086007 --incr --debug typical --relax --mt 2 -L xil_defaultlib -L unisims_ver -L unimacro_ver -L secureip --snapshot lab_07_tb_processor_system_behav xil_defaultlib.lab_07_tb_processor_system xil_defaultlib.glbl -log elaborate.log 
Using 2 slave threads.
Starting static elaboration
Completed static elaboration
WARNING: [XSIM 43-4455] File "C:/Users/SZHerio/Desktop/APS/09.LSU_Integration/09.LSU_Integration.srcs/sources_1/new/lab_07.tb_processor_system.sv" Line 36 : Unsupported feature in assertion/property/sequence 'past'. It will be ignored.
WARNING: [XSIM 43-4127] File "C:/Users/SZHerio/Desktop/APS/09.LSU_Integration/09.LSU_Integration.srcs/sources_1/new/lab_07.tb_processor_system.sv" Line 36 : The "System Verilog Assertion" is not supported yet for simulation. The statement will be ignored.
WARNING: [XSIM 43-4127] File "C:/Users/SZHerio/Desktop/APS/09.LSU_Integration/09.LSU_Integration.srcs/sources_1/new/lab_07.tb_processor_system.sv" Line 41 : The "System Verilog Assertion" is not supported yet for simulation. The statement will be ignored.
Starting simulation data flow analysis
WARNING: [XSIM 43-4099] "C:/Users/SZHerio/Desktop/APS/09.LSU_Integration/09.LSU_Integration.srcs/sources_1/new/alu_opcodes_pkg.sv" Line 11. Module alu_opcodes_pkg doesn't have a timescale but at least one module in design has a timescale.
WARNING: [XSIM 43-4099] "C:/Users/SZHerio/Desktop/APS/09.LSU_Integration/09.LSU_Integration.srcs/sources_1/new/lab_07.tb_processor_system.sv" Line 11. Module lab_07_tb_processor_system doesn't have a timescale but at least one module in design has a timescale.
Completed simulation data flow analysis
Time Resolution for simulation is 1ps
Compiling package xil_defaultlib.memory_pkg
Compiling package xil_defaultlib.decoder_pkg
Compiling package xil_defaultlib.alu_opcodes_pkg
Compiling package xil_defaultlib.csr_pkg
Compiling module xil_defaultlib.instr_mem
Compiling module xil_defaultlib.decoder
Compiling module xil_defaultlib.register_file
Compiling module xil_defaultlib.fulladder1
Compiling module xil_defaultlib.fulladder4_default
Compiling module xil_defaultlib.fulladder32_default
Compiling module xil_defaultlib.alu
Compiling module xil_defaultlib.processor_core
Compiling module xil_defaultlib.lsu
Compiling module xil_defaultlib.data_mem
Compiling module xil_defaultlib.processor_system
Compiling module xil_defaultlib.lab_07_tb_processor_system
Compiling module xil_defaultlib.glbl
Built simulation snapshot lab_07_tb_processor_system_behav
