#-----------------------------------------------------------
# Vivado v2018.3 (64-bit)
# SW Build 2405991 on Thu Dec  6 23:38:27 MST 2018
# IP Build 2404404 on Fri Dec  7 01:43:56 MST 2018
# Start of session at: Tue Oct 14 16:47:48 2025
# Process ID: 20276
# Current directory: C:/Users/SZHerio/Desktop/APS/03.Register_file_and_memory
# Command line: vivado.exe -gui_launcher_event rodinguilauncherevent28012 C:\Users\SZHerio\Desktop\APS\03.Register_file_and_memory\03.Register_file_and_memory.xpr
# Log file: C:/Users/SZHerio/Desktop/APS/03.Register_file_and_memory/vivado.log
# Journal file: C:/Users/SZHerio/Desktop/APS/03.Register_file_and_memory\vivado.jou
#-----------------------------------------------------------
start_gui
open_project C:/Users/SZHerio/Desktop/APS/03.Register_file_and_memory/03.Register_file_and_memory.xpr
INFO: [Project 1-313] Project file moved from 'C:/Users/SZHerio/Desktop/APS/01.Register_file_and_memory' since last save.
Scanning sources...
Finished scanning sources
INFO: [IP_Flow 19-234] Refreshing IP repositories
INFO: [IP_Flow 19-1704] No user IP repositories specified
INFO: [IP_Flow 19-2313] Loaded Vivado IP repository 'C:/Xilinx/Vivado/2018.3/data/ip'.
update_compile_order -fileset sources_1
add_files -norecurse C:/Users/SZHerio/Desktop/APS/03.Register_file_and_memory/03.Register_file_and_memory.srcs/sources_1/new/memory_pkg.sv
update_compile_order -fileset sources_1
close [ open C:/Users/SZHerio/Desktop/APS/03.Register_file_and_memory/03.Register_file_and_memory.srcs/sources_1/new/instr_mem.sv w ]
add_files C:/Users/SZHerio/Desktop/APS/03.Register_file_and_memory/03.Register_file_and_memory.srcs/sources_1/new/instr_mem.sv
update_compile_order -fileset sources_1
set_property SOURCE_SET sources_1 [get_filesets sim_1]
add_files -fileset sim_1 -norecurse C:/Users/SZHerio/Desktop/APS/03.Register_file_and_memory/03.Register_file_and_memory.srcs/sources_1/new/lab_03.tb_register_file.sv
update_compile_order -fileset sim_1
synth_design -rtl -name rtl_1
Command: synth_design -rtl -name rtl_1
Starting synth_design
Using part: xc7a100ticsg324-1L
Top: register_file
---------------------------------------------------------------------------------
Starting RTL Elaboration : Time (s): cpu = 00:00:02 ; elapsed = 00:00:02 . Memory (MB): peak = 973.152 ; gain = 31.184
---------------------------------------------------------------------------------
INFO: [Synth 8-6157] synthesizing module 'register_file' [C:/Users/SZHerio/Desktop/APS/03.Register_file_and_memory/03.Register_file_and_memory.srcs/sources_1/new/register_file.sv:3]
WARNING: [Synth 8-3848] Net write_data_o in module/entity register_file does not have driver. [C:/Users/SZHerio/Desktop/APS/03.Register_file_and_memory/03.Register_file_and_memory.srcs/sources_1/new/register_file.sv:9]
INFO: [Synth 8-6155] done synthesizing module 'register_file' (1#1) [C:/Users/SZHerio/Desktop/APS/03.Register_file_and_memory/03.Register_file_and_memory.srcs/sources_1/new/register_file.sv:3]
---------------------------------------------------------------------------------
Finished RTL Elaboration : Time (s): cpu = 00:00:03 ; elapsed = 00:00:03 . Memory (MB): peak = 987.887 ; gain = 45.918
---------------------------------------------------------------------------------

Report Check Netlist: 
+------+------------------+-------+---------+-------+------------------+
|      |Item              |Errors |Warnings |Status |Description       |
+------+------------------+-------+---------+-------+------------------+
|1     |multi_driven_nets |      0|        0|Passed |Multi driven nets |
+------+------------------+-------+---------+-------+------------------+
---------------------------------------------------------------------------------
Start Handling Custom Attributes
---------------------------------------------------------------------------------
---------------------------------------------------------------------------------
Finished Handling Custom Attributes : Time (s): cpu = 00:00:03 ; elapsed = 00:00:03 . Memory (MB): peak = 987.887 ; gain = 45.918
---------------------------------------------------------------------------------
---------------------------------------------------------------------------------
Finished RTL Optimization Phase 1 : Time (s): cpu = 00:00:03 ; elapsed = 00:00:03 . Memory (MB): peak = 987.887 ; gain = 45.918
---------------------------------------------------------------------------------
INFO: [Device 21-403] Loading part xc7a100ticsg324-1L
INFO: [Project 1-570] Preparing netlist for logic optimization

Processing XDC Constraints
Initializing timing engine
Completed Processing XDC Constraints

INFO: [Opt 31-138] Pushed 0 inverter(s) to 0 load pin(s).
Netlist sorting complete. Time (s): cpu = 00:00:00 ; elapsed = 00:00:00 . Memory (MB): peak = 1244.129 ; gain = 0.000
INFO: [Project 1-111] Unisim Transformation Summary:
No Unisim elements were transformed.

RTL Elaboration Complete:  : Time (s): cpu = 00:00:16 ; elapsed = 00:00:10 . Memory (MB): peak = 1464.664 ; gain = 522.695
6 Infos, 1 Warnings, 0 Critical Warnings and 0 Errors encountered.
synth_design completed successfully
synth_design: Time (s): cpu = 00:00:16 ; elapsed = 00:00:11 . Memory (MB): peak = 1464.664 ; gain = 522.723
update_compile_order -fileset sim_1
launch_simulation
INFO: [Vivado 12-5682] Launching behavioral simulation in 'C:/Users/SZHerio/Desktop/APS/03.Register_file_and_memory/03.Register_file_and_memory.sim/sim_1/behav/xsim'
INFO: [SIM-utils-51] Simulation object is 'sim_1'
INFO: [SIM-utils-54] Inspecting design source files for 'lab_03_tb_register_file' in fileset 'sim_1'...
INFO: [USF-XSim-97] Finding global include files...
INFO: [USF-XSim-98] Fetching design files from 'sim_1'...
INFO: [USF-XSim-2] XSim::Compile design
INFO: [USF-XSim-61] Executing 'COMPILE and ANALYZE' step in 'C:/Users/SZHerio/Desktop/APS/03.Register_file_and_memory/03.Register_file_and_memory.sim/sim_1/behav/xsim'
"xvlog --incr --relax -prj lab_03_tb_register_file_vlog.prj"
INFO: [VRFC 10-2263] Analyzing SystemVerilog file "C:/Users/SZHerio/Desktop/APS/03.Register_file_and_memory/03.Register_file_and_memory.srcs/sources_1/new/register_file.sv" into library xil_defaultlib
INFO: [VRFC 10-311] analyzing module register_file
INFO: [VRFC 10-2263] Analyzing SystemVerilog file "C:/Users/SZHerio/Desktop/APS/03.Register_file_and_memory/03.Register_file_and_memory.srcs/sources_1/new/lab_03.tb_register_file.sv" into library xil_defaultlib
INFO: [VRFC 10-311] analyzing module lab_03_tb_register_file
INFO: [VRFC 10-311] analyzing module register_file_ref
INFO: [VRFC 10-2263] Analyzing Verilog file "C:/Users/SZHerio/Desktop/APS/03.Register_file_and_memory/03.Register_file_and_memory.sim/sim_1/behav/xsim/glbl.v" into library xil_defaultlib
INFO: [VRFC 10-311] analyzing module glbl
INFO: [USF-XSim-69] 'compile' step finished in '1' seconds
INFO: [USF-XSim-3] XSim::Elaborate design
INFO: [USF-XSim-61] Executing 'ELABORATE' step in 'C:/Users/SZHerio/Desktop/APS/03.Register_file_and_memory/03.Register_file_and_memory.sim/sim_1/behav/xsim'
Vivado Simulator 2018.3
Copyright 1986-1999, 2001-2018 Xilinx, Inc. All Rights Reserved.
Running: C:/Xilinx/Vivado/2018.3/bin/unwrapped/win64.o/xelab.exe -wto f78ac3d8b39f47a99a1806c0cb0c81d0 --incr --debug typical --relax --mt 2 -L xil_defaultlib -L unisims_ver -L unimacro_ver -L secureip --snapshot lab_03_tb_register_file_behav xil_defaultlib.lab_03_tb_register_file xil_defaultlib.glbl -log elaborate.log 
Using 2 slave threads.
Starting static elaboration
ERROR: [VRFC 10-3180] cannot find port 'write_data_i' on this module [C:/Users/SZHerio/Desktop/APS/03.Register_file_and_memory/03.Register_file_and_memory.srcs/sources_1/new/lab_03.tb_register_file.sv:30]
ERROR: [XSIM 43-3322] Static elaboration of top level Verilog design unit(s) in library work failed.
INFO: [USF-XSim-69] 'elaborate' step finished in '1' seconds
INFO: [USF-XSim-99] Step results log file:'C:/Users/SZHerio/Desktop/APS/03.Register_file_and_memory/03.Register_file_and_memory.sim/sim_1/behav/xsim/elaborate.log'
ERROR: [USF-XSim-62] 'elaborate' step failed with error(s). Please check the Tcl console output or 'C:/Users/SZHerio/Desktop/APS/03.Register_file_and_memory/03.Register_file_and_memory.sim/sim_1/behav/xsim/elaborate.log' file for more information.
ERROR: [Vivado 12-4473] Detected error while running simulation. Please correct the issue and retry this operation.
ERROR: [Common 17-39] 'launch_simulation' failed due to earlier errors.
launch_simulation
INFO: [Vivado 12-5682] Launching behavioral simulation in 'C:/Users/SZHerio/Desktop/APS/03.Register_file_and_memory/03.Register_file_and_memory.sim/sim_1/behav/xsim'
INFO: [SIM-utils-51] Simulation object is 'sim_1'
INFO: [SIM-utils-54] Inspecting design source files for 'lab_03_tb_register_file' in fileset 'sim_1'...
INFO: [USF-XSim-97] Finding global include files...
INFO: [USF-XSim-98] Fetching design files from 'sim_1'...
INFO: [USF-XSim-2] XSim::Compile design
INFO: [USF-XSim-61] Executing 'COMPILE and ANALYZE' step in 'C:/Users/SZHerio/Desktop/APS/03.Register_file_and_memory/03.Register_file_and_memory.sim/sim_1/behav/xsim'
"xvlog --incr --relax -prj lab_03_tb_register_file_vlog.prj"
INFO: [VRFC 10-2263] Analyzing SystemVerilog file "C:/Users/SZHerio/Desktop/APS/03.Register_file_and_memory/03.Register_file_and_memory.srcs/sources_1/new/register_file.sv" into library xil_defaultlib
INFO: [VRFC 10-311] analyzing module register_file
INFO: [VRFC 10-2263] Analyzing SystemVerilog file "C:/Users/SZHerio/Desktop/APS/03.Register_file_and_memory/03.Register_file_and_memory.srcs/sources_1/new/lab_03.tb_register_file.sv" into library xil_defaultlib
INFO: [VRFC 10-311] analyzing module lab_03_tb_register_file
INFO: [VRFC 10-311] analyzing module register_file_ref
INFO: [USF-XSim-69] 'compile' step finished in '1' seconds
INFO: [USF-XSim-3] XSim::Elaborate design
INFO: [USF-XSim-61] Executing 'ELABORATE' step in 'C:/Users/SZHerio/Desktop/APS/03.Register_file_and_memory/03.Register_file_and_memory.sim/sim_1/behav/xsim'
Vivado Simulator 2018.3
Copyright 1986-1999, 2001-2018 Xilinx, Inc. All Rights Reserved.
Running: C:/Xilinx/Vivado/2018.3/bin/unwrapped/win64.o/xelab.exe -wto f78ac3d8b39f47a99a1806c0cb0c81d0 --incr --debug typical --relax --mt 2 -L xil_defaultlib -L unisims_ver -L unimacro_ver -L secureip --snapshot lab_03_tb_register_file_behav xil_defaultlib.lab_03_tb_register_file xil_defaultlib.glbl -log elaborate.log 
Using 2 slave threads.
Starting static elaboration
WARNING: [VRFC 10-3705] select index 32 into 'rf_mem' is out of bounds [C:/Users/SZHerio/Desktop/APS/03.Register_file_and_memory/03.Register_file_and_memory.srcs/sources_1/new/lab_03.tb_register_file.sv:72]
WARNING: [VRFC 10-3705] select index 32 into 'rf_mem' is out of bounds [C:/Users/SZHerio/Desktop/APS/03.Register_file_and_memory/03.Register_file_and_memory.srcs/sources_1/new/lab_03.tb_register_file.sv:73]
Completed static elaboration
Starting simulation data flow analysis
Completed simulation data flow analysis
Time Resolution for simulation is 1ps
Compiling module xil_defaultlib.register_file
Compiling module xil_defaultlib.register_file_ref
Compiling module xil_defaultlib.lab_03_tb_register_file
Compiling module xil_defaultlib.glbl
Built simulation snapshot lab_03_tb_register_file_behav

****** Webtalk v2018.3 (64-bit)
  **** SW Build 2405991 on Thu Dec  6 23:38:27 MST 2018
  **** IP Build 2404404 on Fri Dec  7 01:43:56 MST 2018
    ** Copyright 1986-2018 Xilinx, Inc. All Rights Reserved.

source C:/Users/SZHerio/Desktop/APS/03.Register_file_and_memory/03.Register_file_and_memory.sim/sim_1/behav/xsim/xsim.dir/lab_03_tb_register_file_behav/webtalk/xsim_webtalk.tcl -notrace
INFO: [Common 17-206] Exiting Webtalk at Tue Oct 14 17:39:42 2025...
INFO: [USF-XSim-69] 'elaborate' step finished in '4' seconds
INFO: [USF-XSim-4] XSim::Simulate design
INFO: [USF-XSim-61] Executing 'SIMULATE' step in 'C:/Users/SZHerio/Desktop/APS/03.Register_file_and_memory/03.Register_file_and_memory.sim/sim_1/behav/xsim'
INFO: [USF-XSim-98] *** Running xsim
   with args "lab_03_tb_register_file_behav -key {Behavioral:sim_1:Functional:lab_03_tb_register_file} -tclbatch {lab_03_tb_register_file.tcl} -log {simulate.log}"
INFO: [USF-XSim-8] Loading simulator feature
Vivado Simulator 2018.3
Time resolution is 1 ps
source lab_03_tb_register_file.tcl
# set curr_wave [current_wave_config]
# if { [string length $curr_wave] == 0 } {
#   if { [llength [get_objects]] > 0} {
#     add_wave /
#     set_property needs_save false [current_wave_config]
#   } else {
#      send_msg_id Add_Wave-1 WARNING "No top level signals found. Simulator will start without a wave window. If you want to open a wave window go to 'File->New Waveform Configuration' or type 'create_wave_config' in the TCL console."
#   }
# }
# run 1000ns
Test has been started
time = 760.00ns, address 1f, RD2. Invalid data xxxxxxxx, correct data 00000000
time = 780.00ns, address 1e, RD2. Invalid data 00000000, correct data 1c52df87
time = 800.00ns, address 1d, RD2. Invalid data 11689ba8, correct data 8d85512b
time = 820.00ns, address 1c, RD2. Invalid data 6df47bbf, correct data 00000000
time = 840.00ns, address 1b, RD2. Invalid data 98a60d7e, correct data 00000000
time = 860.00ns, address 1a, RD2. Invalid data 00000000, correct data 77f9fae8
time = 880.00ns, address 19, RD2. Invalid data 5c7a1dfb, correct data 42bdaa50
time = 900.00ns, address 18, RD2. Invalid data 6b18c0c8, correct data 00000000
time = 920.00ns, address 17, RD2. Invalid data 217e0d9a, correct data 0c896224
time = 940.00ns, address 16, RD2. Invalid data 1f2ed49f, correct data 00000000


The test was stopped due to errors
INFO: [USF-XSim-96] XSim completed. Design snapshot 'lab_03_tb_register_file_behav' loaded.
INFO: [USF-XSim-97] XSim simulation ran for 1000ns
launch_simulation: Time (s): cpu = 00:00:04 ; elapsed = 00:00:08 . Memory (MB): peak = 1522.242 ; gain = 5.832
close_sim
INFO: [Simtcl 6-16] Simulation closed
exit
INFO: [Common 17-206] Exiting Vivado at Tue Oct 14 17:40:09 2025...
