
*** Running vivado
    with args -log nexys_alu.vds -m64 -product Vivado -mode batch -messageDb vivado.pb -notrace -source nexys_alu.tcl


****** Vivado v2018.3 (64-bit)
  **** SW Build 2405991 on Thu Dec  6 23:38:27 MST 2018
  **** IP Build 2404404 on Fri Dec  7 01:43:56 MST 2018
    ** Copyright 1986-2018 Xilinx, Inc. All Rights Reserved.

source nexys_alu.tcl -notrace
Command: synth_design -top nexys_alu -part xc7a100ticsg324-1L
Starting synth_design
Attempting to get a license for feature 'Synthesis' and/or device 'xc7a100ti'
INFO: [Common 17-349] Got license for feature 'Synthesis' and/or device 'xc7a100ti'
INFO: Launching helper process for spawning children vivado processes
INFO: Helper process launched with PID 25980 
---------------------------------------------------------------------------------
Starting RTL Elaboration : Time (s): cpu = 00:00:02 ; elapsed = 00:00:02 . Memory (MB): peak = 430.277 ; gain = 97.512
---------------------------------------------------------------------------------
INFO: [Synth 8-6157] synthesizing module 'nexys_alu' [C:/Users/SZHerio/Desktop/APS/02.ALU/02.ALU.srcs/sources_1/new/nexys_alu.sv:11]
	Parameter COUNTER_WIDTH bound to: 32'sb00000000000000000000000000001010 
	Parameter MINUS bound to: 7'b1111110 
	Parameter BLANK bound to: 7'b1111111 
INFO: [Synth 8-6157] synthesizing module 'alu' [C:/Users/SZHerio/Desktop/APS/02.ALU/02.ALU.srcs/sources_1/new/ALU.sv:3]
INFO: [Synth 8-6157] synthesizing module 'fulladder32' [C:/Users/SZHerio/Desktop/APS/01. Adder/01. Adder.srcs/sources_1/new/fulladder32.sv:3]
INFO: [Synth 8-6157] synthesizing module 'fulladder4' [C:/Users/SZHerio/Desktop/APS/01. Adder/01. Adder.srcs/sources_1/new/fulladder4.sv:3]
INFO: [Synth 8-6157] synthesizing module 'fulladder1' [C:/Users/SZHerio/Desktop/APS/01. Adder/01. Adder.srcs/sources_1/new/fulladder1.sv:3]
INFO: [Synth 8-6155] done synthesizing module 'fulladder1' (1#1) [C:/Users/SZHerio/Desktop/APS/01. Adder/01. Adder.srcs/sources_1/new/fulladder1.sv:3]
INFO: [Synth 8-6155] done synthesizing module 'fulladder4' (2#1) [C:/Users/SZHerio/Desktop/APS/01. Adder/01. Adder.srcs/sources_1/new/fulladder4.sv:3]
INFO: [Synth 8-6155] done synthesizing module 'fulladder32' (3#1) [C:/Users/SZHerio/Desktop/APS/01. Adder/01. Adder.srcs/sources_1/new/fulladder32.sv:3]
INFO: [Synth 8-6155] done synthesizing module 'alu' (4#1) [C:/Users/SZHerio/Desktop/APS/02.ALU/02.ALU.srcs/sources_1/new/ALU.sv:3]
INFO: [Synth 8-6157] synthesizing module 'bin2bcd' [C:/Users/SZHerio/Desktop/APS/02.ALU/02.ALU.srcs/sources_1/new/nexys_alu.sv:159]
	Parameter IN_WIDTH bound to: 32'sb00000000000000000000000000100000 
	Parameter OUT_WIDTH_DIGITS bound to: 32'sb00000000000000000000000000010000 
	Parameter OUT_WIDTH bound to: 32'sb00000000000000000000000001000000 
INFO: [Synth 8-6155] done synthesizing module 'bin2bcd' (5#1) [C:/Users/SZHerio/Desktop/APS/02.ALU/02.ALU.srcs/sources_1/new/nexys_alu.sv:159]
INFO: [Synth 8-6157] synthesizing module 'bin2bcd__parameterized0' [C:/Users/SZHerio/Desktop/APS/02.ALU/02.ALU.srcs/sources_1/new/nexys_alu.sv:159]
	Parameter IN_WIDTH bound to: 32'sb00000000000000000000000000000101 
	Parameter OUT_WIDTH_DIGITS bound to: 32'sb00000000000000000000000000000011 
	Parameter OUT_WIDTH bound to: 32'sb00000000000000000000000000001100 
INFO: [Synth 8-6155] done synthesizing module 'bin2bcd__parameterized0' (5#1) [C:/Users/SZHerio/Desktop/APS/02.ALU/02.ALU.srcs/sources_1/new/nexys_alu.sv:159]
INFO: [Synth 8-294] found qualifier unique on case statement: implementing as parallel_case [C:/Users/SZHerio/Desktop/APS/02.ALU/02.ALU.srcs/sources_1/new/nexys_alu.sv:137]
INFO: [Synth 8-294] found qualifier unique on case statement: implementing as parallel_case [C:/Users/SZHerio/Desktop/APS/02.ALU/02.ALU.srcs/sources_1/new/nexys_alu.sv:77]
INFO: [Synth 8-294] found qualifier unique on case statement: implementing as parallel_case [C:/Users/SZHerio/Desktop/APS/02.ALU/02.ALU.srcs/sources_1/new/nexys_alu.sv:77]
INFO: [Synth 8-294] found qualifier unique on case statement: implementing as parallel_case [C:/Users/SZHerio/Desktop/APS/02.ALU/02.ALU.srcs/sources_1/new/nexys_alu.sv:77]
INFO: [Synth 8-294] found qualifier unique on case statement: implementing as parallel_case [C:/Users/SZHerio/Desktop/APS/02.ALU/02.ALU.srcs/sources_1/new/nexys_alu.sv:77]
INFO: [Synth 8-294] found qualifier unique on case statement: implementing as parallel_case [C:/Users/SZHerio/Desktop/APS/02.ALU/02.ALU.srcs/sources_1/new/nexys_alu.sv:77]
INFO: [Synth 8-294] found qualifier unique on case statement: implementing as parallel_case [C:/Users/SZHerio/Desktop/APS/02.ALU/02.ALU.srcs/sources_1/new/nexys_alu.sv:77]
INFO: [Synth 8-294] found qualifier unique on case statement: implementing as parallel_case [C:/Users/SZHerio/Desktop/APS/02.ALU/02.ALU.srcs/sources_1/new/nexys_alu.sv:77]
INFO: [Synth 8-6155] done synthesizing module 'nexys_alu' (6#1) [C:/Users/SZHerio/Desktop/APS/02.ALU/02.ALU.srcs/sources_1/new/nexys_alu.sv:11]
---------------------------------------------------------------------------------
Finished RTL Elaboration : Time (s): cpu = 00:00:07 ; elapsed = 00:00:07 . Memory (MB): peak = 516.941 ; gain = 184.176
---------------------------------------------------------------------------------

Report Check Netlist: 
+------+------------------+-------+---------+-------+------------------+
|      |Item              |Errors |Warnings |Status |Description       |
+------+------------------+-------+---------+-------+------------------+
|1     |multi_driven_nets |      0|        0|Passed |Multi driven nets |
+------+------------------+-------+---------+-------+------------------+
---------------------------------------------------------------------------------
Start Handling Custom Attributes
---------------------------------------------------------------------------------
---------------------------------------------------------------------------------
Finished Handling Custom Attributes : Time (s): cpu = 00:00:07 ; elapsed = 00:00:07 . Memory (MB): peak = 516.941 ; gain = 184.176
---------------------------------------------------------------------------------
---------------------------------------------------------------------------------
Finished RTL Optimization Phase 1 : Time (s): cpu = 00:00:07 ; elapsed = 00:00:07 . Memory (MB): peak = 516.941 ; gain = 184.176
---------------------------------------------------------------------------------
INFO: [Device 21-403] Loading part xc7a100ticsg324-1L
INFO: [Project 1-570] Preparing netlist for logic optimization

Processing XDC Constraints
Initializing timing engine
Parsing XDC File [C:/Users/SZHerio/Desktop/APS/02.ALU/02.ALU.srcs/sources_1/new/nexys_a7_100t.xdc]
Finished Parsing XDC File [C:/Users/SZHerio/Desktop/APS/02.ALU/02.ALU.srcs/sources_1/new/nexys_a7_100t.xdc]
INFO: [Project 1-236] Implementation specific constraints were found while reading constraint file [C:/Users/SZHerio/Desktop/APS/02.ALU/02.ALU.srcs/sources_1/new/nexys_a7_100t.xdc]. These constraints will be ignored for synthesis but will be used in implementation. Impacted constraints are listed in the file [.Xil/nexys_alu_propImpl.xdc].
Resolution: To avoid this warning, move constraints listed in [.Xil/nexys_alu_propImpl.xdc] to another XDC file and exclude this new file from synthesis with the used_in_synthesis property (File Properties dialog in GUI) and re-run elaboration/synthesis.
Netlist sorting complete. Time (s): cpu = 00:00:00 ; elapsed = 00:00:00 . Memory (MB): peak = 857.641 ; gain = 0.000
Completed Processing XDC Constraints

Netlist sorting complete. Time (s): cpu = 00:00:00 ; elapsed = 00:00:00.001 . Memory (MB): peak = 857.672 ; gain = 0.000
INFO: [Project 1-111] Unisim Transformation Summary:
No Unisim elements were transformed.

Netlist sorting complete. Time (s): cpu = 00:00:00 ; elapsed = 00:00:00 . Memory (MB): peak = 857.672 ; gain = 0.000
Constraint Validation Runtime : Time (s): cpu = 00:00:00 ; elapsed = 00:00:00.004 . Memory (MB): peak = 857.672 ; gain = 0.000
---------------------------------------------------------------------------------
Finished Constraint Validation : Time (s): cpu = 00:00:13 ; elapsed = 00:00:14 . Memory (MB): peak = 857.672 ; gain = 524.906
---------------------------------------------------------------------------------
---------------------------------------------------------------------------------
Start Loading Part and Timing Information
---------------------------------------------------------------------------------
Loading part: xc7a100ticsg324-1L
---------------------------------------------------------------------------------
Finished Loading Part and Timing Information : Time (s): cpu = 00:00:13 ; elapsed = 00:00:14 . Memory (MB): peak = 857.672 ; gain = 524.906
---------------------------------------------------------------------------------
---------------------------------------------------------------------------------
Start Applying 'set_property' XDC Constraints
---------------------------------------------------------------------------------
---------------------------------------------------------------------------------
Finished applying 'set_property' XDC Constraints : Time (s): cpu = 00:00:13 ; elapsed = 00:00:14 . Memory (MB): peak = 857.672 ; gain = 524.906
---------------------------------------------------------------------------------
---------------------------------------------------------------------------------
Finished RTL Optimization Phase 2 : Time (s): cpu = 00:00:17 ; elapsed = 00:00:19 . Memory (MB): peak = 857.672 ; gain = 524.906
---------------------------------------------------------------------------------

Report RTL Partitions: 
+-+--------------+------------+----------+
| |RTL Partition |Replication |Instances |
+-+--------------+------------+----------+
+-+--------------+------------+----------+
---------------------------------------------------------------------------------
Start RTL Component Statistics 
---------------------------------------------------------------------------------
Detailed RTL Component Info : 
+---Adders : 
	   2 Input     32 Bit       Adders := 2     
	   2 Input     10 Bit       Adders := 1     
	   2 Input      5 Bit       Adders := 2     
	   2 Input      4 Bit       Adders := 183   
	   2 Input      3 Bit       Adders := 3     
+---XORs : 
	   2 Input     32 Bit         XORs := 1     
	   3 Input      1 Bit         XORs := 64    
+---Registers : 
	               10 Bit    Registers := 1     
	                8 Bit    Registers := 1     
+---Muxes : 
	   2 Input     32 Bit        Muxes := 2     
	   2 Input     27 Bit        Muxes := 2     
	   2 Input      7 Bit        Muxes := 5     
	  16 Input      7 Bit        Muxes := 2     
	   2 Input      5 Bit        Muxes := 2     
	   2 Input      4 Bit        Muxes := 159   
	   2 Input      1 Bit        Muxes := 1     
---------------------------------------------------------------------------------
Finished RTL Component Statistics 
---------------------------------------------------------------------------------
---------------------------------------------------------------------------------
Start RTL Hierarchical Component Statistics 
---------------------------------------------------------------------------------
Hierarchical RTL Component report 
Module nexys_alu 
Detailed RTL Component Info : 
+---Adders : 
	   2 Input     32 Bit       Adders := 1     
	   2 Input     10 Bit       Adders := 1     
	   2 Input      5 Bit       Adders := 2     
+---Registers : 
	               10 Bit    Registers := 1     
	                8 Bit    Registers := 1     
+---Muxes : 
	   2 Input     32 Bit        Muxes := 1     
	   2 Input     27 Bit        Muxes := 2     
	   2 Input      7 Bit        Muxes := 5     
	  16 Input      7 Bit        Muxes := 2     
	   2 Input      5 Bit        Muxes := 2     
Module fulladder1 
Detailed RTL Component Info : 
+---XORs : 
	   3 Input      1 Bit         XORs := 1     
Module alu 
Detailed RTL Component Info : 
+---Adders : 
	   2 Input     32 Bit       Adders := 1     
+---XORs : 
	   2 Input     32 Bit         XORs := 1     
+---Muxes : 
	   2 Input     32 Bit        Muxes := 1     
	   2 Input      1 Bit        Muxes := 1     
Module bin2bcd 
Detailed RTL Component Info : 
+---Adders : 
	   2 Input      4 Bit       Adders := 175   
	   2 Input      3 Bit       Adders := 1     
+---Muxes : 
	   2 Input      4 Bit        Muxes := 155   
Module bin2bcd__parameterized0 
Detailed RTL Component Info : 
+---Adders : 
	   2 Input      4 Bit       Adders := 4     
	   2 Input      3 Bit       Adders := 1     
+---Muxes : 
	   2 Input      4 Bit        Muxes := 2     
---------------------------------------------------------------------------------
Finished RTL Hierarchical Component Statistics
---------------------------------------------------------------------------------
---------------------------------------------------------------------------------
Start Part Resource Summary
---------------------------------------------------------------------------------
Part Resources:
DSPs: 240 (col length:80)
BRAMs: 270 (col length: RAMB18 80 RAMB36 40)
---------------------------------------------------------------------------------
Finished Part Resource Summary
---------------------------------------------------------------------------------
---------------------------------------------------------------------------------
Start Cross Boundary and Area Optimization
---------------------------------------------------------------------------------
Warning: Parallel synthesis criteria is not met 
INFO: [Synth 8-5544] ROM "p_0_out" won't be mapped to Block RAM because address size (4) smaller than threshold (5)
INFO: [Synth 8-5544] ROM "p_0_out" won't be mapped to Block RAM because address size (4) smaller than threshold (5)
---------------------------------------------------------------------------------
Finished Cross Boundary and Area Optimization : Time (s): cpu = 00:00:33 ; elapsed = 00:00:35 . Memory (MB): peak = 857.672 ; gain = 524.906
---------------------------------------------------------------------------------

Report RTL Partitions: 
+-+--------------+------------+----------+
| |RTL Partition |Replication |Instances |
+-+--------------+------------+----------+
+-+--------------+------------+----------+
---------------------------------------------------------------------------------
Start Applying XDC Timing Constraints
---------------------------------------------------------------------------------
---------------------------------------------------------------------------------
Finished Applying XDC Timing Constraints : Time (s): cpu = 00:00:39 ; elapsed = 00:00:41 . Memory (MB): peak = 857.672 ; gain = 524.906
---------------------------------------------------------------------------------
---------------------------------------------------------------------------------
Start Timing Optimization
---------------------------------------------------------------------------------
---------------------------------------------------------------------------------
Finished Timing Optimization : Time (s): cpu = 00:00:39 ; elapsed = 00:00:41 . Memory (MB): peak = 860.391 ; gain = 527.625
---------------------------------------------------------------------------------

Report RTL Partitions: 
+-+--------------+------------+----------+
| |RTL Partition |Replication |Instances |
+-+--------------+------------+----------+
+-+--------------+------------+----------+
---------------------------------------------------------------------------------
Start Technology Mapping
---------------------------------------------------------------------------------
---------------------------------------------------------------------------------
Finished Technology Mapping : Time (s): cpu = 00:00:41 ; elapsed = 00:00:42 . Memory (MB): peak = 963.031 ; gain = 630.266
---------------------------------------------------------------------------------

Report RTL Partitions: 
+-+--------------+------------+----------+
| |RTL Partition |Replication |Instances |
+-+--------------+------------+----------+
+-+--------------+------------+----------+
---------------------------------------------------------------------------------
Start IO Insertion
---------------------------------------------------------------------------------
---------------------------------------------------------------------------------
Start Flattening Before IO Insertion
---------------------------------------------------------------------------------
---------------------------------------------------------------------------------
Finished Flattening Before IO Insertion
---------------------------------------------------------------------------------
---------------------------------------------------------------------------------
Start Final Netlist Cleanup
---------------------------------------------------------------------------------
---------------------------------------------------------------------------------
Finished Final Netlist Cleanup
---------------------------------------------------------------------------------
---------------------------------------------------------------------------------
Finished IO Insertion : Time (s): cpu = 00:00:41 ; elapsed = 00:00:43 . Memory (MB): peak = 963.031 ; gain = 630.266
---------------------------------------------------------------------------------

Report Check Netlist: 
+------+------------------+-------+---------+-------+------------------+
|      |Item              |Errors |Warnings |Status |Description       |
+------+------------------+-------+---------+-------+------------------+
|1     |multi_driven_nets |      0|        0|Passed |Multi driven nets |
+------+------------------+-------+---------+-------+------------------+
---------------------------------------------------------------------------------
Start Renaming Generated Instances
---------------------------------------------------------------------------------
---------------------------------------------------------------------------------
Finished Renaming Generated Instances : Time (s): cpu = 00:00:41 ; elapsed = 00:00:43 . Memory (MB): peak = 963.031 ; gain = 630.266
---------------------------------------------------------------------------------

Report RTL Partitions: 
+-+--------------+------------+----------+
| |RTL Partition |Replication |Instances |
+-+--------------+------------+----------+
+-+--------------+------------+----------+
---------------------------------------------------------------------------------
Start Rebuilding User Hierarchy
---------------------------------------------------------------------------------
---------------------------------------------------------------------------------
Finished Rebuilding User Hierarchy : Time (s): cpu = 00:00:41 ; elapsed = 00:00:43 . Memory (MB): peak = 963.031 ; gain = 630.266
---------------------------------------------------------------------------------
---------------------------------------------------------------------------------
Start Renaming Generated Ports
---------------------------------------------------------------------------------
---------------------------------------------------------------------------------
Finished Renaming Generated Ports : Time (s): cpu = 00:00:41 ; elapsed = 00:00:43 . Memory (MB): peak = 963.031 ; gain = 630.266
---------------------------------------------------------------------------------
---------------------------------------------------------------------------------
Start Handling Custom Attributes
---------------------------------------------------------------------------------
---------------------------------------------------------------------------------
Finished Handling Custom Attributes : Time (s): cpu = 00:00:41 ; elapsed = 00:00:43 . Memory (MB): peak = 963.031 ; gain = 630.266
---------------------------------------------------------------------------------
---------------------------------------------------------------------------------
Start Renaming Generated Nets
---------------------------------------------------------------------------------
---------------------------------------------------------------------------------
Finished Renaming Generated Nets : Time (s): cpu = 00:00:41 ; elapsed = 00:00:43 . Memory (MB): peak = 963.031 ; gain = 630.266
---------------------------------------------------------------------------------
---------------------------------------------------------------------------------
Start Writing Synthesis Report
---------------------------------------------------------------------------------

Report BlackBoxes: 
+-+--------------+----------+
| |BlackBox name |Instances |
+-+--------------+----------+
+-+--------------+----------+

Report Cell Usage: 
+------+-------+------+
|      |Cell   |Count |
+------+-------+------+
|1     |BUFG   |     1|
|2     |CARRY4 |    34|
|3     |LUT1   |    34|
|4     |LUT2   |    22|
|5     |LUT3   |   124|
|6     |LUT4   |    71|
|7     |LUT5   |    63|
|8     |LUT6   |   454|
|9     |MUXF7  |    27|
|10    |FDCE   |    11|
|11    |FDPE   |     7|
|12    |IBUF   |    18|
|13    |OBUF   |    32|
+------+-------+------+

Report Instance Areas: 
+------+---------+-------+------+
|      |Instance |Module |Cells |
+------+---------+-------+------+
|1     |top      |       |   898|
+------+---------+-------+------+
---------------------------------------------------------------------------------
Finished Writing Synthesis Report : Time (s): cpu = 00:00:41 ; elapsed = 00:00:43 . Memory (MB): peak = 963.031 ; gain = 630.266
---------------------------------------------------------------------------------
Synthesis finished with 0 errors, 0 critical warnings and 0 warnings.
Synthesis Optimization Runtime : Time (s): cpu = 00:00:31 ; elapsed = 00:00:38 . Memory (MB): peak = 963.031 ; gain = 289.535
Synthesis Optimization Complete : Time (s): cpu = 00:00:42 ; elapsed = 00:00:43 . Memory (MB): peak = 963.031 ; gain = 630.266
INFO: [Project 1-571] Translating synthesized netlist
INFO: [Netlist 29-17] Analyzing 61 Unisim elements for replacement
INFO: [Netlist 29-28] Unisim Transformation completed in 0 CPU seconds
INFO: [Project 1-570] Preparing netlist for logic optimization
INFO: [Opt 31-138] Pushed 0 inverter(s) to 0 load pin(s).
Netlist sorting complete. Time (s): cpu = 00:00:00 ; elapsed = 00:00:00 . Memory (MB): peak = 963.031 ; gain = 0.000
INFO: [Project 1-111] Unisim Transformation Summary:
No Unisim elements were transformed.

INFO: [Common 17-83] Releasing license: Synthesis
36 Infos, 0 Warnings, 0 Critical Warnings and 0 Errors encountered.
synth_design completed successfully
synth_design: Time (s): cpu = 00:00:43 ; elapsed = 00:00:45 . Memory (MB): peak = 963.031 ; gain = 643.340
Netlist sorting complete. Time (s): cpu = 00:00:00 ; elapsed = 00:00:00 . Memory (MB): peak = 963.031 ; gain = 0.000
WARNING: [Constraints 18-5210] No constraints selected for write.
Resolution: This message can indicate that there are no constraints for the design, or it can indicate that the used_in flags are set such that the constraints are ignored. This later case is used when running synth_design to not write synthesis constraints to the resulting checkpoint. Instead, project constraints are read when the synthesized design is opened.
INFO: [Common 17-1381] The checkpoint 'C:/Users/SZHerio/Desktop/APS/02.ALU/02.ALU.runs/synth_1/nexys_alu.dcp' has been generated.
INFO: [runtcl-4] Executing : report_utilization -file nexys_alu_utilization_synth.rpt -pb nexys_alu_utilization_synth.pb
INFO: [Common 17-206] Exiting Vivado at Mon Oct 13 22:19:00 2025...
