Copyright 1986-2018 Xilinx, Inc. All Rights Reserved.
--------------------------------------------------------------------------------------------------------------------------------------------------------------------------------------------------
| Tool Version : Vivado v.2018.3 (win64) Build 2405991 Thu Dec  6 23:38:27 MST 2018
| Date         : Mon Oct 13 22:19:59 2025
| Host         : DESKTOP-B526498 running 64-bit major release  (build 9200)
| Command      : report_timing_summary -max_paths 10 -file nexys_alu_timing_summary_routed.rpt -pb nexys_alu_timing_summary_routed.pb -rpx nexys_alu_timing_summary_routed.rpx -warn_on_violation
| Design       : nexys_alu
| Device       : 7a100ti-csg324
| Speed File   : -1L  PRODUCTION 1.23 2018-06-13
--------------------------------------------------------------------------------------------------------------------------------------------------------------------------------------------------

Timing Summary Report

------------------------------------------------------------------------------------------------
| Timer Settings
| --------------
------------------------------------------------------------------------------------------------

  Enable Multi Corner Analysis               :  Yes
  Enable Pessimism Removal                   :  Yes
  Pessimism Removal Resolution               :  Nearest Common Node
  Enable Input Delay Default Clock           :  No
  Enable Preset / Clear Arcs                 :  No
  Disable Flight Delays                      :  No
  Ignore I/O Paths                           :  No
  Timing Early Launch at Borrowing Latches   :  false

  Corner  Analyze    Analyze    
  Name    Max Paths  Min Paths  
  ------  ---------  ---------  
  Slow    Yes        Yes        
  Fast    Yes        Yes        



check_timing report

Table of Contents
-----------------
1. checking no_clock
2. checking constant_clock
3. checking pulse_width_clock
4. checking unconstrained_internal_endpoints
5. checking no_input_delay
6. checking no_output_delay
7. checking multiple_clock
8. checking generated_clocks
9. checking loops
10. checking partial_input_delay
11. checking partial_output_delay
12. checking latch_loops

1. checking no_clock
--------------------
 There are 0 register/latch pins with no clock.


2. checking constant_clock
--------------------------
 There are 0 register/latch pins with constant_clock.


3. checking pulse_width_clock
-----------------------------
 There are 0 register/latch pins which need pulse_width check


4. checking unconstrained_internal_endpoints
--------------------------------------------
 There are 0 pins that are not constrained for maximum delay.

 There are 0 pins that are not constrained for maximum delay due to constant clock.


5. checking no_input_delay
--------------------------
 There is 1 input port with no input delay specified. (HIGH)

 There are 0 input ports with no input delay but user has a false path constraint.


6. checking no_output_delay
---------------------------
 There are 16 ports with no output delay specified. (HIGH)

 There are 0 ports with no output delay but user has a false path constraint

 There are 0 ports with no output delay but with a timing clock defined on it or propagating through it


7. checking multiple_clock
--------------------------
 There are 0 register/latch pins with multiple clocks.


8. checking generated_clocks
----------------------------
 There are 0 generated clocks that are not connected to a clock source.


9. checking loops
-----------------
 There are 0 combinational loops in the design.


10. checking partial_input_delay
--------------------------------
 There are 0 input ports with partial input delay specified.


11. checking partial_output_delay
---------------------------------
 There are 0 ports with partial output delay specified.


12. checking latch_loops
------------------------
 There are 0 combinational latch loops in the design through latch input



------------------------------------------------------------------------------------------------
| Design Timing Summary
| ---------------------
------------------------------------------------------------------------------------------------

    WNS(ns)      TNS(ns)  TNS Failing Endpoints  TNS Total Endpoints      WHS(ns)      THS(ns)  THS Failing Endpoints  THS Total Endpoints     WPWS(ns)     TPWS(ns)  TPWS Failing Endpoints  TPWS Total Endpoints  
    -------      -------  ---------------------  -------------------      -------      -------  ---------------------  -------------------     --------     --------  ----------------------  --------------------  
      6.228        0.000                      0                   44        0.075        0.000                      0                   44        4.500        0.000                       0                    28  


All user specified timing constraints are met.


------------------------------------------------------------------------------------------------
| Clock Summary
| -------------
------------------------------------------------------------------------------------------------

Clock        Waveform(ns)       Period(ns)      Frequency(MHz)
-----        ------------       ----------      --------------
sys_clk_pin  {0.000 5.000}      10.000          100.000         


------------------------------------------------------------------------------------------------
| Intra Clock Table
| -----------------
------------------------------------------------------------------------------------------------

Clock             WNS(ns)      TNS(ns)  TNS Failing Endpoints  TNS Total Endpoints      WHS(ns)      THS(ns)  THS Failing Endpoints  THS Total Endpoints     WPWS(ns)     TPWS(ns)  TPWS Failing Endpoints  TPWS Total Endpoints  
-----             -------      -------  ---------------------  -------------------      -------      -------  ---------------------  -------------------     --------     --------  ----------------------  --------------------  
sys_clk_pin         6.228        0.000                      0                   44        0.075        0.000                      0                   44        4.500        0.000                       0                    28  


------------------------------------------------------------------------------------------------
| Inter Clock Table
| -----------------
------------------------------------------------------------------------------------------------

From Clock    To Clock          WNS(ns)      TNS(ns)  TNS Failing Endpoints  TNS Total Endpoints      WHS(ns)      THS(ns)  THS Failing Endpoints  THS Total Endpoints  
----------    --------          -------      -------  ---------------------  -------------------      -------      -------  ---------------------  -------------------  


------------------------------------------------------------------------------------------------
| Other Path Groups Table
| -----------------------
------------------------------------------------------------------------------------------------

Path Group    From Clock    To Clock          WNS(ns)      TNS(ns)  TNS Failing Endpoints  TNS Total Endpoints      WHS(ns)      THS(ns)  THS Failing Endpoints  THS Total Endpoints  
----------    ----------    --------          -------      -------  ---------------------  -------------------      -------      -------  ---------------------  -------------------  


------------------------------------------------------------------------------------------------
| Timing Details
| --------------
------------------------------------------------------------------------------------------------


---------------------------------------------------------------------------------------------------
From Clock:  sys_clk_pin
  To Clock:  sys_clk_pin

Setup :            0  Failing Endpoints,  Worst Slack        6.228ns,  Total Violation        0.000ns
Hold  :            0  Failing Endpoints,  Worst Slack        0.075ns,  Total Violation        0.000ns
PW    :            0  Failing Endpoints,  Worst Slack        4.500ns,  Total Violation        0.000ns
---------------------------------------------------------------------------------------------------


Max Delay Paths
--------------------------------------------------------------------------------------
Slack (MET) :             6.228ns  (required time - arrival time)
  Source:                 counter_ff_reg[7]/C
                            (rising edge-triggered cell FDCE clocked by sys_clk_pin  {rise@0.000ns fall@5.000ns period=10.000ns})
  Destination:            an_ff_reg[1]/CE
                            (rising edge-triggered cell FDPE clocked by sys_clk_pin  {rise@0.000ns fall@5.000ns period=10.000ns})
  Path Group:             sys_clk_pin
  Path Type:              Setup (Max at Slow Process Corner)
  Requirement:            10.000ns  (sys_clk_pin rise@10.000ns - sys_clk_pin rise@0.000ns)
  Data Path Delay:        3.429ns  (logic 0.897ns (26.158%)  route 2.532ns (73.842%))
  Logic Levels:           2  (LUT5=1 LUT6=1)
  Clock Path Skew:        -0.103ns (DCD - SCD + CPR)
    Destination Clock Delay (DCD):    5.028ns = ( 15.028 - 10.000 ) 
    Source Clock Delay      (SCD):    5.310ns
    Clock Pessimism Removal (CPR):    0.180ns
  Clock Uncertainty:      0.035ns  ((TSJ^2 + TIJ^2)^1/2 + DJ) / 2 + PE
    Total System Jitter     (TSJ):    0.071ns
    Total Input Jitter      (TIJ):    0.000ns
    Discrete Jitter          (DJ):    0.000ns
    Phase Error              (PE):    0.000ns

    Location             Delay type                Incr(ns)  Path(ns)    Netlist Resource(s)
  -------------------------------------------------------------------    -------------------
                         (clock sys_clk_pin rise edge)
                                                      0.000     0.000 r  
    E3                                                0.000     0.000 r  clk_i (IN)
                         net (fo=0)                   0.000     0.000    clk_i
    E3                   IBUF (Prop_ibuf_I_O)         1.482     1.482 r  clk_i_IBUF_inst/O
                         net (fo=1, routed)           2.025     3.506    clk_i_IBUF
    BUFGCTRL_X0Y16       BUFG (Prop_bufg_I_O)         0.096     3.602 r  clk_i_IBUF_BUFG_inst/O
                         net (fo=27, routed)          1.708     5.310    clk_i_IBUF_BUFG
    SLICE_X2Y108         FDCE                                         r  counter_ff_reg[7]/C
  -------------------------------------------------------------------    -------------------
    SLICE_X2Y108         FDCE (Prop_fdce_C_Q)         0.478     5.788 f  counter_ff_reg[7]/Q
                         net (fo=4, routed)           0.821     6.609    counter_ff_reg[7]
    SLICE_X1Y108         LUT6 (Prop_lut6_I1_O)        0.295     6.904 r  an_ff[7]_i_3/O
                         net (fo=1, routed)           0.154     7.058    an_ff[7]_i_3_n_0
    SLICE_X1Y108         LUT5 (Prop_lut5_I4_O)        0.124     7.182 r  an_ff[7]_i_1/O
                         net (fo=17, routed)          1.557     8.739    an_en
    SLICE_X3Y96          FDPE                                         r  an_ff_reg[1]/CE
  -------------------------------------------------------------------    -------------------

                         (clock sys_clk_pin rise edge)
                                                     10.000    10.000 r  
    E3                                                0.000    10.000 r  clk_i (IN)
                         net (fo=0)                   0.000    10.000    clk_i
    E3                   IBUF (Prop_ibuf_I_O)         1.411    11.411 r  clk_i_IBUF_inst/O
                         net (fo=1, routed)           1.920    13.331    clk_i_IBUF
    BUFGCTRL_X0Y16       BUFG (Prop_bufg_I_O)         0.091    13.422 r  clk_i_IBUF_BUFG_inst/O
                         net (fo=27, routed)          1.605    15.028    clk_i_IBUF_BUFG
    SLICE_X3Y96          FDPE                                         r  an_ff_reg[1]/C
                         clock pessimism              0.180    15.208    
                         clock uncertainty           -0.035    15.172    
    SLICE_X3Y96          FDPE (Setup_fdpe_C_CE)      -0.205    14.967    an_ff_reg[1]
  -------------------------------------------------------------------
                         required time                         14.967    
                         arrival time                          -8.739    
  -------------------------------------------------------------------
                         slack                                  6.228    

Slack (MET) :             6.228ns  (required time - arrival time)
  Source:                 counter_ff_reg[7]/C
                            (rising edge-triggered cell FDCE clocked by sys_clk_pin  {rise@0.000ns fall@5.000ns period=10.000ns})
  Destination:            an_ff_reg[2]/CE
                            (rising edge-triggered cell FDPE clocked by sys_clk_pin  {rise@0.000ns fall@5.000ns period=10.000ns})
  Path Group:             sys_clk_pin
  Path Type:              Setup (Max at Slow Process Corner)
  Requirement:            10.000ns  (sys_clk_pin rise@10.000ns - sys_clk_pin rise@0.000ns)
  Data Path Delay:        3.429ns  (logic 0.897ns (26.158%)  route 2.532ns (73.842%))
  Logic Levels:           2  (LUT5=1 LUT6=1)
  Clock Path Skew:        -0.103ns (DCD - SCD + CPR)
    Destination Clock Delay (DCD):    5.028ns = ( 15.028 - 10.000 ) 
    Source Clock Delay      (SCD):    5.310ns
    Clock Pessimism Removal (CPR):    0.180ns
  Clock Uncertainty:      0.035ns  ((TSJ^2 + TIJ^2)^1/2 + DJ) / 2 + PE
    Total System Jitter     (TSJ):    0.071ns
    Total Input Jitter      (TIJ):    0.000ns
    Discrete Jitter          (DJ):    0.000ns
    Phase Error              (PE):    0.000ns

    Location             Delay type                Incr(ns)  Path(ns)    Netlist Resource(s)
  -------------------------------------------------------------------    -------------------
                         (clock sys_clk_pin rise edge)
                                                      0.000     0.000 r  
    E3                                                0.000     0.000 r  clk_i (IN)
                         net (fo=0)                   0.000     0.000    clk_i
    E3                   IBUF (Prop_ibuf_I_O)         1.482     1.482 r  clk_i_IBUF_inst/O
                         net (fo=1, routed)           2.025     3.506    clk_i_IBUF
    BUFGCTRL_X0Y16       BUFG (Prop_bufg_I_O)         0.096     3.602 r  clk_i_IBUF_BUFG_inst/O
                         net (fo=27, routed)          1.708     5.310    clk_i_IBUF_BUFG
    SLICE_X2Y108         FDCE                                         r  counter_ff_reg[7]/C
  -------------------------------------------------------------------    -------------------
    SLICE_X2Y108         FDCE (Prop_fdce_C_Q)         0.478     5.788 f  counter_ff_reg[7]/Q
                         net (fo=4, routed)           0.821     6.609    counter_ff_reg[7]
    SLICE_X1Y108         LUT6 (Prop_lut6_I1_O)        0.295     6.904 r  an_ff[7]_i_3/O
                         net (fo=1, routed)           0.154     7.058    an_ff[7]_i_3_n_0
    SLICE_X1Y108         LUT5 (Prop_lut5_I4_O)        0.124     7.182 r  an_ff[7]_i_1/O
                         net (fo=17, routed)          1.557     8.739    an_en
    SLICE_X3Y96          FDPE                                         r  an_ff_reg[2]/CE
  -------------------------------------------------------------------    -------------------

                         (clock sys_clk_pin rise edge)
                                                     10.000    10.000 r  
    E3                                                0.000    10.000 r  clk_i (IN)
                         net (fo=0)                   0.000    10.000    clk_i
    E3                   IBUF (Prop_ibuf_I_O)         1.411    11.411 r  clk_i_IBUF_inst/O
                         net (fo=1, routed)           1.920    13.331    clk_i_IBUF
    BUFGCTRL_X0Y16       BUFG (Prop_bufg_I_O)         0.091    13.422 r  clk_i_IBUF_BUFG_inst/O
                         net (fo=27, routed)          1.605    15.028    clk_i_IBUF_BUFG
    SLICE_X3Y96          FDPE                                         r  an_ff_reg[2]/C
                         clock pessimism              0.180    15.208    
                         clock uncertainty           -0.035    15.172    
    SLICE_X3Y96          FDPE (Setup_fdpe_C_CE)      -0.205    14.967    an_ff_reg[2]
  -------------------------------------------------------------------
                         required time                         14.967    
                         arrival time                          -8.739    
  -------------------------------------------------------------------
                         slack                                  6.228    

Slack (MET) :             6.228ns  (required time - arrival time)
  Source:                 counter_ff_reg[7]/C
                            (rising edge-triggered cell FDCE clocked by sys_clk_pin  {rise@0.000ns fall@5.000ns period=10.000ns})
  Destination:            an_ff_reg[2]_lopt_replica/CE
                            (rising edge-triggered cell FDPE clocked by sys_clk_pin  {rise@0.000ns fall@5.000ns period=10.000ns})
  Path Group:             sys_clk_pin
  Path Type:              Setup (Max at Slow Process Corner)
  Requirement:            10.000ns  (sys_clk_pin rise@10.000ns - sys_clk_pin rise@0.000ns)
  Data Path Delay:        3.429ns  (logic 0.897ns (26.158%)  route 2.532ns (73.842%))
  Logic Levels:           2  (LUT5=1 LUT6=1)
  Clock Path Skew:        -0.103ns (DCD - SCD + CPR)
    Destination Clock Delay (DCD):    5.028ns = ( 15.028 - 10.000 ) 
    Source Clock Delay      (SCD):    5.310ns
    Clock Pessimism Removal (CPR):    0.180ns
  Clock Uncertainty:      0.035ns  ((TSJ^2 + TIJ^2)^1/2 + DJ) / 2 + PE
    Total System Jitter     (TSJ):    0.071ns
    Total Input Jitter      (TIJ):    0.000ns
    Discrete Jitter          (DJ):    0.000ns
    Phase Error              (PE):    0.000ns

    Location             Delay type                Incr(ns)  Path(ns)    Netlist Resource(s)
  -------------------------------------------------------------------    -------------------
                         (clock sys_clk_pin rise edge)
                                                      0.000     0.000 r  
    E3                                                0.000     0.000 r  clk_i (IN)
                         net (fo=0)                   0.000     0.000    clk_i
    E3                   IBUF (Prop_ibuf_I_O)         1.482     1.482 r  clk_i_IBUF_inst/O
                         net (fo=1, routed)           2.025     3.506    clk_i_IBUF
    BUFGCTRL_X0Y16       BUFG (Prop_bufg_I_O)         0.096     3.602 r  clk_i_IBUF_BUFG_inst/O
                         net (fo=27, routed)          1.708     5.310    clk_i_IBUF_BUFG
    SLICE_X2Y108         FDCE                                         r  counter_ff_reg[7]/C
  -------------------------------------------------------------------    -------------------
    SLICE_X2Y108         FDCE (Prop_fdce_C_Q)         0.478     5.788 f  counter_ff_reg[7]/Q
                         net (fo=4, routed)           0.821     6.609    counter_ff_reg[7]
    SLICE_X1Y108         LUT6 (Prop_lut6_I1_O)        0.295     6.904 r  an_ff[7]_i_3/O
                         net (fo=1, routed)           0.154     7.058    an_ff[7]_i_3_n_0
    SLICE_X1Y108         LUT5 (Prop_lut5_I4_O)        0.124     7.182 r  an_ff[7]_i_1/O
                         net (fo=17, routed)          1.557     8.739    an_en
    SLICE_X3Y96          FDPE                                         r  an_ff_reg[2]_lopt_replica/CE
  -------------------------------------------------------------------    -------------------

                         (clock sys_clk_pin rise edge)
                                                     10.000    10.000 r  
    E3                                                0.000    10.000 r  clk_i (IN)
                         net (fo=0)                   0.000    10.000    clk_i
    E3                   IBUF (Prop_ibuf_I_O)         1.411    11.411 r  clk_i_IBUF_inst/O
                         net (fo=1, routed)           1.920    13.331    clk_i_IBUF
    BUFGCTRL_X0Y16       BUFG (Prop_bufg_I_O)         0.091    13.422 r  clk_i_IBUF_BUFG_inst/O
                         net (fo=27, routed)          1.605    15.028    clk_i_IBUF_BUFG
    SLICE_X3Y96          FDPE                                         r  an_ff_reg[2]_lopt_replica/C
                         clock pessimism              0.180    15.208    
                         clock uncertainty           -0.035    15.172    
    SLICE_X3Y96          FDPE (Setup_fdpe_C_CE)      -0.205    14.967    an_ff_reg[2]_lopt_replica
  -------------------------------------------------------------------
                         required time                         14.967    
                         arrival time                          -8.739    
  -------------------------------------------------------------------
                         slack                                  6.228    

Slack (MET) :             6.308ns  (required time - arrival time)
  Source:                 counter_ff_reg[7]/C
                            (rising edge-triggered cell FDCE clocked by sys_clk_pin  {rise@0.000ns fall@5.000ns period=10.000ns})
  Destination:            an_ff_reg[3]/CE
                            (rising edge-triggered cell FDPE clocked by sys_clk_pin  {rise@0.000ns fall@5.000ns period=10.000ns})
  Path Group:             sys_clk_pin
  Path Type:              Setup (Max at Slow Process Corner)
  Requirement:            10.000ns  (sys_clk_pin rise@10.000ns - sys_clk_pin rise@0.000ns)
  Data Path Delay:        3.386ns  (logic 0.897ns (26.492%)  route 2.489ns (73.508%))
  Logic Levels:           2  (LUT5=1 LUT6=1)
  Clock Path Skew:        -0.102ns (DCD - SCD + CPR)
    Destination Clock Delay (DCD):    5.029ns = ( 15.029 - 10.000 ) 
    Source Clock Delay      (SCD):    5.310ns
    Clock Pessimism Removal (CPR):    0.180ns
  Clock Uncertainty:      0.035ns  ((TSJ^2 + TIJ^2)^1/2 + DJ) / 2 + PE
    Total System Jitter     (TSJ):    0.071ns
    Total Input Jitter      (TIJ):    0.000ns
    Discrete Jitter          (DJ):    0.000ns
    Phase Error              (PE):    0.000ns

    Location             Delay type                Incr(ns)  Path(ns)    Netlist Resource(s)
  -------------------------------------------------------------------    -------------------
                         (clock sys_clk_pin rise edge)
                                                      0.000     0.000 r  
    E3                                                0.000     0.000 r  clk_i (IN)
                         net (fo=0)                   0.000     0.000    clk_i
    E3                   IBUF (Prop_ibuf_I_O)         1.482     1.482 r  clk_i_IBUF_inst/O
                         net (fo=1, routed)           2.025     3.506    clk_i_IBUF
    BUFGCTRL_X0Y16       BUFG (Prop_bufg_I_O)         0.096     3.602 r  clk_i_IBUF_BUFG_inst/O
                         net (fo=27, routed)          1.708     5.310    clk_i_IBUF_BUFG
    SLICE_X2Y108         FDCE                                         r  counter_ff_reg[7]/C
  -------------------------------------------------------------------    -------------------
    SLICE_X2Y108         FDCE (Prop_fdce_C_Q)         0.478     5.788 f  counter_ff_reg[7]/Q
                         net (fo=4, routed)           0.821     6.609    counter_ff_reg[7]
    SLICE_X1Y108         LUT6 (Prop_lut6_I1_O)        0.295     6.904 r  an_ff[7]_i_3/O
                         net (fo=1, routed)           0.154     7.058    an_ff[7]_i_3_n_0
    SLICE_X1Y108         LUT5 (Prop_lut5_I4_O)        0.124     7.182 r  an_ff[7]_i_1/O
                         net (fo=17, routed)          1.514     8.696    an_en
    SLICE_X2Y98          FDPE                                         r  an_ff_reg[3]/CE
  -------------------------------------------------------------------    -------------------

                         (clock sys_clk_pin rise edge)
                                                     10.000    10.000 r  
    E3                                                0.000    10.000 r  clk_i (IN)
                         net (fo=0)                   0.000    10.000    clk_i
    E3                   IBUF (Prop_ibuf_I_O)         1.411    11.411 r  clk_i_IBUF_inst/O
                         net (fo=1, routed)           1.920    13.331    clk_i_IBUF
    BUFGCTRL_X0Y16       BUFG (Prop_bufg_I_O)         0.091    13.422 r  clk_i_IBUF_BUFG_inst/O
                         net (fo=27, routed)          1.606    15.029    clk_i_IBUF_BUFG
    SLICE_X2Y98          FDPE                                         r  an_ff_reg[3]/C
                         clock pessimism              0.180    15.209    
                         clock uncertainty           -0.035    15.173    
    SLICE_X2Y98          FDPE (Setup_fdpe_C_CE)      -0.169    15.004    an_ff_reg[3]
  -------------------------------------------------------------------
                         required time                         15.004    
                         arrival time                          -8.696    
  -------------------------------------------------------------------
                         slack                                  6.308    

Slack (MET) :             6.308ns  (required time - arrival time)
  Source:                 counter_ff_reg[7]/C
                            (rising edge-triggered cell FDCE clocked by sys_clk_pin  {rise@0.000ns fall@5.000ns period=10.000ns})
  Destination:            an_ff_reg[4]/CE
                            (rising edge-triggered cell FDPE clocked by sys_clk_pin  {rise@0.000ns fall@5.000ns period=10.000ns})
  Path Group:             sys_clk_pin
  Path Type:              Setup (Max at Slow Process Corner)
  Requirement:            10.000ns  (sys_clk_pin rise@10.000ns - sys_clk_pin rise@0.000ns)
  Data Path Delay:        3.386ns  (logic 0.897ns (26.492%)  route 2.489ns (73.508%))
  Logic Levels:           2  (LUT5=1 LUT6=1)
  Clock Path Skew:        -0.102ns (DCD - SCD + CPR)
    Destination Clock Delay (DCD):    5.029ns = ( 15.029 - 10.000 ) 
    Source Clock Delay      (SCD):    5.310ns
    Clock Pessimism Removal (CPR):    0.180ns
  Clock Uncertainty:      0.035ns  ((TSJ^2 + TIJ^2)^1/2 + DJ) / 2 + PE
    Total System Jitter     (TSJ):    0.071ns
    Total Input Jitter      (TIJ):    0.000ns
    Discrete Jitter          (DJ):    0.000ns
    Phase Error              (PE):    0.000ns

    Location             Delay type                Incr(ns)  Path(ns)    Netlist Resource(s)
  -------------------------------------------------------------------    -------------------
                         (clock sys_clk_pin rise edge)
                                                      0.000     0.000 r  
    E3                                                0.000     0.000 r  clk_i (IN)
                         net (fo=0)                   0.000     0.000    clk_i
    E3                   IBUF (Prop_ibuf_I_O)         1.482     1.482 r  clk_i_IBUF_inst/O
                         net (fo=1, routed)           2.025     3.506    clk_i_IBUF
    BUFGCTRL_X0Y16       BUFG (Prop_bufg_I_O)         0.096     3.602 r  clk_i_IBUF_BUFG_inst/O
                         net (fo=27, routed)          1.708     5.310    clk_i_IBUF_BUFG
    SLICE_X2Y108         FDCE                                         r  counter_ff_reg[7]/C
  -------------------------------------------------------------------    -------------------
    SLICE_X2Y108         FDCE (Prop_fdce_C_Q)         0.478     5.788 f  counter_ff_reg[7]/Q
                         net (fo=4, routed)           0.821     6.609    counter_ff_reg[7]
    SLICE_X1Y108         LUT6 (Prop_lut6_I1_O)        0.295     6.904 r  an_ff[7]_i_3/O
                         net (fo=1, routed)           0.154     7.058    an_ff[7]_i_3_n_0
    SLICE_X1Y108         LUT5 (Prop_lut5_I4_O)        0.124     7.182 r  an_ff[7]_i_1/O
                         net (fo=17, routed)          1.514     8.696    an_en
    SLICE_X2Y98          FDPE                                         r  an_ff_reg[4]/CE
  -------------------------------------------------------------------    -------------------

                         (clock sys_clk_pin rise edge)
                                                     10.000    10.000 r  
    E3                                                0.000    10.000 r  clk_i (IN)
                         net (fo=0)                   0.000    10.000    clk_i
    E3                   IBUF (Prop_ibuf_I_O)         1.411    11.411 r  clk_i_IBUF_inst/O
                         net (fo=1, routed)           1.920    13.331    clk_i_IBUF
    BUFGCTRL_X0Y16       BUFG (Prop_bufg_I_O)         0.091    13.422 r  clk_i_IBUF_BUFG_inst/O
                         net (fo=27, routed)          1.606    15.029    clk_i_IBUF_BUFG
    SLICE_X2Y98          FDPE                                         r  an_ff_reg[4]/C
                         clock pessimism              0.180    15.209    
                         clock uncertainty           -0.035    15.173    
    SLICE_X2Y98          FDPE (Setup_fdpe_C_CE)      -0.169    15.004    an_ff_reg[4]
  -------------------------------------------------------------------
                         required time                         15.004    
                         arrival time                          -8.696    
  -------------------------------------------------------------------
                         slack                                  6.308    

Slack (MET) :             6.308ns  (required time - arrival time)
  Source:                 counter_ff_reg[7]/C
                            (rising edge-triggered cell FDCE clocked by sys_clk_pin  {rise@0.000ns fall@5.000ns period=10.000ns})
  Destination:            an_ff_reg[4]_lopt_replica/CE
                            (rising edge-triggered cell FDPE clocked by sys_clk_pin  {rise@0.000ns fall@5.000ns period=10.000ns})
  Path Group:             sys_clk_pin
  Path Type:              Setup (Max at Slow Process Corner)
  Requirement:            10.000ns  (sys_clk_pin rise@10.000ns - sys_clk_pin rise@0.000ns)
  Data Path Delay:        3.386ns  (logic 0.897ns (26.492%)  route 2.489ns (73.508%))
  Logic Levels:           2  (LUT5=1 LUT6=1)
  Clock Path Skew:        -0.102ns (DCD - SCD + CPR)
    Destination Clock Delay (DCD):    5.029ns = ( 15.029 - 10.000 ) 
    Source Clock Delay      (SCD):    5.310ns
    Clock Pessimism Removal (CPR):    0.180ns
  Clock Uncertainty:      0.035ns  ((TSJ^2 + TIJ^2)^1/2 + DJ) / 2 + PE
    Total System Jitter     (TSJ):    0.071ns
    Total Input Jitter      (TIJ):    0.000ns
    Discrete Jitter          (DJ):    0.000ns
    Phase Error              (PE):    0.000ns

    Location             Delay type                Incr(ns)  Path(ns)    Netlist Resource(s)
  -------------------------------------------------------------------    -------------------
                         (clock sys_clk_pin rise edge)
                                                      0.000     0.000 r  
    E3                                                0.000     0.000 r  clk_i (IN)
                         net (fo=0)                   0.000     0.000    clk_i
    E3                   IBUF (Prop_ibuf_I_O)         1.482     1.482 r  clk_i_IBUF_inst/O
                         net (fo=1, routed)           2.025     3.506    clk_i_IBUF
    BUFGCTRL_X0Y16       BUFG (Prop_bufg_I_O)         0.096     3.602 r  clk_i_IBUF_BUFG_inst/O
                         net (fo=27, routed)          1.708     5.310    clk_i_IBUF_BUFG
    SLICE_X2Y108         FDCE                                         r  counter_ff_reg[7]/C
  -------------------------------------------------------------------    -------------------
    SLICE_X2Y108         FDCE (Prop_fdce_C_Q)         0.478     5.788 f  counter_ff_reg[7]/Q
                         net (fo=4, routed)           0.821     6.609    counter_ff_reg[7]
    SLICE_X1Y108         LUT6 (Prop_lut6_I1_O)        0.295     6.904 r  an_ff[7]_i_3/O
                         net (fo=1, routed)           0.154     7.058    an_ff[7]_i_3_n_0
    SLICE_X1Y108         LUT5 (Prop_lut5_I4_O)        0.124     7.182 r  an_ff[7]_i_1/O
                         net (fo=17, routed)          1.514     8.696    an_en
    SLICE_X2Y98          FDPE                                         r  an_ff_reg[4]_lopt_replica/CE
  -------------------------------------------------------------------    -------------------

                         (clock sys_clk_pin rise edge)
                                                     10.000    10.000 r  
    E3                                                0.000    10.000 r  clk_i (IN)
                         net (fo=0)                   0.000    10.000    clk_i
    E3                   IBUF (Prop_ibuf_I_O)         1.411    11.411 r  clk_i_IBUF_inst/O
                         net (fo=1, routed)           1.920    13.331    clk_i_IBUF
    BUFGCTRL_X0Y16       BUFG (Prop_bufg_I_O)         0.091    13.422 r  clk_i_IBUF_BUFG_inst/O
                         net (fo=27, routed)          1.606    15.029    clk_i_IBUF_BUFG
    SLICE_X2Y98          FDPE                                         r  an_ff_reg[4]_lopt_replica/C
                         clock pessimism              0.180    15.209    
                         clock uncertainty           -0.035    15.173    
    SLICE_X2Y98          FDPE (Setup_fdpe_C_CE)      -0.169    15.004    an_ff_reg[4]_lopt_replica
  -------------------------------------------------------------------
                         required time                         15.004    
                         arrival time                          -8.696    
  -------------------------------------------------------------------
                         slack                                  6.308    

Slack (MET) :             6.308ns  (required time - arrival time)
  Source:                 counter_ff_reg[7]/C
                            (rising edge-triggered cell FDCE clocked by sys_clk_pin  {rise@0.000ns fall@5.000ns period=10.000ns})
  Destination:            an_ff_reg[5]_lopt_replica/CE
                            (rising edge-triggered cell FDPE clocked by sys_clk_pin  {rise@0.000ns fall@5.000ns period=10.000ns})
  Path Group:             sys_clk_pin
  Path Type:              Setup (Max at Slow Process Corner)
  Requirement:            10.000ns  (sys_clk_pin rise@10.000ns - sys_clk_pin rise@0.000ns)
  Data Path Delay:        3.386ns  (logic 0.897ns (26.492%)  route 2.489ns (73.508%))
  Logic Levels:           2  (LUT5=1 LUT6=1)
  Clock Path Skew:        -0.102ns (DCD - SCD + CPR)
    Destination Clock Delay (DCD):    5.029ns = ( 15.029 - 10.000 ) 
    Source Clock Delay      (SCD):    5.310ns
    Clock Pessimism Removal (CPR):    0.180ns
  Clock Uncertainty:      0.035ns  ((TSJ^2 + TIJ^2)^1/2 + DJ) / 2 + PE
    Total System Jitter     (TSJ):    0.071ns
    Total Input Jitter      (TIJ):    0.000ns
    Discrete Jitter          (DJ):    0.000ns
    Phase Error              (PE):    0.000ns

    Location             Delay type                Incr(ns)  Path(ns)    Netlist Resource(s)
  -------------------------------------------------------------------    -------------------
                         (clock sys_clk_pin rise edge)
                                                      0.000     0.000 r  
    E3                                                0.000     0.000 r  clk_i (IN)
                         net (fo=0)                   0.000     0.000    clk_i
    E3                   IBUF (Prop_ibuf_I_O)         1.482     1.482 r  clk_i_IBUF_inst/O
                         net (fo=1, routed)           2.025     3.506    clk_i_IBUF
    BUFGCTRL_X0Y16       BUFG (Prop_bufg_I_O)         0.096     3.602 r  clk_i_IBUF_BUFG_inst/O
                         net (fo=27, routed)          1.708     5.310    clk_i_IBUF_BUFG
    SLICE_X2Y108         FDCE                                         r  counter_ff_reg[7]/C
  -------------------------------------------------------------------    -------------------
    SLICE_X2Y108         FDCE (Prop_fdce_C_Q)         0.478     5.788 f  counter_ff_reg[7]/Q
                         net (fo=4, routed)           0.821     6.609    counter_ff_reg[7]
    SLICE_X1Y108         LUT6 (Prop_lut6_I1_O)        0.295     6.904 r  an_ff[7]_i_3/O
                         net (fo=1, routed)           0.154     7.058    an_ff[7]_i_3_n_0
    SLICE_X1Y108         LUT5 (Prop_lut5_I4_O)        0.124     7.182 r  an_ff[7]_i_1/O
                         net (fo=17, routed)          1.514     8.696    an_en
    SLICE_X2Y98          FDPE                                         r  an_ff_reg[5]_lopt_replica/CE
  -------------------------------------------------------------------    -------------------

                         (clock sys_clk_pin rise edge)
                                                     10.000    10.000 r  
    E3                                                0.000    10.000 r  clk_i (IN)
                         net (fo=0)                   0.000    10.000    clk_i
    E3                   IBUF (Prop_ibuf_I_O)         1.411    11.411 r  clk_i_IBUF_inst/O
                         net (fo=1, routed)           1.920    13.331    clk_i_IBUF
    BUFGCTRL_X0Y16       BUFG (Prop_bufg_I_O)         0.091    13.422 r  clk_i_IBUF_BUFG_inst/O
                         net (fo=27, routed)          1.606    15.029    clk_i_IBUF_BUFG
    SLICE_X2Y98          FDPE                                         r  an_ff_reg[5]_lopt_replica/C
                         clock pessimism              0.180    15.209    
                         clock uncertainty           -0.035    15.173    
    SLICE_X2Y98          FDPE (Setup_fdpe_C_CE)      -0.169    15.004    an_ff_reg[5]_lopt_replica
  -------------------------------------------------------------------
                         required time                         15.004    
                         arrival time                          -8.696    
  -------------------------------------------------------------------
                         slack                                  6.308    

Slack (MET) :             6.448ns  (required time - arrival time)
  Source:                 counter_ff_reg[7]/C
                            (rising edge-triggered cell FDCE clocked by sys_clk_pin  {rise@0.000ns fall@5.000ns period=10.000ns})
  Destination:            an_ff_reg[7]_lopt_replica/CE
                            (rising edge-triggered cell FDPE clocked by sys_clk_pin  {rise@0.000ns fall@5.000ns period=10.000ns})
  Path Group:             sys_clk_pin
  Path Type:              Setup (Max at Slow Process Corner)
  Requirement:            10.000ns  (sys_clk_pin rise@10.000ns - sys_clk_pin rise@0.000ns)
  Data Path Delay:        3.246ns  (logic 0.897ns (27.633%)  route 2.349ns (72.367%))
  Logic Levels:           2  (LUT5=1 LUT6=1)
  Clock Path Skew:        -0.102ns (DCD - SCD + CPR)
    Destination Clock Delay (DCD):    5.029ns = ( 15.029 - 10.000 ) 
    Source Clock Delay      (SCD):    5.310ns
    Clock Pessimism Removal (CPR):    0.180ns
  Clock Uncertainty:      0.035ns  ((TSJ^2 + TIJ^2)^1/2 + DJ) / 2 + PE
    Total System Jitter     (TSJ):    0.071ns
    Total Input Jitter      (TIJ):    0.000ns
    Discrete Jitter          (DJ):    0.000ns
    Phase Error              (PE):    0.000ns

    Location             Delay type                Incr(ns)  Path(ns)    Netlist Resource(s)
  -------------------------------------------------------------------    -------------------
                         (clock sys_clk_pin rise edge)
                                                      0.000     0.000 r  
    E3                                                0.000     0.000 r  clk_i (IN)
                         net (fo=0)                   0.000     0.000    clk_i
    E3                   IBUF (Prop_ibuf_I_O)         1.482     1.482 r  clk_i_IBUF_inst/O
                         net (fo=1, routed)           2.025     3.506    clk_i_IBUF
    BUFGCTRL_X0Y16       BUFG (Prop_bufg_I_O)         0.096     3.602 r  clk_i_IBUF_BUFG_inst/O
                         net (fo=27, routed)          1.708     5.310    clk_i_IBUF_BUFG
    SLICE_X2Y108         FDCE                                         r  counter_ff_reg[7]/C
  -------------------------------------------------------------------    -------------------
    SLICE_X2Y108         FDCE (Prop_fdce_C_Q)         0.478     5.788 f  counter_ff_reg[7]/Q
                         net (fo=4, routed)           0.821     6.609    counter_ff_reg[7]
    SLICE_X1Y108         LUT6 (Prop_lut6_I1_O)        0.295     6.904 r  an_ff[7]_i_3/O
                         net (fo=1, routed)           0.154     7.058    an_ff[7]_i_3_n_0
    SLICE_X1Y108         LUT5 (Prop_lut5_I4_O)        0.124     7.182 r  an_ff[7]_i_1/O
                         net (fo=17, routed)          1.374     8.556    an_en
    SLICE_X2Y99          FDPE                                         r  an_ff_reg[7]_lopt_replica/CE
  -------------------------------------------------------------------    -------------------

                         (clock sys_clk_pin rise edge)
                                                     10.000    10.000 r  
    E3                                                0.000    10.000 r  clk_i (IN)
                         net (fo=0)                   0.000    10.000    clk_i
    E3                   IBUF (Prop_ibuf_I_O)         1.411    11.411 r  clk_i_IBUF_inst/O
                         net (fo=1, routed)           1.920    13.331    clk_i_IBUF
    BUFGCTRL_X0Y16       BUFG (Prop_bufg_I_O)         0.091    13.422 r  clk_i_IBUF_BUFG_inst/O
                         net (fo=27, routed)          1.606    15.029    clk_i_IBUF_BUFG
    SLICE_X2Y99          FDPE                                         r  an_ff_reg[7]_lopt_replica/C
                         clock pessimism              0.180    15.209    
                         clock uncertainty           -0.035    15.173    
    SLICE_X2Y99          FDPE (Setup_fdpe_C_CE)      -0.169    15.004    an_ff_reg[7]_lopt_replica
  -------------------------------------------------------------------
                         required time                         15.004    
                         arrival time                          -8.556    
  -------------------------------------------------------------------
                         slack                                  6.448    

Slack (MET) :             6.704ns  (required time - arrival time)
  Source:                 counter_ff_reg[7]/C
                            (rising edge-triggered cell FDCE clocked by sys_clk_pin  {rise@0.000ns fall@5.000ns period=10.000ns})
  Destination:            an_ff_reg[0]/CE
                            (rising edge-triggered cell FDCE clocked by sys_clk_pin  {rise@0.000ns fall@5.000ns period=10.000ns})
  Path Group:             sys_clk_pin
  Path Type:              Setup (Max at Slow Process Corner)
  Requirement:            10.000ns  (sys_clk_pin rise@10.000ns - sys_clk_pin rise@0.000ns)
  Data Path Delay:        3.069ns  (logic 0.897ns (29.232%)  route 2.172ns (70.768%))
  Logic Levels:           2  (LUT5=1 LUT6=1)
  Clock Path Skew:        -0.023ns (DCD - SCD + CPR)
    Destination Clock Delay (DCD):    5.012ns = ( 15.012 - 10.000 ) 
    Source Clock Delay      (SCD):    5.310ns
    Clock Pessimism Removal (CPR):    0.275ns
  Clock Uncertainty:      0.035ns  ((TSJ^2 + TIJ^2)^1/2 + DJ) / 2 + PE
    Total System Jitter     (TSJ):    0.071ns
    Total Input Jitter      (TIJ):    0.000ns
    Discrete Jitter          (DJ):    0.000ns
    Phase Error              (PE):    0.000ns

    Location             Delay type                Incr(ns)  Path(ns)    Netlist Resource(s)
  -------------------------------------------------------------------    -------------------
                         (clock sys_clk_pin rise edge)
                                                      0.000     0.000 r  
    E3                                                0.000     0.000 r  clk_i (IN)
                         net (fo=0)                   0.000     0.000    clk_i
    E3                   IBUF (Prop_ibuf_I_O)         1.482     1.482 r  clk_i_IBUF_inst/O
                         net (fo=1, routed)           2.025     3.506    clk_i_IBUF
    BUFGCTRL_X0Y16       BUFG (Prop_bufg_I_O)         0.096     3.602 r  clk_i_IBUF_BUFG_inst/O
                         net (fo=27, routed)          1.708     5.310    clk_i_IBUF_BUFG
    SLICE_X2Y108         FDCE                                         r  counter_ff_reg[7]/C
  -------------------------------------------------------------------    -------------------
    SLICE_X2Y108         FDCE (Prop_fdce_C_Q)         0.478     5.788 f  counter_ff_reg[7]/Q
                         net (fo=4, routed)           0.821     6.609    counter_ff_reg[7]
    SLICE_X1Y108         LUT6 (Prop_lut6_I1_O)        0.295     6.904 r  an_ff[7]_i_3/O
                         net (fo=1, routed)           0.154     7.058    an_ff[7]_i_3_n_0
    SLICE_X1Y108         LUT5 (Prop_lut5_I4_O)        0.124     7.182 r  an_ff[7]_i_1/O
                         net (fo=17, routed)          1.196     8.379    an_en
    SLICE_X2Y100         FDCE                                         r  an_ff_reg[0]/CE
  -------------------------------------------------------------------    -------------------

                         (clock sys_clk_pin rise edge)
                                                     10.000    10.000 r  
    E3                                                0.000    10.000 r  clk_i (IN)
                         net (fo=0)                   0.000    10.000    clk_i
    E3                   IBUF (Prop_ibuf_I_O)         1.411    11.411 r  clk_i_IBUF_inst/O
                         net (fo=1, routed)           1.920    13.331    clk_i_IBUF
    BUFGCTRL_X0Y16       BUFG (Prop_bufg_I_O)         0.091    13.422 r  clk_i_IBUF_BUFG_inst/O
                         net (fo=27, routed)          1.590    15.012    clk_i_IBUF_BUFG
    SLICE_X2Y100         FDCE                                         r  an_ff_reg[0]/C
                         clock pessimism              0.275    15.287    
                         clock uncertainty           -0.035    15.252    
    SLICE_X2Y100         FDCE (Setup_fdce_C_CE)      -0.169    15.083    an_ff_reg[0]
  -------------------------------------------------------------------
                         required time                         15.083    
                         arrival time                          -8.379    
  -------------------------------------------------------------------
                         slack                                  6.704    

Slack (MET) :             6.704ns  (required time - arrival time)
  Source:                 counter_ff_reg[7]/C
                            (rising edge-triggered cell FDCE clocked by sys_clk_pin  {rise@0.000ns fall@5.000ns period=10.000ns})
  Destination:            an_ff_reg[5]/CE
                            (rising edge-triggered cell FDPE clocked by sys_clk_pin  {rise@0.000ns fall@5.000ns period=10.000ns})
  Path Group:             sys_clk_pin
  Path Type:              Setup (Max at Slow Process Corner)
  Requirement:            10.000ns  (sys_clk_pin rise@10.000ns - sys_clk_pin rise@0.000ns)
  Data Path Delay:        3.069ns  (logic 0.897ns (29.232%)  route 2.172ns (70.768%))
  Logic Levels:           2  (LUT5=1 LUT6=1)
  Clock Path Skew:        -0.023ns (DCD - SCD + CPR)
    Destination Clock Delay (DCD):    5.012ns = ( 15.012 - 10.000 ) 
    Source Clock Delay      (SCD):    5.310ns
    Clock Pessimism Removal (CPR):    0.275ns
  Clock Uncertainty:      0.035ns  ((TSJ^2 + TIJ^2)^1/2 + DJ) / 2 + PE
    Total System Jitter     (TSJ):    0.071ns
    Total Input Jitter      (TIJ):    0.000ns
    Discrete Jitter          (DJ):    0.000ns
    Phase Error              (PE):    0.000ns

    Location             Delay type                Incr(ns)  Path(ns)    Netlist Resource(s)
  -------------------------------------------------------------------    -------------------
                         (clock sys_clk_pin rise edge)
                                                      0.000     0.000 r  
    E3                                                0.000     0.000 r  clk_i (IN)
                         net (fo=0)                   0.000     0.000    clk_i
    E3                   IBUF (Prop_ibuf_I_O)         1.482     1.482 r  clk_i_IBUF_inst/O
                         net (fo=1, routed)           2.025     3.506    clk_i_IBUF
    BUFGCTRL_X0Y16       BUFG (Prop_bufg_I_O)         0.096     3.602 r  clk_i_IBUF_BUFG_inst/O
                         net (fo=27, routed)          1.708     5.310    clk_i_IBUF_BUFG
    SLICE_X2Y108         FDCE                                         r  counter_ff_reg[7]/C
  -------------------------------------------------------------------    -------------------
    SLICE_X2Y108         FDCE (Prop_fdce_C_Q)         0.478     5.788 f  counter_ff_reg[7]/Q
                         net (fo=4, routed)           0.821     6.609    counter_ff_reg[7]
    SLICE_X1Y108         LUT6 (Prop_lut6_I1_O)        0.295     6.904 r  an_ff[7]_i_3/O
                         net (fo=1, routed)           0.154     7.058    an_ff[7]_i_3_n_0
    SLICE_X1Y108         LUT5 (Prop_lut5_I4_O)        0.124     7.182 r  an_ff[7]_i_1/O
                         net (fo=17, routed)          1.196     8.379    an_en
    SLICE_X2Y100         FDPE                                         r  an_ff_reg[5]/CE
  -------------------------------------------------------------------    -------------------

                         (clock sys_clk_pin rise edge)
                                                     10.000    10.000 r  
    E3                                                0.000    10.000 r  clk_i (IN)
                         net (fo=0)                   0.000    10.000    clk_i
    E3                   IBUF (Prop_ibuf_I_O)         1.411    11.411 r  clk_i_IBUF_inst/O
                         net (fo=1, routed)           1.920    13.331    clk_i_IBUF
    BUFGCTRL_X0Y16       BUFG (Prop_bufg_I_O)         0.091    13.422 r  clk_i_IBUF_BUFG_inst/O
                         net (fo=27, routed)          1.590    15.012    clk_i_IBUF_BUFG
    SLICE_X2Y100         FDPE                                         r  an_ff_reg[5]/C
                         clock pessimism              0.275    15.287    
                         clock uncertainty           -0.035    15.252    
    SLICE_X2Y100         FDPE (Setup_fdpe_C_CE)      -0.169    15.083    an_ff_reg[5]
  -------------------------------------------------------------------
                         required time                         15.083    
                         arrival time                          -8.379    
  -------------------------------------------------------------------
                         slack                                  6.704    





Min Delay Paths
--------------------------------------------------------------------------------------
Slack (MET) :             0.075ns  (arrival time - required time)
  Source:                 an_ff_reg[6]/C
                            (rising edge-triggered cell FDPE clocked by sys_clk_pin  {rise@0.000ns fall@5.000ns period=10.000ns})
  Destination:            an_ff_reg[7]_lopt_replica/D
                            (rising edge-triggered cell FDPE clocked by sys_clk_pin  {rise@0.000ns fall@5.000ns period=10.000ns})
  Path Group:             sys_clk_pin
  Path Type:              Hold (Min at Fast Process Corner)
  Requirement:            0.000ns  (sys_clk_pin rise@0.000ns - sys_clk_pin rise@0.000ns)
  Data Path Delay:        0.412ns  (logic 0.164ns (39.759%)  route 0.248ns (60.241%))
  Logic Levels:           0  
  Clock Path Skew:        0.279ns (DCD - SCD - CPR)
    Destination Clock Delay (DCD):    2.043ns
    Source Clock Delay      (SCD):    1.518ns
    Clock Pessimism Removal (CPR):    0.245ns

    Location             Delay type                Incr(ns)  Path(ns)    Netlist Resource(s)
  -------------------------------------------------------------------    -------------------
                         (clock sys_clk_pin rise edge)
                                                      0.000     0.000 r  
    E3                                                0.000     0.000 r  clk_i (IN)
                         net (fo=0)                   0.000     0.000    clk_i
    E3                   IBUF (Prop_ibuf_I_O)         0.250     0.250 r  clk_i_IBUF_inst/O
                         net (fo=1, routed)           0.644     0.894    clk_i_IBUF
    BUFGCTRL_X0Y16       BUFG (Prop_bufg_I_O)         0.026     0.920 r  clk_i_IBUF_BUFG_inst/O
                         net (fo=27, routed)          0.599     1.518    clk_i_IBUF_BUFG
    SLICE_X2Y100         FDPE                                         r  an_ff_reg[6]/C
  -------------------------------------------------------------------    -------------------
    SLICE_X2Y100         FDPE (Prop_fdpe_C_Q)         0.164     1.682 r  an_ff_reg[6]/Q
                         net (fo=13, routed)          0.248     1.931    an_o_OBUF[6]
    SLICE_X2Y99          FDPE                                         r  an_ff_reg[7]_lopt_replica/D
  -------------------------------------------------------------------    -------------------

                         (clock sys_clk_pin rise edge)
                                                      0.000     0.000 r  
    E3                                                0.000     0.000 r  clk_i (IN)
                         net (fo=0)                   0.000     0.000    clk_i
    E3                   IBUF (Prop_ibuf_I_O)         0.438     0.438 r  clk_i_IBUF_inst/O
                         net (fo=1, routed)           0.699     1.136    clk_i_IBUF
    BUFGCTRL_X0Y16       BUFG (Prop_bufg_I_O)         0.029     1.165 r  clk_i_IBUF_BUFG_inst/O
                         net (fo=27, routed)          0.878     2.043    clk_i_IBUF_BUFG
    SLICE_X2Y99          FDPE                                         r  an_ff_reg[7]_lopt_replica/C
                         clock pessimism             -0.245     1.797    
    SLICE_X2Y99          FDPE (Hold_fdpe_C_D)         0.059     1.856    an_ff_reg[7]_lopt_replica
  -------------------------------------------------------------------
                         required time                         -1.856    
                         arrival time                           1.931    
  -------------------------------------------------------------------
                         slack                                  0.075    

Slack (MET) :             0.126ns  (arrival time - required time)
  Source:                 an_ff_reg[4]/C
                            (rising edge-triggered cell FDPE clocked by sys_clk_pin  {rise@0.000ns fall@5.000ns period=10.000ns})
  Destination:            an_ff_reg[5]/D
                            (rising edge-triggered cell FDPE clocked by sys_clk_pin  {rise@0.000ns fall@5.000ns period=10.000ns})
  Path Group:             sys_clk_pin
  Path Type:              Hold (Min at Fast Process Corner)
  Requirement:            0.000ns  (sys_clk_pin rise@0.000ns - sys_clk_pin rise@0.000ns)
  Data Path Delay:        0.445ns  (logic 0.164ns (36.823%)  route 0.281ns (63.178%))
  Logic Levels:           0  
  Clock Path Skew:        0.267ns (DCD - SCD - CPR)
    Destination Clock Delay (DCD):    2.037ns
    Source Clock Delay      (SCD):    1.524ns
    Clock Pessimism Removal (CPR):    0.245ns

    Location             Delay type                Incr(ns)  Path(ns)    Netlist Resource(s)
  -------------------------------------------------------------------    -------------------
                         (clock sys_clk_pin rise edge)
                                                      0.000     0.000 r  
    E3                                                0.000     0.000 r  clk_i (IN)
                         net (fo=0)                   0.000     0.000    clk_i
    E3                   IBUF (Prop_ibuf_I_O)         0.250     0.250 r  clk_i_IBUF_inst/O
                         net (fo=1, routed)           0.644     0.894    clk_i_IBUF
    BUFGCTRL_X0Y16       BUFG (Prop_bufg_I_O)         0.026     0.920 r  clk_i_IBUF_BUFG_inst/O
                         net (fo=27, routed)          0.605     1.524    clk_i_IBUF_BUFG
    SLICE_X2Y98          FDPE                                         r  an_ff_reg[4]/C
  -------------------------------------------------------------------    -------------------
    SLICE_X2Y98          FDPE (Prop_fdpe_C_Q)         0.164     1.688 r  an_ff_reg[4]/Q
                         net (fo=12, routed)          0.281     1.970    an_o_OBUF[4]
    SLICE_X2Y100         FDPE                                         r  an_ff_reg[5]/D
  -------------------------------------------------------------------    -------------------

                         (clock sys_clk_pin rise edge)
                                                      0.000     0.000 r  
    E3                                                0.000     0.000 r  clk_i (IN)
                         net (fo=0)                   0.000     0.000    clk_i
    E3                   IBUF (Prop_ibuf_I_O)         0.438     0.438 r  clk_i_IBUF_inst/O
                         net (fo=1, routed)           0.699     1.136    clk_i_IBUF
    BUFGCTRL_X0Y16       BUFG (Prop_bufg_I_O)         0.029     1.165 r  clk_i_IBUF_BUFG_inst/O
                         net (fo=27, routed)          0.872     2.037    clk_i_IBUF_BUFG
    SLICE_X2Y100         FDPE                                         r  an_ff_reg[5]/C
                         clock pessimism             -0.245     1.791    
    SLICE_X2Y100         FDPE (Hold_fdpe_C_D)         0.052     1.843    an_ff_reg[5]
  -------------------------------------------------------------------
                         required time                         -1.843    
                         arrival time                           1.970    
  -------------------------------------------------------------------
                         slack                                  0.126    

Slack (MET) :             0.191ns  (arrival time - required time)
  Source:                 an_ff_reg[2]/C
                            (rising edge-triggered cell FDPE clocked by sys_clk_pin  {rise@0.000ns fall@5.000ns period=10.000ns})
  Destination:            an_ff_reg[3]_lopt_replica/D
                            (rising edge-triggered cell FDPE clocked by sys_clk_pin  {rise@0.000ns fall@5.000ns period=10.000ns})
  Path Group:             sys_clk_pin
  Path Type:              Hold (Min at Fast Process Corner)
  Requirement:            0.000ns  (sys_clk_pin rise@0.000ns - sys_clk_pin rise@0.000ns)
  Data Path Delay:        0.509ns  (logic 0.141ns (27.717%)  route 0.368ns (72.283%))
  Logic Levels:           0  
  Clock Path Skew:        0.266ns (DCD - SCD - CPR)
    Destination Clock Delay (DCD):    2.035ns
    Source Clock Delay      (SCD):    1.523ns
    Clock Pessimism Removal (CPR):    0.245ns

    Location             Delay type                Incr(ns)  Path(ns)    Netlist Resource(s)
  -------------------------------------------------------------------    -------------------
                         (clock sys_clk_pin rise edge)
                                                      0.000     0.000 r  
    E3                                                0.000     0.000 r  clk_i (IN)
                         net (fo=0)                   0.000     0.000    clk_i
    E3                   IBUF (Prop_ibuf_I_O)         0.250     0.250 r  clk_i_IBUF_inst/O
                         net (fo=1, routed)           0.644     0.894    clk_i_IBUF
    BUFGCTRL_X0Y16       BUFG (Prop_bufg_I_O)         0.026     0.920 r  clk_i_IBUF_BUFG_inst/O
                         net (fo=27, routed)          0.604     1.523    clk_i_IBUF_BUFG
    SLICE_X3Y96          FDPE                                         r  an_ff_reg[2]/C
  -------------------------------------------------------------------    -------------------
    SLICE_X3Y96          FDPE (Prop_fdpe_C_Q)         0.141     1.664 r  an_ff_reg[2]/Q
                         net (fo=19, routed)          0.368     2.032    an_o_OBUF[2]
    SLICE_X2Y107         FDPE                                         r  an_ff_reg[3]_lopt_replica/D
  -------------------------------------------------------------------    -------------------

                         (clock sys_clk_pin rise edge)
                                                      0.000     0.000 r  
    E3                                                0.000     0.000 r  clk_i (IN)
                         net (fo=0)                   0.000     0.000    clk_i
    E3                   IBUF (Prop_ibuf_I_O)         0.438     0.438 r  clk_i_IBUF_inst/O
                         net (fo=1, routed)           0.699     1.136    clk_i_IBUF
    BUFGCTRL_X0Y16       BUFG (Prop_bufg_I_O)         0.029     1.165 r  clk_i_IBUF_BUFG_inst/O
                         net (fo=27, routed)          0.870     2.035    clk_i_IBUF_BUFG
    SLICE_X2Y107         FDPE                                         r  an_ff_reg[3]_lopt_replica/C
                         clock pessimism             -0.245     1.789    
    SLICE_X2Y107         FDPE (Hold_fdpe_C_D)         0.052     1.841    an_ff_reg[3]_lopt_replica
  -------------------------------------------------------------------
                         required time                         -1.841    
                         arrival time                           2.032    
  -------------------------------------------------------------------
                         slack                                  0.191    

Slack (MET) :             0.225ns  (arrival time - required time)
  Source:                 an_ff_reg[2]/C
                            (rising edge-triggered cell FDPE clocked by sys_clk_pin  {rise@0.000ns fall@5.000ns period=10.000ns})
  Destination:            an_ff_reg[3]/D
                            (rising edge-triggered cell FDPE clocked by sys_clk_pin  {rise@0.000ns fall@5.000ns period=10.000ns})
  Path Group:             sys_clk_pin
  Path Type:              Hold (Min at Fast Process Corner)
  Requirement:            0.000ns  (sys_clk_pin rise@0.000ns - sys_clk_pin rise@0.000ns)
  Data Path Delay:        0.301ns  (logic 0.141ns (46.847%)  route 0.160ns (53.153%))
  Logic Levels:           0  
  Clock Path Skew:        0.017ns (DCD - SCD - CPR)
    Destination Clock Delay (DCD):    2.043ns
    Source Clock Delay      (SCD):    1.523ns
    Clock Pessimism Removal (CPR):    0.502ns

    Location             Delay type                Incr(ns)  Path(ns)    Netlist Resource(s)
  -------------------------------------------------------------------    -------------------
                         (clock sys_clk_pin rise edge)
                                                      0.000     0.000 r  
    E3                                                0.000     0.000 r  clk_i (IN)
                         net (fo=0)                   0.000     0.000    clk_i
    E3                   IBUF (Prop_ibuf_I_O)         0.250     0.250 r  clk_i_IBUF_inst/O
                         net (fo=1, routed)           0.644     0.894    clk_i_IBUF
    BUFGCTRL_X0Y16       BUFG (Prop_bufg_I_O)         0.026     0.920 r  clk_i_IBUF_BUFG_inst/O
                         net (fo=27, routed)          0.604     1.523    clk_i_IBUF_BUFG
    SLICE_X3Y96          FDPE                                         r  an_ff_reg[2]/C
  -------------------------------------------------------------------    -------------------
    SLICE_X3Y96          FDPE (Prop_fdpe_C_Q)         0.141     1.664 r  an_ff_reg[2]/Q
                         net (fo=19, routed)          0.160     1.824    an_o_OBUF[2]
    SLICE_X2Y98          FDPE                                         r  an_ff_reg[3]/D
  -------------------------------------------------------------------    -------------------

                         (clock sys_clk_pin rise edge)
                                                      0.000     0.000 r  
    E3                                                0.000     0.000 r  clk_i (IN)
                         net (fo=0)                   0.000     0.000    clk_i
    E3                   IBUF (Prop_ibuf_I_O)         0.438     0.438 r  clk_i_IBUF_inst/O
                         net (fo=1, routed)           0.699     1.136    clk_i_IBUF
    BUFGCTRL_X0Y16       BUFG (Prop_bufg_I_O)         0.029     1.165 r  clk_i_IBUF_BUFG_inst/O
                         net (fo=27, routed)          0.878     2.043    clk_i_IBUF_BUFG
    SLICE_X2Y98          FDPE                                         r  an_ff_reg[3]/C
                         clock pessimism             -0.502     1.540    
    SLICE_X2Y98          FDPE (Hold_fdpe_C_D)         0.059     1.599    an_ff_reg[3]
  -------------------------------------------------------------------
                         required time                         -1.599    
                         arrival time                           1.824    
  -------------------------------------------------------------------
                         slack                                  0.225    

Slack (MET) :             0.243ns  (arrival time - required time)
  Source:                 counter_ff_reg[8]/C
                            (rising edge-triggered cell FDCE clocked by sys_clk_pin  {rise@0.000ns fall@5.000ns period=10.000ns})
  Destination:            counter_ff_reg[9]/D
                            (rising edge-triggered cell FDCE clocked by sys_clk_pin  {rise@0.000ns fall@5.000ns period=10.000ns})
  Path Group:             sys_clk_pin
  Path Type:              Hold (Min at Fast Process Corner)
  Requirement:            0.000ns  (sys_clk_pin rise@0.000ns - sys_clk_pin rise@0.000ns)
  Data Path Delay:        0.350ns  (logic 0.183ns (52.255%)  route 0.167ns (47.745%))
  Logic Levels:           1  (LUT5=1)
  Clock Path Skew:        0.000ns (DCD - SCD - CPR)
    Destination Clock Delay (DCD):    2.035ns
    Source Clock Delay      (SCD):    1.516ns
    Clock Pessimism Removal (CPR):    0.518ns

    Location             Delay type                Incr(ns)  Path(ns)    Netlist Resource(s)
  -------------------------------------------------------------------    -------------------
                         (clock sys_clk_pin rise edge)
                                                      0.000     0.000 r  
    E3                                                0.000     0.000 r  clk_i (IN)
                         net (fo=0)                   0.000     0.000    clk_i
    E3                   IBUF (Prop_ibuf_I_O)         0.250     0.250 r  clk_i_IBUF_inst/O
                         net (fo=1, routed)           0.644     0.894    clk_i_IBUF
    BUFGCTRL_X0Y16       BUFG (Prop_bufg_I_O)         0.026     0.920 r  clk_i_IBUF_BUFG_inst/O
                         net (fo=27, routed)          0.597     1.516    clk_i_IBUF_BUFG
    SLICE_X1Y108         FDCE                                         r  counter_ff_reg[8]/C
  -------------------------------------------------------------------    -------------------
    SLICE_X1Y108         FDCE (Prop_fdce_C_Q)         0.141     1.657 r  counter_ff_reg[8]/Q
                         net (fo=3, routed)           0.167     1.825    counter_ff_reg[8]
    SLICE_X1Y108         LUT5 (Prop_lut5_I0_O)        0.042     1.867 r  counter_ff[9]_i_1/O
                         net (fo=1, routed)           0.000     1.867    counter_next[9]
    SLICE_X1Y108         FDCE                                         r  counter_ff_reg[9]/D
  -------------------------------------------------------------------    -------------------

                         (clock sys_clk_pin rise edge)
                                                      0.000     0.000 r  
    E3                                                0.000     0.000 r  clk_i (IN)
                         net (fo=0)                   0.000     0.000    clk_i
    E3                   IBUF (Prop_ibuf_I_O)         0.438     0.438 r  clk_i_IBUF_inst/O
                         net (fo=1, routed)           0.699     1.136    clk_i_IBUF
    BUFGCTRL_X0Y16       BUFG (Prop_bufg_I_O)         0.029     1.165 r  clk_i_IBUF_BUFG_inst/O
                         net (fo=27, routed)          0.870     2.035    clk_i_IBUF_BUFG
    SLICE_X1Y108         FDCE                                         r  counter_ff_reg[9]/C
                         clock pessimism             -0.518     1.516    
    SLICE_X1Y108         FDCE (Hold_fdce_C_D)         0.107     1.623    counter_ff_reg[9]
  -------------------------------------------------------------------
                         required time                         -1.623    
                         arrival time                           1.867    
  -------------------------------------------------------------------
                         slack                                  0.243    

Slack (MET) :             0.251ns  (arrival time - required time)
  Source:                 counter_ff_reg[1]/C
                            (rising edge-triggered cell FDCE clocked by sys_clk_pin  {rise@0.000ns fall@5.000ns period=10.000ns})
  Destination:            counter_ff_reg[5]/D
                            (rising edge-triggered cell FDCE clocked by sys_clk_pin  {rise@0.000ns fall@5.000ns period=10.000ns})
  Path Group:             sys_clk_pin
  Path Type:              Hold (Min at Fast Process Corner)
  Requirement:            0.000ns  (sys_clk_pin rise@0.000ns - sys_clk_pin rise@0.000ns)
  Data Path Delay:        0.343ns  (logic 0.186ns (54.277%)  route 0.157ns (45.723%))
  Logic Levels:           1  (LUT6=1)
  Clock Path Skew:        0.000ns (DCD - SCD - CPR)
    Destination Clock Delay (DCD):    2.035ns
    Source Clock Delay      (SCD):    1.516ns
    Clock Pessimism Removal (CPR):    0.518ns

    Location             Delay type                Incr(ns)  Path(ns)    Netlist Resource(s)
  -------------------------------------------------------------------    -------------------
                         (clock sys_clk_pin rise edge)
                                                      0.000     0.000 r  
    E3                                                0.000     0.000 r  clk_i (IN)
                         net (fo=0)                   0.000     0.000    clk_i
    E3                   IBUF (Prop_ibuf_I_O)         0.250     0.250 r  clk_i_IBUF_inst/O
                         net (fo=1, routed)           0.644     0.894    clk_i_IBUF
    BUFGCTRL_X0Y16       BUFG (Prop_bufg_I_O)         0.026     0.920 r  clk_i_IBUF_BUFG_inst/O
                         net (fo=27, routed)          0.597     1.516    clk_i_IBUF_BUFG
    SLICE_X0Y108         FDCE                                         r  counter_ff_reg[1]/C
  -------------------------------------------------------------------    -------------------
    SLICE_X0Y108         FDCE (Prop_fdce_C_Q)         0.141     1.657 r  counter_ff_reg[1]/Q
                         net (fo=7, routed)           0.157     1.814    counter_ff_reg[1]
    SLICE_X0Y108         LUT6 (Prop_lut6_I3_O)        0.045     1.859 r  counter_ff[5]_i_1/O
                         net (fo=1, routed)           0.000     1.859    counter_next[5]
    SLICE_X0Y108         FDCE                                         r  counter_ff_reg[5]/D
  -------------------------------------------------------------------    -------------------

                         (clock sys_clk_pin rise edge)
                                                      0.000     0.000 r  
    E3                                                0.000     0.000 r  clk_i (IN)
                         net (fo=0)                   0.000     0.000    clk_i
    E3                   IBUF (Prop_ibuf_I_O)         0.438     0.438 r  clk_i_IBUF_inst/O
                         net (fo=1, routed)           0.699     1.136    clk_i_IBUF
    BUFGCTRL_X0Y16       BUFG (Prop_bufg_I_O)         0.029     1.165 r  clk_i_IBUF_BUFG_inst/O
                         net (fo=27, routed)          0.870     2.035    clk_i_IBUF_BUFG
    SLICE_X0Y108         FDCE                                         r  counter_ff_reg[5]/C
                         clock pessimism             -0.518     1.516    
    SLICE_X0Y108         FDCE (Hold_fdce_C_D)         0.092     1.608    counter_ff_reg[5]
  -------------------------------------------------------------------
                         required time                         -1.608    
                         arrival time                           1.859    
  -------------------------------------------------------------------
                         slack                                  0.251    

Slack (MET) :             0.251ns  (arrival time - required time)
  Source:                 counter_ff_reg[6]/C
                            (rising edge-triggered cell FDCE clocked by sys_clk_pin  {rise@0.000ns fall@5.000ns period=10.000ns})
  Destination:            counter_ff_reg[7]/D
                            (rising edge-triggered cell FDCE clocked by sys_clk_pin  {rise@0.000ns fall@5.000ns period=10.000ns})
  Path Group:             sys_clk_pin
  Path Type:              Hold (Min at Fast Process Corner)
  Requirement:            0.000ns  (sys_clk_pin rise@0.000ns - sys_clk_pin rise@0.000ns)
  Data Path Delay:        0.382ns  (logic 0.207ns (54.155%)  route 0.175ns (45.845%))
  Logic Levels:           1  (LUT3=1)
  Clock Path Skew:        0.000ns (DCD - SCD - CPR)
    Destination Clock Delay (DCD):    2.035ns
    Source Clock Delay      (SCD):    1.516ns
    Clock Pessimism Removal (CPR):    0.518ns

    Location             Delay type                Incr(ns)  Path(ns)    Netlist Resource(s)
  -------------------------------------------------------------------    -------------------
                         (clock sys_clk_pin rise edge)
                                                      0.000     0.000 r  
    E3                                                0.000     0.000 r  clk_i (IN)
                         net (fo=0)                   0.000     0.000    clk_i
    E3                   IBUF (Prop_ibuf_I_O)         0.250     0.250 r  clk_i_IBUF_inst/O
                         net (fo=1, routed)           0.644     0.894    clk_i_IBUF
    BUFGCTRL_X0Y16       BUFG (Prop_bufg_I_O)         0.026     0.920 r  clk_i_IBUF_BUFG_inst/O
                         net (fo=27, routed)          0.597     1.516    clk_i_IBUF_BUFG
    SLICE_X2Y108         FDCE                                         r  counter_ff_reg[6]/C
  -------------------------------------------------------------------    -------------------
    SLICE_X2Y108         FDCE (Prop_fdce_C_Q)         0.164     1.680 r  counter_ff_reg[6]/Q
                         net (fo=5, routed)           0.175     1.856    counter_ff_reg[6]
    SLICE_X2Y108         LUT3 (Prop_lut3_I0_O)        0.043     1.899 r  counter_ff[7]_i_1/O
                         net (fo=1, routed)           0.000     1.899    counter_next[7]
    SLICE_X2Y108         FDCE                                         r  counter_ff_reg[7]/D
  -------------------------------------------------------------------    -------------------

                         (clock sys_clk_pin rise edge)
                                                      0.000     0.000 r  
    E3                                                0.000     0.000 r  clk_i (IN)
                         net (fo=0)                   0.000     0.000    clk_i
    E3                   IBUF (Prop_ibuf_I_O)         0.438     0.438 r  clk_i_IBUF_inst/O
                         net (fo=1, routed)           0.699     1.136    clk_i_IBUF
    BUFGCTRL_X0Y16       BUFG (Prop_bufg_I_O)         0.029     1.165 r  clk_i_IBUF_BUFG_inst/O
                         net (fo=27, routed)          0.870     2.035    clk_i_IBUF_BUFG
    SLICE_X2Y108         FDCE                                         r  counter_ff_reg[7]/C
                         clock pessimism             -0.518     1.516    
    SLICE_X2Y108         FDCE (Hold_fdce_C_D)         0.131     1.647    counter_ff_reg[7]
  -------------------------------------------------------------------
                         required time                         -1.647    
                         arrival time                           1.899    
  -------------------------------------------------------------------
                         slack                                  0.251    

Slack (MET) :             0.262ns  (arrival time - required time)
  Source:                 counter_ff_reg[8]/C
                            (rising edge-triggered cell FDCE clocked by sys_clk_pin  {rise@0.000ns fall@5.000ns period=10.000ns})
  Destination:            counter_ff_reg[8]/D
                            (rising edge-triggered cell FDCE clocked by sys_clk_pin  {rise@0.000ns fall@5.000ns period=10.000ns})
  Path Group:             sys_clk_pin
  Path Type:              Hold (Min at Fast Process Corner)
  Requirement:            0.000ns  (sys_clk_pin rise@0.000ns - sys_clk_pin rise@0.000ns)
  Data Path Delay:        0.353ns  (logic 0.186ns (52.660%)  route 0.167ns (47.340%))
  Logic Levels:           1  (LUT4=1)
  Clock Path Skew:        0.000ns (DCD - SCD - CPR)
    Destination Clock Delay (DCD):    2.035ns
    Source Clock Delay      (SCD):    1.516ns
    Clock Pessimism Removal (CPR):    0.518ns

    Location             Delay type                Incr(ns)  Path(ns)    Netlist Resource(s)
  -------------------------------------------------------------------    -------------------
                         (clock sys_clk_pin rise edge)
                                                      0.000     0.000 r  
    E3                                                0.000     0.000 r  clk_i (IN)
                         net (fo=0)                   0.000     0.000    clk_i
    E3                   IBUF (Prop_ibuf_I_O)         0.250     0.250 r  clk_i_IBUF_inst/O
                         net (fo=1, routed)           0.644     0.894    clk_i_IBUF
    BUFGCTRL_X0Y16       BUFG (Prop_bufg_I_O)         0.026     0.920 r  clk_i_IBUF_BUFG_inst/O
                         net (fo=27, routed)          0.597     1.516    clk_i_IBUF_BUFG
    SLICE_X1Y108         FDCE                                         r  counter_ff_reg[8]/C
  -------------------------------------------------------------------    -------------------
    SLICE_X1Y108         FDCE (Prop_fdce_C_Q)         0.141     1.657 r  counter_ff_reg[8]/Q
                         net (fo=3, routed)           0.167     1.825    counter_ff_reg[8]
    SLICE_X1Y108         LUT4 (Prop_lut4_I3_O)        0.045     1.870 r  counter_ff[8]_i_1/O
                         net (fo=1, routed)           0.000     1.870    counter_next[8]
    SLICE_X1Y108         FDCE                                         r  counter_ff_reg[8]/D
  -------------------------------------------------------------------    -------------------

                         (clock sys_clk_pin rise edge)
                                                      0.000     0.000 r  
    E3                                                0.000     0.000 r  clk_i (IN)
                         net (fo=0)                   0.000     0.000    clk_i
    E3                   IBUF (Prop_ibuf_I_O)         0.438     0.438 r  clk_i_IBUF_inst/O
                         net (fo=1, routed)           0.699     1.136    clk_i_IBUF
    BUFGCTRL_X0Y16       BUFG (Prop_bufg_I_O)         0.029     1.165 r  clk_i_IBUF_BUFG_inst/O
                         net (fo=27, routed)          0.870     2.035    clk_i_IBUF_BUFG
    SLICE_X1Y108         FDCE                                         r  counter_ff_reg[8]/C
                         clock pessimism             -0.518     1.516    
    SLICE_X1Y108         FDCE (Hold_fdce_C_D)         0.091     1.607    counter_ff_reg[8]
  -------------------------------------------------------------------
                         required time                         -1.607    
                         arrival time                           1.870    
  -------------------------------------------------------------------
                         slack                                  0.262    

Slack (MET) :             0.264ns  (arrival time - required time)
  Source:                 an_ff_reg[7]/C
                            (rising edge-triggered cell FDPE clocked by sys_clk_pin  {rise@0.000ns fall@5.000ns period=10.000ns})
  Destination:            an_ff_reg[0]/D
                            (rising edge-triggered cell FDCE clocked by sys_clk_pin  {rise@0.000ns fall@5.000ns period=10.000ns})
  Path Group:             sys_clk_pin
  Path Type:              Hold (Min at Fast Process Corner)
  Requirement:            0.000ns  (sys_clk_pin rise@0.000ns - sys_clk_pin rise@0.000ns)
  Data Path Delay:        0.323ns  (logic 0.164ns (50.846%)  route 0.159ns (49.154%))
  Logic Levels:           0  
  Clock Path Skew:        0.000ns (DCD - SCD - CPR)
    Destination Clock Delay (DCD):    2.037ns
    Source Clock Delay      (SCD):    1.518ns
    Clock Pessimism Removal (CPR):    0.518ns

    Location             Delay type                Incr(ns)  Path(ns)    Netlist Resource(s)
  -------------------------------------------------------------------    -------------------
                         (clock sys_clk_pin rise edge)
                                                      0.000     0.000 r  
    E3                                                0.000     0.000 r  clk_i (IN)
                         net (fo=0)                   0.000     0.000    clk_i
    E3                   IBUF (Prop_ibuf_I_O)         0.250     0.250 r  clk_i_IBUF_inst/O
                         net (fo=1, routed)           0.644     0.894    clk_i_IBUF
    BUFGCTRL_X0Y16       BUFG (Prop_bufg_I_O)         0.026     0.920 r  clk_i_IBUF_BUFG_inst/O
                         net (fo=27, routed)          0.599     1.518    clk_i_IBUF_BUFG
    SLICE_X2Y100         FDPE                                         r  an_ff_reg[7]/C
  -------------------------------------------------------------------    -------------------
    SLICE_X2Y100         FDPE (Prop_fdpe_C_Q)         0.164     1.682 r  an_ff_reg[7]/Q
                         net (fo=7, routed)           0.159     1.841    an_o_OBUF[7]
    SLICE_X2Y100         FDCE                                         r  an_ff_reg[0]/D
  -------------------------------------------------------------------    -------------------

                         (clock sys_clk_pin rise edge)
                                                      0.000     0.000 r  
    E3                                                0.000     0.000 r  clk_i (IN)
                         net (fo=0)                   0.000     0.000    clk_i
    E3                   IBUF (Prop_ibuf_I_O)         0.438     0.438 r  clk_i_IBUF_inst/O
                         net (fo=1, routed)           0.699     1.136    clk_i_IBUF
    BUFGCTRL_X0Y16       BUFG (Prop_bufg_I_O)         0.029     1.165 r  clk_i_IBUF_BUFG_inst/O
                         net (fo=27, routed)          0.872     2.037    clk_i_IBUF_BUFG
    SLICE_X2Y100         FDCE                                         r  an_ff_reg[0]/C
                         clock pessimism             -0.518     1.518    
    SLICE_X2Y100         FDCE (Hold_fdce_C_D)         0.059     1.577    an_ff_reg[0]
  -------------------------------------------------------------------
                         required time                         -1.577    
                         arrival time                           1.841    
  -------------------------------------------------------------------
                         slack                                  0.264    

Slack (MET) :             0.264ns  (arrival time - required time)
  Source:                 counter_ff_reg[6]/C
                            (rising edge-triggered cell FDCE clocked by sys_clk_pin  {rise@0.000ns fall@5.000ns period=10.000ns})
  Destination:            counter_ff_reg[6]/D
                            (rising edge-triggered cell FDCE clocked by sys_clk_pin  {rise@0.000ns fall@5.000ns period=10.000ns})
  Path Group:             sys_clk_pin
  Path Type:              Hold (Min at Fast Process Corner)
  Requirement:            0.000ns  (sys_clk_pin rise@0.000ns - sys_clk_pin rise@0.000ns)
  Data Path Delay:        0.384ns  (logic 0.209ns (54.393%)  route 0.175ns (45.607%))
  Logic Levels:           1  (LUT2=1)
  Clock Path Skew:        0.000ns (DCD - SCD - CPR)
    Destination Clock Delay (DCD):    2.035ns
    Source Clock Delay      (SCD):    1.516ns
    Clock Pessimism Removal (CPR):    0.518ns

    Location             Delay type                Incr(ns)  Path(ns)    Netlist Resource(s)
  -------------------------------------------------------------------    -------------------
                         (clock sys_clk_pin rise edge)
                                                      0.000     0.000 r  
    E3                                                0.000     0.000 r  clk_i (IN)
                         net (fo=0)                   0.000     0.000    clk_i
    E3                   IBUF (Prop_ibuf_I_O)         0.250     0.250 r  clk_i_IBUF_inst/O
                         net (fo=1, routed)           0.644     0.894    clk_i_IBUF
    BUFGCTRL_X0Y16       BUFG (Prop_bufg_I_O)         0.026     0.920 r  clk_i_IBUF_BUFG_inst/O
                         net (fo=27, routed)          0.597     1.516    clk_i_IBUF_BUFG
    SLICE_X2Y108         FDCE                                         r  counter_ff_reg[6]/C
  -------------------------------------------------------------------    -------------------
    SLICE_X2Y108         FDCE (Prop_fdce_C_Q)         0.164     1.680 r  counter_ff_reg[6]/Q
                         net (fo=5, routed)           0.175     1.856    counter_ff_reg[6]
    SLICE_X2Y108         LUT2 (Prop_lut2_I1_O)        0.045     1.901 r  counter_ff[6]_i_1/O
                         net (fo=1, routed)           0.000     1.901    counter_next[6]
    SLICE_X2Y108         FDCE                                         r  counter_ff_reg[6]/D
  -------------------------------------------------------------------    -------------------

                         (clock sys_clk_pin rise edge)
                                                      0.000     0.000 r  
    E3                                                0.000     0.000 r  clk_i (IN)
                         net (fo=0)                   0.000     0.000    clk_i
    E3                   IBUF (Prop_ibuf_I_O)         0.438     0.438 r  clk_i_IBUF_inst/O
                         net (fo=1, routed)           0.699     1.136    clk_i_IBUF
    BUFGCTRL_X0Y16       BUFG (Prop_bufg_I_O)         0.029     1.165 r  clk_i_IBUF_BUFG_inst/O
                         net (fo=27, routed)          0.870     2.035    clk_i_IBUF_BUFG
    SLICE_X2Y108         FDCE                                         r  counter_ff_reg[6]/C
                         clock pessimism             -0.518     1.516    
    SLICE_X2Y108         FDCE (Hold_fdce_C_D)         0.120     1.636    counter_ff_reg[6]
  -------------------------------------------------------------------
                         required time                         -1.636    
                         arrival time                           1.901    
  -------------------------------------------------------------------
                         slack                                  0.264    





Pulse Width Checks
--------------------------------------------------------------------------------------
Clock Name:         sys_clk_pin
Waveform(ns):       { 0.000 5.000 }
Period(ns):         10.000
Sources:            { clk_i }

Check Type        Corner  Lib Pin  Reference Pin  Required(ns)  Actual(ns)  Slack(ns)  Location        Pin
Min Period        n/a     BUFG/I   n/a            2.155         10.000      7.845      BUFGCTRL_X0Y16  clk_i_IBUF_BUFG_inst/I
Min Period        n/a     FDCE/C   n/a            1.000         10.000      9.000      SLICE_X2Y100    an_ff_reg[0]/C
Min Period        n/a     FDCE/C   n/a            1.000         10.000      9.000      SLICE_X2Y103    an_ff_reg[0]_lopt_replica/C
Min Period        n/a     FDPE/C   n/a            1.000         10.000      9.000      SLICE_X3Y96     an_ff_reg[1]/C
Min Period        n/a     FDPE/C   n/a            1.000         10.000      9.000      SLICE_X2Y103    an_ff_reg[1]_lopt_replica/C
Min Period        n/a     FDPE/C   n/a            1.000         10.000      9.000      SLICE_X3Y96     an_ff_reg[2]/C
Min Period        n/a     FDPE/C   n/a            1.000         10.000      9.000      SLICE_X3Y96     an_ff_reg[2]_lopt_replica/C
Min Period        n/a     FDPE/C   n/a            1.000         10.000      9.000      SLICE_X2Y98     an_ff_reg[3]/C
Min Period        n/a     FDPE/C   n/a            1.000         10.000      9.000      SLICE_X2Y107    an_ff_reg[3]_lopt_replica/C
Min Period        n/a     FDPE/C   n/a            1.000         10.000      9.000      SLICE_X2Y98     an_ff_reg[4]/C
Low Pulse Width   Slow    FDPE/C   n/a            0.500         5.000       4.500      SLICE_X3Y96     an_ff_reg[1]/C
Low Pulse Width   Slow    FDPE/C   n/a            0.500         5.000       4.500      SLICE_X3Y96     an_ff_reg[2]/C
Low Pulse Width   Slow    FDPE/C   n/a            0.500         5.000       4.500      SLICE_X3Y96     an_ff_reg[2]_lopt_replica/C
Low Pulse Width   Slow    FDPE/C   n/a            0.500         5.000       4.500      SLICE_X2Y107    an_ff_reg[3]_lopt_replica/C
Low Pulse Width   Slow    FDPE/C   n/a            0.500         5.000       4.500      SLICE_X2Y107    an_ff_reg[6]_lopt_replica_2/C
Low Pulse Width   Slow    FDCE/C   n/a            0.500         5.000       4.500      SLICE_X0Y108    counter_ff_reg[0]/C
Low Pulse Width   Slow    FDCE/C   n/a            0.500         5.000       4.500      SLICE_X0Y108    counter_ff_reg[1]/C
Low Pulse Width   Slow    FDCE/C   n/a            0.500         5.000       4.500      SLICE_X0Y108    counter_ff_reg[2]/C
Low Pulse Width   Slow    FDCE/C   n/a            0.500         5.000       4.500      SLICE_X0Y108    counter_ff_reg[3]/C
Low Pulse Width   Slow    FDCE/C   n/a            0.500         5.000       4.500      SLICE_X0Y108    counter_ff_reg[4]/C
High Pulse Width  Slow    FDCE/C   n/a            0.500         5.000       4.500      SLICE_X2Y100    an_ff_reg[0]/C
High Pulse Width  Slow    FDCE/C   n/a            0.500         5.000       4.500      SLICE_X2Y103    an_ff_reg[0]_lopt_replica/C
High Pulse Width  Slow    FDPE/C   n/a            0.500         5.000       4.500      SLICE_X3Y96     an_ff_reg[1]/C
High Pulse Width  Slow    FDPE/C   n/a            0.500         5.000       4.500      SLICE_X2Y103    an_ff_reg[1]_lopt_replica/C
High Pulse Width  Slow    FDPE/C   n/a            0.500         5.000       4.500      SLICE_X3Y96     an_ff_reg[2]/C
High Pulse Width  Slow    FDPE/C   n/a            0.500         5.000       4.500      SLICE_X3Y96     an_ff_reg[2]_lopt_replica/C
High Pulse Width  Fast    FDPE/C   n/a            0.500         5.000       4.500      SLICE_X2Y98     an_ff_reg[3]/C
High Pulse Width  Slow    FDPE/C   n/a            0.500         5.000       4.500      SLICE_X2Y107    an_ff_reg[3]_lopt_replica/C
High Pulse Width  Fast    FDPE/C   n/a            0.500         5.000       4.500      SLICE_X2Y107    an_ff_reg[3]_lopt_replica/C
High Pulse Width  Fast    FDPE/C   n/a            0.500         5.000       4.500      SLICE_X2Y98     an_ff_reg[4]/C



